Component: ARM Compiler 5.06 update 5 (build 528) Tool: armlink [4d35e2]

==============================================================================

Section Cross References

    startup_stm32g474xx.o(RESET) refers to startup_stm32g474xx.o(STACK) for __initial_sp
    startup_stm32g474xx.o(RESET) refers to startup_stm32g474xx.o(.text) for Reset_Handler
    startup_stm32g474xx.o(RESET) refers to stm32g4xx_it.o(i.NMI_Handler) for NMI_Handler
    startup_stm32g474xx.o(RESET) refers to stm32g4xx_it.o(i.HardFault_Handler) for HardFault_Handler
    startup_stm32g474xx.o(RESET) refers to stm32g4xx_it.o(i.MemManage_Handler) for MemManage_Handler
    startup_stm32g474xx.o(RESET) refers to stm32g4xx_it.o(i.BusFault_Handler) for BusFault_Handler
    startup_stm32g474xx.o(RESET) refers to stm32g4xx_it.o(i.UsageFault_Handler) for UsageFault_Handler
    startup_stm32g474xx.o(RESET) refers to stm32g4xx_it.o(i.SVC_Handler) for SVC_Handler
    startup_stm32g474xx.o(RESET) refers to stm32g4xx_it.o(i.DebugMon_Handler) for DebugMon_Handler
    startup_stm32g474xx.o(RESET) refers to stm32g4xx_it.o(i.PendSV_Handler) for PendSV_Handler
    startup_stm32g474xx.o(RESET) refers to stm32g4xx_it.o(i.SysTick_Handler) for SysTick_Handler
    startup_stm32g474xx.o(RESET) refers to stm32g4xx_it.o(i.TIM2_IRQHandler) for TIM2_IRQHandler
    startup_stm32g474xx.o(RESET) refers to stm32g4xx_it.o(i.TIM3_IRQHandler) for TIM3_IRQHandler
    startup_stm32g474xx.o(RESET) refers to stm32g4xx_it.o(i.USART1_IRQHandler) for USART1_IRQHandler
    startup_stm32g474xx.o(RESET) refers to stm32g4xx_it.o(i.USART2_IRQHandler) for USART2_IRQHandler
    startup_stm32g474xx.o(RESET) refers to stm32g4xx_it.o(i.TIM6_DAC_IRQHandler) for TIM6_DAC_IRQHandler
    startup_stm32g474xx.o(RESET) refers to stm32g4xx_it.o(i.TIM7_DAC_IRQHandler) for TIM7_DAC_IRQHandler
    startup_stm32g474xx.o(.text) refers to system_stm32g4xx.o(i.SystemInit) for SystemInit
    startup_stm32g474xx.o(.text) refers to entry.o(.ARM.Collect$$$$00000000) for __main
    main.o(i.SystemClock_Config) refers to memseta.o(.text) for __aeabi_memclr4
    main.o(i.SystemClock_Config) refers to stm32g4xx_hal_pwr_ex.o(i.HAL_PWREx_ControlVoltageScaling) for HAL_PWREx_ControlVoltageScaling
    main.o(i.SystemClock_Config) refers to stm32g4xx_hal_rcc.o(i.HAL_RCC_OscConfig) for HAL_RCC_OscConfig
    main.o(i.SystemClock_Config) refers to stm32g4xx_hal_rcc.o(i.HAL_RCC_ClockConfig) for HAL_RCC_ClockConfig
    main.o(i.main) refers to stm32g4xx_hal.o(i.HAL_Init) for HAL_Init
    main.o(i.main) refers to main.o(i.SystemClock_Config) for SystemClock_Config
    main.o(i.main) refers to gpio.o(i.MX_GPIO_Init) for MX_GPIO_Init
    main.o(i.main) refers to usart.o(i.MX_LPUART1_UART_Init) for MX_LPUART1_UART_Init
    main.o(i.main) refers to usart.o(i.MX_UART4_Init) for MX_UART4_Init
    main.o(i.main) refers to usart.o(i.MX_UART5_Init) for MX_UART5_Init
    main.o(i.main) refers to usart.o(i.MX_USART1_UART_Init) for MX_USART1_UART_Init
    main.o(i.main) refers to usart.o(i.MX_USART2_UART_Init) for MX_USART2_UART_Init
    main.o(i.main) refers to usart.o(i.MX_USART3_UART_Init) for MX_USART3_UART_Init
    main.o(i.main) refers to fdcan.o(i.MX_FDCAN2_Init) for MX_FDCAN2_Init
    main.o(i.main) refers to tim.o(i.MX_TIM3_Init) for MX_TIM3_Init
    main.o(i.main) refers to i2c.o(i.MX_I2C2_Init) for MX_I2C2_Init
    main.o(i.main) refers to tim.o(i.MX_TIM2_Init) for MX_TIM2_Init
    main.o(i.main) refers to tim.o(i.MX_TIM6_Init) for MX_TIM6_Init
    main.o(i.main) refers to tim.o(i.MX_TIM7_Init) for MX_TIM7_Init
    main.o(i.main) refers to stm32g4xx_hal.o(i.HAL_Delay) for HAL_Delay
    main.o(i.main) refers to stm32g4xx_hal_tim.o(i.HAL_TIM_Base_Start_IT) for HAL_TIM_Base_Start_IT
    main.o(i.main) refers to tim.o(.bss) for htim3
    main.o(i.main) refers to my_system.o(.data) for system
    gpio.o(i.MX_GPIO_Init) refers to memseta.o(.text) for __aeabi_memclr4
    gpio.o(i.MX_GPIO_Init) refers to stm32g4xx_hal_gpio.o(i.HAL_GPIO_WritePin) for HAL_GPIO_WritePin
    gpio.o(i.MX_GPIO_Init) refers to stm32g4xx_hal_gpio.o(i.HAL_GPIO_Init) for HAL_GPIO_Init
    fdcan.o(i.HAL_FDCAN_MspDeInit) refers to stm32g4xx_hal_gpio.o(i.HAL_GPIO_DeInit) for HAL_GPIO_DeInit
    fdcan.o(i.HAL_FDCAN_MspInit) refers to memseta.o(.text) for __aeabi_memclr4
    fdcan.o(i.HAL_FDCAN_MspInit) refers to stm32g4xx_hal_rcc_ex.o(i.HAL_RCCEx_PeriphCLKConfig) for HAL_RCCEx_PeriphCLKConfig
    fdcan.o(i.HAL_FDCAN_MspInit) refers to main.o(i.Error_Handler) for Error_Handler
    fdcan.o(i.HAL_FDCAN_MspInit) refers to stm32g4xx_hal_gpio.o(i.HAL_GPIO_Init) for HAL_GPIO_Init
    fdcan.o(i.MX_FDCAN2_Init) refers to stm32g4xx_hal_fdcan.o(i.HAL_FDCAN_Init) for HAL_FDCAN_Init
    fdcan.o(i.MX_FDCAN2_Init) refers to main.o(i.Error_Handler) for Error_Handler
    fdcan.o(i.MX_FDCAN2_Init) refers to fdcan.o(.bss) for .bss
    i2c.o(i.HAL_I2C_MspDeInit) refers to stm32g4xx_hal_gpio.o(i.HAL_GPIO_DeInit) for HAL_GPIO_DeInit
[...]
    i.EnableTorque                           0x0800038c   Section        0  scscl.o(i.EnableTorque)
    i.Error_Handler                          0x08000394   Section        0  main.o(i.Error_Handler)
    i.HAL_DMA_Abort                          0x08000398   Section        0  stm32g4xx_hal_dma.o(i.HAL_DMA_Abort)
    i.HAL_DMA_Abort_IT                       0x08000402   Section        0  stm32g4xx_hal_dma.o(i.HAL_DMA_Abort_IT)
    i.HAL_Delay                              0x0800047c   Section        0  stm32g4xx_hal.o(i.HAL_Delay)
    i.HAL_FDCAN_Init                         0x080004a0   Section        0  stm32g4xx_hal_fdcan.o(i.HAL_FDCAN_Init)
    i.HAL_FDCAN_MspInit                      0x080006b8   Section        0  fdcan.o(i.HAL_FDCAN_MspInit)
    i.HAL_GPIO_Init                          0x08000738   Section        0  stm32g4xx_hal_gpio.o(i.HAL_GPIO_Init)
    i.HAL_GPIO_WritePin                      0x08000980   Section        0  stm32g4xx_hal_gpio.o(i.HAL_GPIO_WritePin)
    i.HAL_GetTick                            0x0800098c   Section        0  stm32g4xx_hal.o(i.HAL_GetTick)
    i.HAL_I2CEx_ConfigAnalogFilter           0x08000998   Section        0  stm32g4xx_hal_i2c_ex.o(i.HAL_I2CEx_ConfigAnalogFilter)
    i.HAL_I2CEx_ConfigDigitalFilter          0x080009ee   Section        0  stm32g4xx_hal_i2c_ex.o(i.HAL_I2CEx_ConfigDigitalFilter)
    i.HAL_I2C_Init                           0x08000a40   Section        0  stm32g4xx_hal_i2c.o(i.HAL_I2C_Init)
    i.HAL_I2C_MspInit                        0x08000afc   Section        0  i2c.o(i.HAL_I2C_MspInit)
    i.HAL_IncTick                            0x08000b7c   Section        0  stm32g4xx_hal.o(i.HAL_IncTick)
    i.HAL_Init                               0x08000b8c   Section        0  stm32g4xx_hal.o(i.HAL_Init)
    i.HAL_InitTick                           0x08000bac   Section        0  stm32g4xx_hal.o(i.HAL_InitTick)
    i.HAL_MspInit                            0x08000bf0   Section        0  stm32g4xx_hal_msp.o(i.HAL_MspInit)
    i.HAL_NVIC_EnableIRQ                     0x08000c20   Section        0  stm32g4xx_hal_cortex.o(i.HAL_NVIC_EnableIRQ)
    i.HAL_NVIC_SetPriority                   0x08000c3c   Section        0  stm32g4xx_hal_cortex.o(i.HAL_NVIC_SetPriority)
    i.HAL_NVIC_SetPriorityGrouping           0x08000c7c   Section        0  stm32g4xx_hal_cortex.o(i.HAL_NVIC_SetPriorityGrouping)
    i.HAL_PWREx_ControlVoltageScaling        0x08000ca0   Section        0  stm32g4xx_hal_pwr_ex.o(i.HAL_PWREx_ControlVoltageScaling)
    i.HAL_PWREx_DisableUCPDDeadBattery       0x08000d5c   Section        0  stm32g4xx_hal_pwr_ex.o(i.HAL_PWREx_DisableUCPDDeadBattery)
    i.HAL_RCCEx_PeriphCLKConfig              0x08000d6c   Section        0  stm32g4xx_hal_rcc_ex.o(i.HAL_RCCEx_PeriphCLKConfig)
    i.HAL_RCC_ClockConfig                    0x0800106c   Section        0  stm32g4xx_hal_rcc.o(i.HAL_RCC_ClockConfig)
    i.HAL_RCC_GetPCLK1Freq                   0x08001248   Section        0  stm32g4xx_hal_rcc.o(i.HAL_RCC_GetPCLK1Freq)
    i.HAL_RCC_GetPCLK2Freq                   0x0800126c   Section        0  stm32g4xx_hal_rcc.o(i.HAL_RCC_GetPCLK2Freq)
    i.HAL_RCC_GetSysClockFreq                0x08001290   Section        0  stm32g4xx_hal_rcc.o(i.HAL_RCC_GetSysClockFreq)
    i.HAL_RCC_OscConfig                      0x080012fc   Section        0  stm32g4xx_hal_rcc.o(i.HAL_RCC_OscConfig)
    i.HAL_RS485Ex_Init                       0x08001700   Section        0  stm32g4xx_hal_uart_ex.o(i.HAL_RS485Ex_Init)
    i.HAL_SYSTICK_Config                     0x0800178c   Section        0  stm32g4xx_hal_cortex.o(i.HAL_SYSTICK_Config)
    i.HAL_TIMEx_Break2Callback               0x080017b4   Section        0  stm32g4xx_hal_tim_ex.o(i.HAL_TIMEx_Break2Callback)
    i.HAL_TIMEx_BreakCallback                0x080017b6   Section        0  stm32g4xx_hal_tim_ex.o(i.HAL_TIMEx_BreakCallback)
    i.HAL_TIMEx_CommutCallback               0x080017b8   Section        0  stm32g4xx_hal_tim_ex.o(i.HAL_TIMEx_CommutCallback)
    i.HAL_TIMEx_DirectionChangeCallback      0x080017ba   Section        0  stm32g4xx_hal_tim_ex.o(i.HAL_TIMEx_DirectionChangeCallback)
    i.HAL_TIMEx_EncoderIndexCallback         0x080017bc   Section        0  stm32g4xx_hal_tim_ex.o(i.HAL_TIMEx_EncoderIndexCallback)
    i.HAL_TIMEx_IndexErrorCallback           0x080017be   Section        0  stm32g4xx_hal_tim_ex.o(i.HAL_TIMEx_IndexErrorCallback)
    i.HAL_TIMEx_MasterConfigSynchronization  0x080017c0   Section        0  stm32g4xx_hal_tim_ex.o(i.HAL_TIMEx_MasterConfigSynchronization)
    i.HAL_TIMEx_TransitionErrorCallback      0x08001878   Section        0  stm32g4xx_hal_tim_ex.o(i.HAL_TIMEx_TransitionErrorCallback)
    i.HAL_TIM_Base_Init                      0x0800187a   Section        0  stm32g4xx_hal_tim.o(i.HAL_TIM_Base_Init)
    i.HAL_TIM_Base_MspInit                   0x080018dc   Section        0  tim.o(i.HAL_TIM_Base_MspInit)
    i.HAL_TIM_Base_Start_IT                  0x0800198c   Section        0  stm32g4xx_hal_tim.o(i.HAL_TIM_Base_Start_IT)
    i.HAL_TIM_ConfigClockSource              0x08001a18   Section        0  stm32g4xx_hal_tim.o(i.HAL_TIM_ConfigClockSource)
    i.HAL_TIM_IC_CaptureCallback             0x08001b08   Section        0  stm32g4xx_hal_tim.o(i.HAL_TIM_IC_CaptureCallback)
    i.HAL_TIM_IRQHandler                     0x08001b0a   Section        0  stm32g4xx_hal_tim.o(i.HAL_TIM_IRQHandler)
    i.HAL_TIM_OC_DelayElapsedCallback        0x08001cac   Section        0  stm32g4xx_hal_tim.o(i.HAL_TIM_OC_DelayElapsedCallback)
    i.HAL_TIM_PWM_PulseFinishedCallback      0x08001cae   Section        0  stm32g4xx_hal_tim.o(i.HAL_TIM_PWM_PulseFinishedCallback)
    i.HAL_TIM_PeriodElapsedCallback          0x08001cb0   Section        0  tim.o(i.HAL_TIM_PeriodElapsedCallback)
    i.HAL_TIM_TriggerCallback                0x08001d0c   Section        0  stm32g4xx_hal_tim.o(i.HAL_TIM_TriggerCallback)
    i.HAL_UARTEx_DisableFifoMode             0x08001d0e   Section        0  stm32g4xx_hal_uart_ex.o(i.HAL_UARTEx_DisableFifoMode)
    i.HAL_UARTEx_RxEventCallback             0x08001d4c   Section        0  stm32g4xx_hal_uart.o(i.HAL_UARTEx_RxEventCallback)
    i.HAL_UARTEx_RxFifoFullCallback          0x08001d4e   Section        0  stm32g4xx_hal_uart_ex.o(i.HAL_UARTEx_RxFifoFullCallback)
    i.HAL_UARTEx_SetRxFifoThreshold          0x08001d50   Section        0  stm32g4xx_hal_uart_ex.o(i.HAL_UARTEx_SetRxFifoThreshold)
    i.HAL_UARTEx_SetTxFifoThreshold          0x08001d9c   Section        0  stm32g4xx_hal_uart_ex.o(i.HAL_UARTEx_SetTxFifoThreshold)
    i.HAL_UARTEx_TxFifoEmptyCallback         0x08001de8   Section        0  stm32g4xx_hal_uart_ex.o(i.HAL_UARTEx_TxFifoEmptyCallback)
    i.HAL_UARTEx_WakeupCallback              0x08001dea   Section        0  stm32g4xx_hal_uart_ex.o(i.HAL_UARTEx_WakeupCallback)
    i.HAL_UART_ErrorCallback                 0x08001dec   Section        0  stm32g4xx_hal_uart.o(i.HAL_UART_ErrorCallback)
    i.HAL_UART_IRQHandler                    0x08001df0   Section        0  stm32g4xx_hal_uart.o(i.HAL_UART_IRQHandler)
    i.HAL_UART_Init                          0x0800210c   Section        0  stm32g4xx_hal_uart.o(i.HAL_UART_Init)
    i.HAL_UART_MspInit                       0x08002178   Section        0  usart.o(i.HAL_UART_MspInit)
    i.HAL_UART_Receive                       0x080023f8   Section        0  stm32g4xx_hal_uart.o(i.HAL_UART_Receive)
    i.HAL_UART_Receive_IT                    0x080024e0   Section        0  stm32g4xx_hal_uart.o(i.HAL_UART_Receive_IT)
    i.HAL_UART_RxCpltCallback                0x08002528   Section        0  modbus_slave.o(i.HAL_UART_RxCpltCallback)
    i.HAL_UART_Transmit                      0x0800257c   Section        0  stm32g4xx_hal_uart.o(i.HAL_UART_Transmit)
    i.HAL_UART_TxCpltCallback                0x0800262a   Section        0  stm32g4xx_hal_uart.o(i.HAL_UART_TxCpltCallback)
    i.HardFault_Handler                      0x0800262c   Section        0  stm32g4xx_it.o(i.HardFault_Handler)
    i.Host2SCS                               0x08002630   Section        0  scs.o(i.Host2SCS)
    i.LAS10_QueryStatus_Dev                  0x08002650   Section        0  las10_bridge.o(i.LAS10_QueryStatus_Dev)
    i.LAS10_SendMC_Dev                       0x0800265a   Section        0  las10_bridge.o(i.LAS10_SendMC_Dev)
    i.LAS10_SetGoalPos_Dev                   0x08002706   Section        0  las10_bridge.o(i.LAS10_SetGoalPos_Dev)
    i.LASM_Add                               0x080027bc   Section        0  las10_bridge.o(i.LASM_Add)
    i.LASM_ClearAll                          0x080027f8   Section        0  las10_bridge.o(i.LASM_ClearAll)
    i.LASM_FindByAddr                        0x08002814   Section        0  las10_bridge.o(i.LASM_FindByAddr)
    i.LASM_OnReadMaybeRefresh                0x0800285c   Section        0  las10_bridge.o(i.LASM_OnReadMaybeRefresh)
    i.LASM_OnWriteBlock                      0x080028c4   Section        0  las10_bridge.o(i.LASM_OnWriteBlock)
    i.LASM_OnWriteSingle                     0x080028ec   Section        0  las10_bridge.o(i.LASM_OnWriteSingle)
    i.LED_TEST                               0x08002ab8   Section        0  modbus_slave.o(i.LED_TEST)
    i.MODBUS_ERROR                           0x08002ae4   Section        0  modbus_slave.o(i.MODBUS_ERROR)
    i.MODBUS_EVENT_PRO                       0x08002b2c   Section        0  modbus_slave.o(i.MODBUS_EVENT_PRO)
    i.MODBUS_FUNCTION_03                     0x08002ba8   Section        0  modbus_slave.o(i.MODBUS_FUNCTION_03)
    i.MODBUS_FUNCTION_06                     0x08002c64   Section        0  modbus_slave.o(i.MODBUS_FUNCTION_06)
    i.MODBUS_FUNCTION_10                     0x08002d00   Section        0  modbus_slave.o(i.MODBUS_FUNCTION_10)
    i.MODBUS_Init                            0x08002de4   Section        0  modbus_slave.o(i.MODBUS_Init)
    i.MX_FDCAN2_Init                         0x08002e98   Section        0  fdcan.o(i.MX_FDCAN2_Init)
    i.MX_GPIO_Init                           0x08002ee4   Section        0  gpio.o(i.MX_GPIO_Init)
    i.MX_I2C2_Init                           0x08002f70   Section        0  i2c.o(i.MX_I2C2_Init)
    i.MX_LPUART1_UART_Init                   0x08002fc8   Section        0  usart.o(i.MX_LPUART1_UART_Init)
    i.MX_TIM2_Init                           0x0800302c   Section        0  tim.o(i.MX_TIM2_Init)
    i.MX_TIM3_Init                           0x08003094   Section        0  tim.o(i.MX_TIM3_Init)
    i.MX_TIM6_Init                           0x08003100   Section        0  tim.o(i.MX_TIM6_Init)
    i.MX_TIM7_Init                           0x08003148   Section        0  tim.o(i.MX_TIM7_Init)
    i.MX_UART4_Init                          0x08003190   Section        0  usart.o(i.MX_UART4_Init)
    i.MX_UART5_Init                          0x080031f8   Section        0  usart.o(i.MX_UART5_Init)
    i.MX_USART1_UART_Init                    0x08003260   Section        0  usart.o(i.MX_USART1_UART_Init)
    i.MX_USART2_UART_Init                    0x080032c8   Section        0  usart.o(i.MX_USART2_UART_Init)
    i.MX_USART3_UART_Init                    0x0800333c   Section        0  usart.o(i.MX_USART3_UART_Init)
    i.MY_UART_SendByte                       0x080033a4   Section        0  modbus_slave.o(i.MY_UART_SendByte)
    i.MemManage_Handler                      0x080033bc   Section        0  stm32g4xx_it.o(i.MemManage_Handler)
    i.NMI_Handler                            0x080033be   Section        0  stm32g4xx_it.o(i.NMI_Handler)
    i.PendSV_Handler                         0x080033c0   Section        0  stm32g4xx_it.o(i.PendSV_Handler)
    i.Per_Init                               0x080033c2   Section        0  my_system.o(i.Per_Init)
    Per_Init                                 0x080033c3   Thumb Code    14  my_system.o(i.Per_Init)
    i.Read                                   0x080033d0   Section        0  scs.o(i.Read)
    i.ReadCurrent                            0x0800349c   Section        0  scscl.o(i.ReadCurrent)
    i.ReadLoad                               0x080034c8   Section        0  scscl.o(i.ReadLoad)
    i.ReadPos                                0x080034f4   Section        0  scscl.o(i.ReadPos)
    i.ReadSpeed                              0x08003520   Section        0  scscl.o(i.ReadSpeed)
    i.ReadTemper                             0x0800354c   Section        0  scscl.o(i.ReadTemper)
    i.ReadVoltage                            0x08003564   Section        0  scscl.o(i.ReadVoltage)
    i.SCS2Host                               0x0800357c   Section        0  scs.o(i.SCS2Host)
    i.SCS_Bridge_Init                        0x08003594   Section        0  scs_modbus_bridge.o(i.SCS_Bridge_Init)
    i.SCS_Bridge_OnWrite                     0x080035d0   Section        0  scs_modbus_bridge.o(i.SCS_Bridge_OnWrite)
    i.SCS_Bridge_Poll_20ms                   0x08003798   Section        0  scs_modbus_bridge.o(i.SCS_Bridge_Poll_20ms)
    i.SCS_ExecWritePosN                      0x08003904   Section        0  scs_modbus_bridge.o(i.SCS_ExecWritePosN)
    i.SCS_GoAngleDeg                         0x08003974   Section        0  scs_modbus_bridge.o(i.SCS_GoAngleDeg)
    SCS_GoAngleDeg                           0x08003975   Thumb Code   104  scs_modbus_bridge.o(i.SCS_GoAngleDeg)
    i.SCS_LoopStartNow                       0x080039e4   Section        0  scs_modbus_bridge.o(i.SCS_LoopStartNow)
    SCS_LoopStartNow                         0x080039e5   Thumb Code    42  scs_modbus_bridge.o(i.SCS_LoopStartNow)
    i.SVC_Handler                            0x08003a18   Section        0  stm32g4xx_it.o(i.SVC_Handler)
    i.SysTick_Handler                        0x08003a1a   Section        0  stm32g4xx_it.o(i.SysTick_Handler)
    i.SystemClock_Config                     0x08003a1e   Section        0  main.o(i.SystemClock_Config)
    i.SystemInit                             0x08003a88   Section        0  system_stm32g4xx.o(i.SystemInit)
    i.System_Run                             0x08003a98   Section        0  my_system.o(i.System_Run)
    System_Run                               0x08003a99   Thumb Code    28  my_system.o(i.System_Run)
    i.TIM2_IRQHandler                        0x08003abc   Section        0  stm32g4xx_it.o(i.TIM2_IRQHandler)
    i.TIM3_IRQHandler                        0x08003ac8   Section        0  stm32g4xx_it.o(i.TIM3_IRQHandler)
    i.TIM6_DAC_IRQHandler                    0x08003ad4   Section        0  stm32g4xx_it.o(i.TIM6_DAC_IRQHandler)
    i.TIM7_DAC_IRQHandler                    0x08003ae0   Section        0  stm32g4xx_it.o(i.TIM7_DAC_IRQHandler)
    i.TIM_Base_SetConfig                     0x08003aec   Section        0  stm32g4xx_hal_tim.o(i.TIM_Base_SetConfig)
    i.TIM_ETR_SetConfig                      0x08003bd0   Section        0  stm32g4xx_hal_tim.o(i.TIM_ETR_SetConfig)
    i.TIM_ITRx_SetConfig                     0x08003be4   Section        0  stm32g4xx_hal_tim.o(i.TIM_ITRx_SetConfig)
    TIM_ITRx_SetConfig                       0x08003be5   Thumb Code    16  stm32g4xx_hal_tim.o(i.TIM_ITRx_SetConfig)
    i.TIM_TI1_ConfigInputStage               0x08003bf8   Section        0  stm32g4xx_hal_tim.o(i.TIM_TI1_ConfigInputStage)
    TIM_TI1_ConfigInputStage                 0x08003bf9   Thumb Code    34  stm32g4xx_hal_tim.o(i.TIM_TI1_ConfigInputStage)
    i.TIM_TI2_ConfigInputStage               0x08003c1a   Section        0  stm32g4xx_hal_tim.o(i.TIM_TI2_ConfigInputStage)
    TIM_TI2_ConfigInputStage                 0x08003c1b   Thumb Code    36  stm32g4xx_hal_tim.o(i.TIM_TI2_ConfigInputStage)
    i.UARTEx_SetNbDataToProcess              0x08003c40   Section        0  stm32g4xx_hal_uart_ex.o(i.UARTEx_SetNbDataToProcess)
    UARTEx_SetNbDataToProcess                0x08003c41   Thumb Code    62  stm32g4xx_hal_uart_ex.o(i.UARTEx_SetNbDataToProcess)
    i.UART_AdvFeatureConfig                  0x08003c84   Section        0  stm32g4xx_hal_uart.o(i.UART_AdvFeatureConfig)
    i.UART_CheckIdleState                    0x08003d4c   Section        0  stm32g4xx_hal_uart.o(i.UART_CheckIdleState)
    i.UART_DMAAbortOnError                   0x08003df8   Section        0  stm32g4xx_hal_uart.o(i.UART_DMAAbortOnError)
    UART_DMAAbortOnError                     0x08003df9   Thumb Code    16  stm32g4xx_hal_uart.o(i.UART_DMAAbortOnError)
    i.UART_EndRxTransfer                     0x08003e08   Section        0  stm32g4xx_hal_uart.o(i.UART_EndRxTransfer)
    UART_EndRxTransfer                       0x08003e09   Thumb Code    78  stm32g4xx_hal_uart.o(i.UART_EndRxTransfer)
    i.UART_RxISR_16BIT                       0x08003e5c   Section        0  stm32g4xx_hal_uart.o(i.UART_RxISR_16BIT)
    UART_RxISR_16BIT                         0x08003e5d   Thumb Code   196  stm32g4xx_hal_uart.o(i.UART_RxISR_16BIT)
    i.UART_RxISR_16BIT_FIFOEN                0x08003f24   Section        0  stm32g4xx_hal_uart.o(i.UART_RxISR_16BIT_FIFOEN)
    UART_RxISR_16BIT_FIFOEN                  0x08003f25   Thumb Code   402  stm32g4xx_hal_uart.o(i.UART_RxISR_16BIT_FIFOEN)
    i.UART_RxISR_8BIT                        0x080040c4   Section        0  stm32g4xx_hal_uart.o(i.UART_RxISR_8BIT)
    UART_RxISR_8BIT                          0x080040c5   Thumb Code   196  stm32g4xx_hal_uart.o(i.UART_RxISR_8BIT)
    i.UART_RxISR_8BIT_FIFOEN                 0x0800418c   Section        0  stm32g4xx_hal_uart.o(i.UART_RxISR_8BIT_FIFOEN)
    UART_RxISR_8BIT_FIFOEN                   0x0800418d   Thumb Code   402  stm32g4xx_hal_uart.o(i.UART_RxISR_8BIT_FIFOEN)
    i.UART_SetConfig                         0x0800432c   Section        0  stm32g4xx_hal_uart.o(i.UART_SetConfig)
    i.UART_Start_Receive_IT                  0x080045c4   Section        0  stm32g4xx_hal_uart.o(i.UART_Start_Receive_IT)
    i.UART_WaitOnFlagUntilTimeout            0x080046d4   Section        0  stm32g4xx_hal_uart.o(i.UART_WaitOnFlagUntilTimeout)
    i.USART1_IRQHandler                      0x08004768   Section        0  stm32g4xx_it.o(i.USART1_IRQHandler)
    i.USART2_IRQHandler                      0x08004774   Section        0  stm32g4xx_it.o(i.USART2_IRQHandler)
    i.UsageFault_Handler                     0x08004780   Section        0  stm32g4xx_it.o(i.UsageFault_Handler)
    i.WritePos                               0x08004782   Section        0  scscl.o(i.WritePos)
    i.__NVIC_SetPriority                     0x080047bc   Section        0  stm32g4xx_hal_cortex.o(i.__NVIC_SetPriority)
    __NVIC_SetPriority                       0x080047bd   Thumb Code    32  stm32g4xx_hal_cortex.o(i.__NVIC_SetPriority)
    i.__scatterload_copy                     0x080047dc   Section       14  handlers.o(i.__scatterload_copy)
    i.__scatterload_null                     0x080047ea   Section        2  handlers.o(i.__scatterload_null)
    i.__scatterload_zeroinit                 0x080047ec   Section       14  handlers.o(i.__scatterload_zeroinit)
    i.checkHead                              0x080047fa   Section        0  scs.o(i.checkHead)
    i.crc16                                  0x08004834   Section        0  modbus_slave.o(i.crc16)
    i.ftBus_Delay                            0x08004860   Section        0  scs_port_hal.o(i.ftBus_Delay)
    i.ftUart_Read                            0x08004868   Section        0  scs_port_hal.o(i.ftUart_Read)
    i.ftUart_Send                            0x08004888   Section        0  scs_port_hal.o(i.ftUart_Send)
    i.genWrite                               0x0800489c   Section        0  scs.o(i.genWrite)
    i.las_checksum                           0x080048c8   Section        0  las10_bridge.o(i.las_checksum)
    las_checksum                             0x080048c9   Thumb Code    24  las10_bridge.o(i.las_checksum)
    i.las_parse_status                       0x080048e0   Section        0  las10_bridge.o(i.las_parse_status)
    las_parse_status                         0x080048e1   Thumb Code    60  las10_bridge.o(i.las_parse_status)
    i.las_recv_frame_on                      0x0800491c   Section        0  las10_bridge.o(i.las_recv_frame_on)
    las_recv_frame_on                        0x0800491d   Thumb Code   176  las10_bridge.o(i.las_recv_frame_on)
    i.las_status_to_regs_at                  0x080049cc   Section        0  las10_bridge.o(i.las_status_to_regs_at)
    las_status_to_regs_at                    0x080049cd   Thumb Code    36  las10_bridge.o(i.las_status_to_regs_at)
    i.las_txrx                               0x080049f4   Section        0  las10_bridge.o(i.las_txrx)
    las_txrx                                 0x080049f5   Thumb Code   108  las10_bridge.o(i.las_txrx)
    i.main                                   0x08004a60   Section        0  main.o(i.main)
    i.rFlushSCS                              0x08004ad0   Section        0  scserail.o(i.rFlushSCS)
    i.readByte                               0x08004ad4   Section        0  scs.o(i.readByte)
    i.readSCS                                0x08004aee   Section        0  scserail.o(i.readSCS)
    i.readWord                               0x08004af2   Section        0  scs.o(i.readWord)
    i.recv_byte_on                           0x08004b16   Section        0  las10_bridge.o(i.recv_byte_on)
    recv_byte_on                             0x08004b17   Thumb Code    20  las10_bridge.o(i.recv_byte_on)
    i.setEnd                                 0x08004b2c   Section        0  scs.o(i.setEnd)
    i.sid                                    0x08004b38   Section        0  scs_modbus_bridge.o(i.sid)
    sid                                      0x08004b39   Thumb Code    14  scs_modbus_bridge.o(i.sid)
    i.wFlushSCS                              0x08004b4c   Section        0  scserail.o(i.wFlushSCS)
    i.writeBuf                               0x08004b6c   Section        0  scs.o(i.writeBuf)
    i.writeByte                              0x08004c00   Section        0  scs.o(i.writeByte)
    i.writeSCS                               0x08004c2c   Section        0  scserail.o(i.writeSCS)
    .constdata                               0x08004c54   Section       24  stm32g4xx_hal_uart.o(.constdata)
    .constdata                               0x08004c6c   Section       16  stm32g4xx_hal_uart_ex.o(.constdata)
    numerator                                0x08004c6c   Data           8  stm32g4xx_hal_uart_ex.o(.constdata)
    denominator                              0x08004c74   Data           8  stm32g4xx_hal_uart_ex.o(.constdata)
    .constdata                               0x08004c7c   Section       16  system_stm32g4xx.o(.constdata)
    .constdata                               0x08004c8c   Section        8  system_stm32g4xx.o(.constdata)
    .constdata                               0x08004c94   Section      512  modbus_slave.o(.constdata)
    .data                                    0x20000000   Section        1  main.o(.data)
    .data                                    0x20000002   Section        2  tim.o(.data)
    n                                        0x20000002   Data           2  tim.o(.data)
    .data                                    0x20000004   Section       12  stm32g4xx_hal.o(.data)
    .data                                    0x20000010   Section        4  system_stm32g4xx.o(.data)
    .data                                    0x20000014   Section        8  my_system.o(.data)
    .data                                    0x2000001c   Section        1  my_system.o(.data)
    .data                                    0x20000020   Section       20  scs.o(.data)
    Level                                    0x20000020   Data           1  scs.o(.data)
    End                                      0x20000021   Data           1  scs.o(.data)
    u8Status                                 0x20000022   Data           1  scs.o(.data)
    u8Error                                  0x20000023   Data           1  scs.o(.data)
    .data                                    0x20000034   Section       12  scs_modbus_bridge.o(.data)
    tick                                     0x20000034   Data           4  scs_modbus_bridge.o(.data)
    s_loop                                   0x20000038   Data           8  scs_modbus_bridge.o(.data)
    .data                                    0x20000040   Section        1  scserail.o(.data)
    .data                                    0x20000042   Section       14  las10_bridge.o(.data)
    g_dev_count                              0x20000042   Data           1  las10_bridge.o(.data)
    s_las_id                                 0x20000043   Data           1  las10_bridge.o(.data)
    s_goal_echo                              0x20000044   Data           2  las10_bridge.o(.data)
    g_grp_mask                               0x20000046   Data           2  las10_bridge.o(.data)
    g_grp_pos                                0x20000048   Data           8  las10_bridge.o(.data)
    .bss                                     0x20000050   Section      100  fdcan.o(.bss)
    .bss                                     0x200000b4   Section       84  i2c.o(.bss)
    .bss                                     0x20000108   Section      888  usart.o(.bss)
    .bss                                     0x20000480   Section      304  tim.o(.bss)
    .bss                                     0x200005b0   Section     2330  modbus_slave.o(.bss)
    .bss                                     0x20000eca   Section       15  scscl.o(.bss)
    Mem                                      0x20000eca   Data          15  scscl.o(.bss)
    .bss                                     0x20000ed9   Section      128  scserail.o(.bss)
    .bss                                     0x20000f5c   Section      112  las10_bridge.o(.bss)
    STACK                                    0x20000fd0   Section     1024  startup_stm32g474xx.o(STACK)

    Global Symbols

    Symbol Name                              Value     Ov Type        Size  Object(Section)

    BuildAttributes$$THM_ISAv4$E$P$D$K$B$S$7EM$VFPi3$EXTD16$VFPS$VFMA$PE$A:L22UL41UL21$X:L11$S22US41US21$IEEE1$IW$USESV6$~STKCKD$USESV7$~SHL$OSPACE$ROPI$EBA8$MICROLIB$REQ8$PRES8$EABIv2 0x00000000   Number         0  anon$$obj.o ABSOLUTE
    __ARM_use_no_argv                        0x00000000   Number         0  main.o ABSOLUTE
    _printf_a                                0x00000000   Number         0  stubs.o ABSOLUTE
    _printf_c                                0x00000000   Number         0  stubs.o ABSOLUTE
    _printf_charcount                        0x00000000   Number         0  stubs.o ABSOLUTE
    _printf_d                                0x00000000   Number         0  stubs.o ABSOLUTE
    _printf_e                                0x00000000   Number         0  stubs.o ABSOLUTE
    _printf_f                                0x00000000   Number         0  stubs.o ABSOLUTE
    _printf_flags                            0x00000000   Number         0  stubs.o ABSOLUTE
    _printf_fp_dec                           0x00000000   Number         0  stubs.o ABSOLUTE
    _printf_fp_hex                           0x00000000   Number         0  stubs.o ABSOLUTE
    _printf_g                                0x00000000   Number         0  stubs.o ABSOLUTE
    _printf_i                                0x00000000   Number         0  stubs.o ABSOLUTE
    _printf_int_dec                          0x00000000   Number         0  stubs.o ABSOLUTE
    _printf_l                                0x00000000   Number         0  stubs.o ABSOLUTE
    _printf_lc                               0x00000000   Number         0  stubs.o ABSOLUTE
    _printf_ll                               0x00000000   Number         0  stubs.o ABSOLUTE
    _printf_lld                              0x00000000   Number         0  stubs.o ABSOLUTE
    _printf_lli                              0x00000000   Number         0  stubs.o ABSOLUTE
    _printf_llo                              0x00000000   Number         0  stubs.o ABSOLUTE
    _printf_llu                              0x00000000   Number         0  stubs.o ABSOLUTE
    _printf_llx                              0x00000000   Number         0  stubs.o ABSOLUTE
    _printf_longlong_dec                     0x00000000   Number         0  stubs.o ABSOLUTE
    _printf_longlong_hex                     0x00000000   Number         0  stubs.o ABSOLUTE
    _printf_longlong_oct                     0x00000000   Number         0  stubs.o ABSOLUTE
    _printf_ls                               0x00000000   Number         0  stubs.o ABSOLUTE
    _printf_mbtowc                           0x00000000   Number         0  stubs.o ABSOLUTE
    _printf_n                                0x00000000   Number         0  stubs.o ABSOLUTE
    _printf_o                                0x00000000   Number         0  stubs.o ABSOLUTE
    _printf_p                                0x00000000   Number         0  stubs.o ABSOLUTE
    _printf_percent                          0x00000000   Number         0  stubs.o ABSOLUTE
    _printf_pre_padding                      0x00000000   Number         0  stubs.o ABSOLUTE
    _printf_return_value                     0x00000000   Number         0  stubs.o ABSOLUTE
    _printf_s                                0x00000000   Number         0  stubs.o ABSOLUTE
    _printf_sizespec                         0x00000000   Number         0  stubs.o ABSOLUTE
    _printf_str                              0x00000000   Number         0  stubs.o ABSOLUTE
    _printf_truncate_signed                  0x00000000   Number         0  stubs.o ABSOLUTE
    _printf_truncate_unsigned                0x00000000   Number         0  stubs.o ABSOLUTE
    _printf_u                                0x00000000   Number         0  stubs.o ABSOLUTE
    _printf_wc                               0x00000000   Number         0  stubs.o ABSOLUTE
    _printf_wctomb                           0x00000000   Number         0  stubs.o ABSOLUTE
    _printf_widthprec                        0x00000000   Number         0  stubs.o ABSOLUTE
    _printf_x                                0x00000000   Number         0  stubs.o ABSOLUTE
    __cpp_initialize__aeabi_                  - Undefined Weak Reference
    __cxa_finalize                            - Undefined Weak Reference
    __decompress                              - Undefined Weak Reference
    _clock_init                               - Undefined Weak Reference
    _microlib_exit                            - Undefined Weak Reference
    __Vectors_Size                           0x000001d8   Number         0  startup_stm32g474xx.o ABSOLUTE
    __Vectors                                0x08000000   Data           4  startup_stm32g474xx.o(RESET)
    __Vectors_End                            0x080001d8   Data           0  startup_stm32g474xx.o(RESET)
    __main                                   0x080001d9   Thumb Code     0  entry.o(.ARM.Collect$$$$00000000)
    _main_stk                                0x080001d9   Thumb Code     0  entry2.o(.ARM.Collect$$$$00000001)
    _main_scatterload                        0x080001dd   Thumb Code     0  entry5.o(.ARM.Collect$$$$00000004)
    __main_after_scatterload                 0x080001e1   Thumb Code     0  entry5.o(.ARM.Collect$$$$00000004)
    _main_clock                              0x080001e1   Thumb Code     0  entry7b.o(.ARM.Collect$$$$00000008)
    _main_cpp_init                           0x080001e1   Thumb Code     0  entry8b.o(.ARM.Collect$$$$0000000A)
    _main_init                               0x080001e1   Thumb Code     0  entry9a.o(.ARM.Collect$$$$0000000B)
    __rt_final_cpp                           0x080001e9   Thumb Code     0  entry10a.o(.ARM.Collect$$$$0000000D)
    __rt_final_exit                          0x080001e9   Thumb Code     0  entry11a.o(.ARM.Collect$$$$0000000F)
    Reset_Handler                            0x080001ed   Thumb Code     8  startup_stm32g474xx.o(.text)
    ADC1_2_IRQHandler                        0x08000207   Thumb Code     0  startup_stm32g474xx.o(.text)
    ADC3_IRQHandler                          0x08000207   Thumb Code     0  startup_stm32g474xx.o(.text)
    ADC4_IRQHandler                          0x08000207   Thumb Code     0  startup_stm32g474xx.o(.text)
    ADC5_IRQHandler                          0x08000207   Thumb Code     0  startup_stm32g474xx.o(.text)
    COMP1_2_3_IRQHandler                     0x08000207   Thumb Code     0  startup_stm32g474xx.o(.text)
    COMP4_5_6_IRQHandler                     0x08000207   Thumb Code     0  startup_stm32g474xx.o(.text)
    COMP7_IRQHandler                         0x08000207   Thumb Code     0  startup_stm32g474xx.o(.text)
    CORDIC_IRQHandler                        0x08000207   Thumb Code     0  startup_stm32g474xx.o(.text)
    CRS_IRQHandler                           0x08000207   Thumb Code     0  startup_stm32g474xx.o(.text)
    DMA1_Channel1_IRQHandler                 0x08000207   Thumb Code     0  startup_stm32g474xx.o(.text)
    DMA1_Channel2_IRQHandler                 0x08000207   Thumb Code     0  startup_stm32g474xx.o(.text)
    DMA1_Channel3_IRQHandler                 0x08000207   Thumb Code     0  startup_stm32g474xx.o(.text)
    DMA1_Channel4_IRQHandler                 0x08000207   Thumb Code     0  startup_stm32g474xx.o(.text)
    DMA1_Channel5_IRQHandler                 0x08000207   Thumb Code     0  startup_stm32g474xx.o(.text)
    DMA1_Channel6_IRQHandler                 0x08000207   Thumb Code     0  startup_stm32g474xx.o(.text)
    DMA1_Channel7_IRQHandler                 0x08000207   Thumb Code     0  startup_stm32g474xx.o(.text)
    DMA1_Channel8_IRQHandler                 0x08000207   Thumb Code     0  startup_stm32g474xx.o(.text)
    DMA2_Channel1_IRQHandler                 0x08000207   Thumb Code     0  startup_stm32g474xx.o(.text)
    DMA2_Channel2_IRQHandler                 0x08000207   Thumb Code     0  startup_stm32g474xx.o(.text)
    DMA2_Channel3_IRQHandler                 0x08000207   Thumb Code     0  startup_stm32g474xx.o(.text)
    DMA2_Channel4_IRQHandler                 0x08000207   Thumb Code     0  startup_stm32g474xx.o(.text)
    DMA2_Channel5_IRQHandler                 0x08000207   Thumb Code     0  startup_stm32g474xx.o(.text)
    DMA2_Channel6_IRQHandler                 0x08000207   Thumb Code     0  startup_stm32g474xx.o(.text)
    DMA2_Channel7_IRQHandler                 0x08000207   Thumb Code     0  startup_stm32g474xx.o(.text)
    DMA2_Channel8_IRQHandler                 0x08000207   Thumb Code     0  startup_stm32g474xx.o(.text)
    DMAMUX_OVR_IRQHandler                    0x08000207   Thumb Code     0  startup_stm32g474xx.o(.text)
    EXTI0_IRQHandler                         0x08000207   Thumb Code     0  startup_stm32g474xx.o(.text)
    EXTI15_10_IRQHandler                     0x08000207   Thumb Code     0  startup_stm32g474xx.o(.text)
    EXTI1_IRQHandler                         0x08000207   Thumb Code     0  startup_stm32g474xx.o(.text)
    EXTI2_IRQHandler                         0x08000207   Thumb Code     0  startup_stm32g474xx.o(.text)
    EXTI3_IRQHandler                         0x08000207   Thumb Code     0  startup_stm32g474xx.o(.text)
    EXTI4_IRQHandler                         0x08000207   Thumb Code     0  startup_stm32g474xx.o(.text)
    EXTI9_5_IRQHandler                       0x08000207   Thumb Code     0  startup_stm32g474xx.o(.text)
    FDCAN1_IT0_IRQHandler                    0x08000207   Thumb Code     0  startup_stm32g474xx.o(.text)
    FDCAN1_IT1_IRQHandler                    0x08000207   Thumb Code     0  startup_stm32g474xx.o(.text)
    FDCAN2_IT0_IRQHandler                    0x08000207   Thumb Code     0  startup_stm32g474xx.o(.text)
    FDCAN2_IT1_IRQHandler                    0x08000207   Thumb Code     0  startup_stm32g474xx.o(.text)
    FDCAN3_IT0_IRQHandler                    0x08000207   Thumb Code     0  startup_stm32g474xx.o(.text)
    FDCAN3_IT1_IRQHandler                    0x08000207   Thumb Code     0  startup_stm32g474xx.o(.text)
    FLASH_IRQHandler                         0x08000207   Thumb Code     0  startup_stm32g474xx.o(.text)
    FMAC_IRQHandler                          0x08000207   Thumb Code     0  startup_stm32g474xx.o(.text)
    FMC_IRQHandler                           0x08000207   Thumb Code     0  startup_stm32g474xx.o(.text)
    FPU_IRQHandler                           0x08000207   Thumb Code     0  startup_stm32g474xx.o(.text)
    HRTIM1_FLT_IRQHandler                    0x08000207   Thumb Code     0  startup_stm32g474xx.o(.text)
    HRTIM1_Master_IRQHandler                 0x08000207   Thumb Code     0  startup_stm32g474xx.o(.text)
    HRTIM1_TIMA_IRQHandler                   0x08000207   Thumb Code     0  startup_stm32g474xx.o(.text)
    HRTIM1_TIMB_IRQHandler                   0x08000207   Thumb Code     0  startup_stm32g474xx.o(.text)
    HRTIM1_TIMC_IRQHandler                   0x08000207   Thumb Code     0  startup_stm32g474xx.o(.text)
    HRTIM1_TIMD_IRQHandler                   0x08000207   Thumb Code     0  startup_stm32g474xx.o(.text)
    HRTIM1_TIME_IRQHandler                   0x08000207   Thumb Code     0  startup_stm32g474xx.o(.text)
    HRTIM1_TIMF_IRQHandler                   0x08000207   Thumb Code     0  startup_stm32g474xx.o(.text)
    I2C1_ER_IRQHandler                       0x08000207   Thumb Code     0  startup_stm32g474xx.o(.text)
    I2C1_EV_IRQHandler                       0x08000207   Thumb Code     0  startup_stm32g474xx.o(.text)
    I2C2_ER_IRQHandler                       0x08000207   Thumb Code     0  startup_stm32g474xx.o(.text)
    I2C2_EV_IRQHandler                       0x08000207   Thumb Code     0  startup_stm32g474xx.o(.text)
    I2C3_ER_IRQHandler                       0x08000207   Thumb Code     0  startup_stm32g474xx.o(.text)
    I2C3_EV_IRQHandler                       0x08000207   Thumb Code     0  startup_stm32g474xx.o(.text)
    I2C4_ER_IRQHandler                       0x08000207   Thumb Code     0  startup_stm32g474xx.o(.text)
    I2C4_EV_IRQHandler                       0x08000207   Thumb Code     0  startup_stm32g474xx.o(.text)
    LPTIM1_IRQHandler                        0x08000207   Thumb Code     0  startup_stm32g474xx.o(.text)
    LPUART1_IRQHandler                       0x08000207   Thumb Code     0  startup_stm32g474xx.o(.text)
    PVD_PVM_IRQHandler                       0x08000207   Thumb Code     0  startup_stm32g474xx.o(.text)
    QUADSPI_IRQHandler                       0x08000207   Thumb Code     0  startup_stm32g474xx.o(.text)
    RCC_IRQHandler                           0x08000207   Thumb Code     0  startup_stm32g474xx.o(.text)
    RNG_IRQHandler                           0x08000207   Thumb Code     0  startup_stm32g474xx.o(.text)
    RTC_Alarm_IRQHandler                     0x08000207   Thumb Code     0  startup_stm32g474xx.o(.text)
    RTC_TAMP_LSECSS_IRQHandler               0x08000207   Thumb Code     0  startup_stm32g474xx.o(.text)
    RTC_WKUP_IRQHandler                      0x08000207   Thumb Code     0  startup_stm32g474xx.o(.text)
    SAI1_IRQHandler                          0x08000207   Thumb Code     0  startup_stm32g474xx.o(.text)
    SPI1_IRQHandler                          0x08000207   Thumb Code     0  startup_stm32g474xx.o(.text)
    SPI2_IRQHandler                          0x08000207   Thumb Code     0  startup_stm32g474xx.o(.text)
    SPI3_IRQHandler                          0x08000207   Thumb Code     0  startup_stm32g474xx.o(.text)
    SPI4_IRQHandler                          0x08000207   Thumb Code     0  startup_stm32g474xx.o(.text)
    TIM1_BRK_TIM15_IRQHandler                0x08000207   Thumb Code     0  startup_stm32g474xx.o(.text)
    TIM1_CC_IRQHandler                       0x08000207   Thumb Code     0  startup_stm32g474xx.o(.text)
    TIM1_TRG_COM_TIM17_IRQHandler            0x08000207   Thumb Code     0  startup_stm32g474xx.o(.text)
    TIM1_UP_TIM16_IRQHandler                 0x08000207   Thumb Code     0  startup_stm32g474xx.o(.text)
    TIM20_BRK_IRQHandler                     0x08000207   Thumb Code     0  startup_stm32g474xx.o(.text)
    TIM20_CC_IRQHandler                      0x08000207   Thumb Code     0  startup_stm32g474xx.o(.text)
    TIM20_TRG_COM_IRQHandler                 0x08000207   Thumb Code     0  startup_stm32g474xx.o(.text)
    TIM20_UP_IRQHandler                      0x08000207   Thumb Code     0  startup_stm32g474xx.o(.text)
    TIM4_IRQHandler                          0x08000207   Thumb Code     0  startup_stm32g474xx.o(.text)
    TIM5_IRQHandler                          0x08000207   Thumb Code     0  startup_stm32g474xx.o(.text)
    TIM8_BRK_IRQHandler                      0x08000207   Thumb Code     0  startup_stm32g474xx.o(.text)
    TIM8_CC_IRQHandler                       0x08000207   Thumb Code     0  startup_stm32g474xx.o(.text)
    TIM8_TRG_COM_IRQHandler                  0x08000207   Thumb Code     0  startup_stm32g474xx.o(.text)
    TIM8_UP_IRQHandler                       0x08000207   Thumb Code     0  startup_stm32g474xx.o(.text)
    UART4_IRQHandler                         0x08000207   Thumb Code     0  startup_stm32g474xx.o(.text)
    UART5_IRQHandler                         0x08000207   Thumb Code     0  startup_stm32g474xx.o(.text)
    UCPD1_IRQHandler                         0x08000207   Thumb Code     0  startup_stm32g474xx.o(.text)
    USART3_IRQHandler                        0x08000207   Thumb Code     0  startup_stm32g474xx.o(.text)
    USBWakeUp_IRQHandler                     0x08000207   Thumb Code     0  startup_stm32g474xx.o(.text)
    USB_HP_IRQHandler                        0x08000207   Thumb Code     0  startup_stm32g474xx.o(.text)
    USB_LP_IRQHandler                        0x08000207   Thumb Code     0  startup_stm32g474xx.o(.text)
    WWDG_IRQHandler                          0x08000207   Thumb Code     0  startup_stm32g474xx.o(.text)
    __aeabi_uldivmod                         0x08000211   Thumb Code    98  uldiv.o(.text)
    __aeabi_memcpy                           0x08000273   Thumb Code    36  memcpya.o(.text)
    __aeabi_memcpy4                          0x08000273   Thumb Code     0  memcpya.o(.text)
    __aeabi_memcpy8                          0x08000273   Thumb Code     0  memcpya.o(.text)
    __aeabi_memset                           0x08000297   Thumb Code    14  memseta.o(.text)
    __aeabi_memset4                          0x08000297   Thumb Code     0  memseta.o(.text)
    __aeabi_memset8                          0x08000297   Thumb Code     0  memseta.o(.text)
    __aeabi_memclr                           0x080002a5   Thumb Code     4  memseta.o(.text)
    __aeabi_memclr4                          0x080002a5   Thumb Code     0  memseta.o(.text)
    __aeabi_memclr8                          0x080002a5   Thumb Code     0  memseta.o(.text)
    _memset$wrapper                          0x080002a9   Thumb Code    18  memseta.o(.text)
    __aeabi_llsl                             0x080002bb   Thumb Code    30  llshl.o(.text)
    _ll_shift_l                              0x080002bb   Thumb Code     0  llshl.o(.text)
    __aeabi_llsr                             0x080002d9   Thumb Code    32  llushr.o(.text)
    _ll_ushift_r                             0x080002d9   Thumb Code     0  llushr.o(.text)
    __scatterload                            0x080002f9   Thumb Code    28  init.o(.text)
    __scatterload_rt2                        0x080002f9   Thumb Code     0  init.o(.text)
    Ack                                      0x0800031d   Thumb Code   102  scs.o(i.Ack)
    BusFault_Handler                         0x08000389   Thumb Code     2  stm32g4xx_it.o(i.BusFault_Handler)
    DebugMon_Handler                         0x0800038b   Thumb Code     2  stm32g4xx_it.o(i.DebugMon_Handler)
    EnableTorque                             0x0800038d   Thumb Code     8  scscl.o(i.EnableTorque)
    Error_Handler                            0x08000395   Thumb Code     4  main.o(i.Error_Handler)
    HAL_DMA_Abort                            0x08000399   Thumb Code   106  stm32g4xx_hal_dma.o(i.HAL_DMA_Abort)
    HAL_DMA_Abort_IT                         0x08000403   Thumb Code   120  stm32g4xx_hal_dma.o(i.HAL_DMA_Abort_IT)
    HAL_Delay                                0x0800047d   Thumb Code    32  stm32g4xx_hal.o(i.HAL_Delay)
    HAL_FDCAN_Init                           0x080004a1   Thumb Code   512  stm32g4xx_hal_fdcan.o(i.HAL_FDCAN_Init)
    HAL_FDCAN_MspInit                        0x080006b9   Thumb Code   116  fdcan.o(i.HAL_FDCAN_MspInit)
    HAL_GPIO_Init                            0x08000739   Thumb Code   550  stm32g4xx_hal_gpio.o(i.HAL_GPIO_Init)
    HAL_GPIO_WritePin                        0x08000981   Thumb Code    10  stm32g4xx_hal_gpio.o(i.HAL_GPIO_WritePin)
    HAL_GetTick                              0x0800098d   Thumb Code     6  stm32g4xx_hal.o(i.HAL_GetTick)
    HAL_I2CEx_ConfigAnalogFilter             0x08000999   Thumb Code    86  stm32g4xx_hal_i2c_ex.o(i.HAL_I2CEx_ConfigAnalogFilter)
    HAL_I2CEx_ConfigDigitalFilter            0x080009ef   Thumb Code    82  stm32g4xx_hal_i2c_ex.o(i.HAL_I2CEx_ConfigDigitalFilter)
    HAL_I2C_Init                             0x08000a41   Thumb Code   184  stm32g4xx_hal_i2c.o(i.HAL_I2C_Init)
    HAL_I2C_MspInit                          0x08000afd   Thumb Code   120  i2c.o(i.HAL_I2C_MspInit)
    HAL_IncTick                              0x08000b7d   Thumb Code    12  stm32g4xx_hal.o(i.HAL_IncTick)
    HAL_Init                                 0x08000b8d   Thumb Code    30  stm32g4xx_hal.o(i.HAL_Init)
    HAL_InitTick                             0x08000bad   Thumb Code    58  stm32g4xx_hal.o(i.HAL_InitTick)
    HAL_MspInit                              0x08000bf1   Thumb Code    42  stm32g4xx_hal_msp.o(i.HAL_MspInit)
    HAL_NVIC_EnableIRQ                       0x08000c21   Thumb Code    26  stm32g4xx_hal_cortex.o(i.HAL_NVIC_EnableIRQ)
    HAL_NVIC_SetPriority                     0x08000c3d   Thumb Code    60  stm32g4xx_hal_cortex.o(i.HAL_NVIC_SetPriority)
    HAL_NVIC_SetPriorityGrouping             0x08000c7d   Thumb Code    26  stm32g4xx_hal_cortex.o(i.HAL_NVIC_SetPriorityGrouping)
    HAL_PWREx_ControlVoltageScaling          0x08000ca1   Thumb Code   174  stm32g4xx_hal_pwr_ex.o(i.HAL_PWREx_ControlVoltageScaling)
    HAL_PWREx_DisableUCPDDeadBattery         0x08000d5d   Thumb Code    12  stm32g4xx_hal_pwr_ex.o(i.HAL_PWREx_DisableUCPDDeadBattery)
    HAL_RCCEx_PeriphCLKConfig                0x08000d6d   Thumb Code   758  stm32g4xx_hal_rcc_ex.o(i.HAL_RCCEx_PeriphCLKConfig)
    HAL_RCC_ClockConfig                      0x0800106d   Thumb Code   444  stm32g4xx_hal_rcc.o(i.HAL_RCC_ClockConfig)
    HAL_RCC_GetPCLK1Freq                     0x08001249   Thumb Code    24  stm32g4xx_hal_rcc.o(i.HAL_RCC_GetPCLK1Freq)
    HAL_RCC_GetPCLK2Freq                     0x0800126d   Thumb Code    24  stm32g4xx_hal_rcc.o(i.HAL_RCC_GetPCLK2Freq)
    HAL_RCC_GetSysClockFreq                  0x08001291   Thumb Code    98  stm32g4xx_hal_rcc.o(i.HAL_RCC_GetSysClockFreq)
    HAL_RCC_OscConfig                        0x080012fd   Thumb Code  1028  stm32g4xx_hal_rcc.o(i.HAL_RCC_OscConfig)
    HAL_RS485Ex_Init                         0x08001701   Thumb Code   136  stm32g4xx_hal_uart_ex.o(i.HAL_RS485Ex_Init)
    HAL_SYSTICK_Config                       0x0800178d   Thumb Code    40  stm32g4xx_hal_cortex.o(i.HAL_SYSTICK_Config)
    HAL_TIMEx_Break2Callback                 0x080017b5   Thumb Code     2  stm32g4xx_hal_tim_ex.o(i.HAL_TIMEx_Break2Callback)
    HAL_TIMEx_BreakCallback                  0x080017b7   Thumb Code     2  stm32g4xx_hal_tim_ex.o(i.HAL_TIMEx_BreakCallback)
    HAL_TIMEx_CommutCallback                 0x080017b9   Thumb Code     2  stm32g4xx_hal_tim_ex.o(i.HAL_TIMEx_CommutCallback)
    HAL_TIMEx_DirectionChangeCallback        0x080017bb   Thumb Code     2  stm32g4xx_hal_tim_ex.o(i.HAL_TIMEx_DirectionChangeCallback)
    HAL_TIMEx_EncoderIndexCallback           0x080017bd   Thumb Code     2  stm32g4xx_hal_tim_ex.o(i.HAL_TIMEx_EncoderIndexCallback)
    HAL_TIMEx_IndexErrorCallback             0x080017bf   Thumb Code     2  stm32g4xx_hal_tim_ex.o(i.HAL_TIMEx_IndexErrorCallback)
    HAL_TIMEx_MasterConfigSynchronization    0x080017c1   Thumb Code   150  stm32g4xx_hal_tim_ex.o(i.HAL_TIMEx_MasterConfigSynchronization)
    HAL_TIMEx_TransitionErrorCallback        0x08001879   Thumb Code     2  stm32g4xx_hal_tim_ex.o(i.HAL_TIMEx_TransitionErrorCallback)
    HAL_TIM_Base_Init                        0x0800187b   Thumb Code    98  stm32g4xx_hal_tim.o(i.HAL_TIM_Base_Init)
    HAL_TIM_Base_MspInit                     0x080018dd   Thumb Code   158  tim.o(i.HAL_TIM_Base_MspInit)
    HAL_TIM_Base_Start_IT                    0x0800198d   Thumb Code   106  stm32g4xx_hal_tim.o(i.HAL_TIM_Base_Start_IT)
    HAL_TIM_ConfigClockSource                0x08001a19   Thumb Code   234  stm32g4xx_hal_tim.o(i.HAL_TIM_ConfigClockSource)
    HAL_TIM_IC_CaptureCallback               0x08001b09   Thumb Code     2  stm32g4xx_hal_tim.o(i.HAL_TIM_IC_CaptureCallback)
    HAL_TIM_IRQHandler                       0x08001b0b   Thumb Code   418  stm32g4xx_hal_tim.o(i.HAL_TIM_IRQHandler)
    HAL_TIM_OC_DelayElapsedCallback          0x08001cad   Thumb Code     2  stm32g4xx_hal_tim.o(i.HAL_TIM_OC_DelayElapsedCallback)
    HAL_TIM_PWM_PulseFinishedCallback        0x08001caf   Thumb Code     2  stm32g4xx_hal_tim.o(i.HAL_TIM_PWM_PulseFinishedCallback)
    HAL_TIM_PeriodElapsedCallback            0x08001cb1   Thumb Code    74  tim.o(i.HAL_TIM_PeriodElapsedCallback)
    HAL_TIM_TriggerCallback                  0x08001d0d   Thumb Code     2  stm32g4xx_hal_tim.o(i.HAL_TIM_TriggerCallback)
    HAL_UARTEx_DisableFifoMode               0x08001d0f   Thumb Code    62  stm32g4xx_hal_uart_ex.o(i.HAL_UARTEx_DisableFifoMode)
    HAL_UARTEx_RxEventCallback               0x08001d4d   Thumb Code     2  stm32g4xx_hal_uart.o(i.HAL_UARTEx_RxEventCallback)
    HAL_UARTEx_RxFifoFullCallback            0x08001d4f   Thumb Code     2  stm32g4xx_hal_uart_ex.o(i.HAL_UARTEx_RxFifoFullCallback)
    HAL_UARTEx_SetRxFifoThreshold            0x08001d51   Thumb Code    76  stm32g4xx_hal_uart_ex.o(i.HAL_UARTEx_SetRxFifoThreshold)
    HAL_UARTEx_SetTxFifoThreshold            0x08001d9d   Thumb Code    76  stm32g4xx_hal_uart_ex.o(i.HAL_UARTEx_SetTxFifoThreshold)
    HAL_UARTEx_TxFifoEmptyCallback           0x08001de9   Thumb Code     2  stm32g4xx_hal_uart_ex.o(i.HAL_UARTEx_TxFifoEmptyCallback)
    HAL_UARTEx_WakeupCallback                0x08001deb   Thumb Code     2  stm32g4xx_hal_uart_ex.o(i.HAL_UARTEx_WakeupCallback)
    HAL_UART_ErrorCallback                   0x08001ded   Thumb Code     2  stm32g4xx_hal_uart.o(i.HAL_UART_ErrorCallback)
    HAL_UART_IRQHandler                      0x08001df1   Thumb Code   782  stm32g4xx_hal_uart.o(i.HAL_UART_IRQHandler)
    HAL_UART_Init                            0x0800210d   Thumb Code   106  stm32g4xx_hal_uart.o(i.HAL_UART_Init)
    HAL_UART_MspInit                         0x08002179   Thumb Code   600  usart.o(i.HAL_UART_MspInit)
    HAL_UART_Receive                         0x080023f9   Thumb Code   232  stm32g4xx_hal_uart.o(i.HAL_UART_Receive)
    HAL_UART_Receive_IT                      0x080024e1   Thumb Code    66  stm32g4xx_hal_uart.o(i.HAL_UART_Receive_IT)
    HAL_UART_RxCpltCallback                  0x08002529   Thumb Code    68  modbus_slave.o(i.HAL_UART_RxCpltCallback)
    HAL_UART_Transmit                        0x0800257d   Thumb Code   174  stm32g4xx_hal_uart.o(i.HAL_UART_Transmit)
    HAL_UART_TxCpltCallback                  0x0800262b   Thumb Code     2  stm32g4xx_hal_uart.o(i.HAL_UART_TxCpltCallback)
    HardFault_Handler                        0x0800262d   Thumb Code     2  stm32g4xx_it.o(i.HardFault_Handler)
    Host2SCS                                 0x08002631   Thumb Code    26  scs.o(i.Host2SCS)
    LAS10_QueryStatus_Dev                    0x08002651   Thumb Code    10  las10_bridge.o(i.LAS10_QueryStatus_Dev)
    LAS10_SendMC_Dev                         0x0800265b   Thumb Code   172  las10_bridge.o(i.LAS10_SendMC_Dev)
    LAS10_SetGoalPos_Dev                     0x08002707   Thumb Code   180  las10_bridge.o(i.LAS10_SetGoalPos_Dev)
    LASM_Add                                 0x080027bd   Thumb Code    52  las10_bridge.o(i.LASM_Add)
    LASM_ClearAll                            0x080027f9   Thumb Code    18  las10_bridge.o(i.LASM_ClearAll)
    LASM_FindByAddr                          0x08002815   Thumb Code    64  las10_bridge.o(i.LASM_FindByAddr)
    LASM_OnReadMaybeRefresh                  0x0800285d   Thumb Code    90  las10_bridge.o(i.LASM_OnReadMaybeRefresh)
    LASM_OnWriteBlock                        0x080028c5   Thumb Code    40  las10_bridge.o(i.LASM_OnWriteBlock)
    LASM_OnWriteSingle                       0x080028ed   Thumb Code   448  las10_bridge.o(i.LASM_OnWriteSingle)
    LED_TEST                                 0x08002ab9   Thumb Code    34  modbus_slave.o(i.LED_TEST)
    MODBUS_ERROR                             0x08002ae5   Thumb Code    68  modbus_slave.o(i.MODBUS_ERROR)
    MODBUS_EVENT_PRO                         0x08002b2d   Thumb Code   120  modbus_slave.o(i.MODBUS_EVENT_PRO)
    MODBUS_FUNCTION_03                       0x08002ba9   Thumb Code   182  modbus_slave.o(i.MODBUS_FUNCTION_03)
    MODBUS_FUNCTION_06                       0x08002c65   Thumb Code   150  modbus_slave.o(i.MODBUS_FUNCTION_06)
    MODBUS_FUNCTION_10                       0x08002d01   Thumb Code   224  modbus_slave.o(i.MODBUS_FUNCTION_10)
    MODBUS_Init                              0x08002de5   Thumb Code   170  modbus_slave.o(i.MODBUS_Init)
    MX_FDCAN2_Init                           0x08002e99   Thumb Code    66  fdcan.o(i.MX_FDCAN2_Init)
    MX_GPIO_Init                             0x08002ee5   Thumb Code   132  gpio.o(i.MX_GPIO_Init)
    MX_I2C2_Init                             0x08002f71   Thumb Code    76  i2c.o(i.MX_I2C2_Init)
    MX_LPUART1_UART_Init                     0x08002fc9   Thumb Code    92  usart.o(i.MX_LPUART1_UART_Init)
    MX_TIM2_Init                             0x0800302d   Thumb Code   100  tim.o(i.MX_TIM2_Init)
    MX_TIM3_Init                             0x08003095   Thumb Code    98  tim.o(i.MX_TIM3_Init)
    MX_TIM6_Init                             0x08003101   Thumb Code    62  tim.o(i.MX_TIM6_Init)
    MX_TIM7_Init                             0x08003149   Thumb Code    62  tim.o(i.MX_TIM7_Init)
    MX_UART4_Init                            0x08003191   Thumb Code    92  usart.o(i.MX_UART4_Init)
    MX_UART5_Init                            0x080031f9   Thumb Code    94  usart.o(i.MX_UART5_Init)
    MX_USART1_UART_Init                      0x08003261   Thumb Code    94  usart.o(i.MX_USART1_UART_Init)
    MX_USART2_UART_Init                      0x080032c9   Thumb Code   106  usart.o(i.MX_USART2_UART_Init)
    MX_USART3_UART_Init                      0x0800333d   Thumb Code    94  usart.o(i.MX_USART3_UART_Init)
    MY_UART_SendByte                         0x080033a5   Thumb Code    18  modbus_slave.o(i.MY_UART_SendByte)
    MemManage_Handler                        0x080033bd   Thumb Code     2  stm32g4xx_it.o(i.MemManage_Handler)
    NMI_Handler                              0x080033bf   Thumb Code     2  stm32g4xx_it.o(i.NMI_Handler)
    PendSV_Handler                           0x080033c1   Thumb Code     2  stm32g4xx_it.o(i.PendSV_Handler)
    Read                                     0x080033d1   Thumb Code   200  scs.o(i.Read)
    ReadCurrent                              0x0800349d   Thumb Code    38  scscl.o(i.ReadCurrent)
    ReadLoad                                 0x080034c9   Thumb Code    38  scscl.o(i.ReadLoad)
    ReadPos                                  0x080034f5   Thumb Code    38  scscl.o(i.ReadPos)
    ReadSpeed                                0x08003521   Thumb Code    38  scscl.o(i.ReadSpeed)
    ReadTemper                               0x0800354d   Thumb Code    18  scscl.o(i.ReadTemper)
    ReadVoltage                              0x08003565   Thumb Code    18  scscl.o(i.ReadVoltage)
    SCS2Host                                 0x0800357d   Thumb Code    20  scs.o(i.SCS2Host)
    SCS_Bridge_Init                          0x08003595   Thumb Code    54  scs_modbus_bridge.o(i.SCS_Bridge_Init)
    SCS_Bridge_OnWrite                       0x080035d1   Thumb Code   446  scs_modbus_bridge.o(i.SCS_Bridge_OnWrite)
    SCS_Bridge_Poll_20ms                     0x08003799   Thumb Code   354  scs_modbus_bridge.o(i.SCS_Bridge_Poll_20ms)
    SCS_ExecWritePosN                        0x08003905   Thumb Code   106  scs_modbus_bridge.o(i.SCS_ExecWritePosN)
    SVC_Handler                              0x08003a19   Thumb Code     2  stm32g4xx_it.o(i.SVC_Handler)
    SysTick_Handler                          0x08003a1b   Thumb Code     4  stm32g4xx_it.o(i.SysTick_Handler)
    SystemClock_Config                       0x08003a1f   Thumb Code   106  main.o(i.SystemClock_Config)
    SystemInit                               0x08003a89   Thumb Code    12  system_stm32g4xx.o(i.SystemInit)
    TIM2_IRQHandler                          0x08003abd   Thumb Code     6  stm32g4xx_it.o(i.TIM2_IRQHandler)
    TIM3_IRQHandler                          0x08003ac9   Thumb Code     6  stm32g4xx_it.o(i.TIM3_IRQHandler)
    TIM6_DAC_IRQHandler                      0x08003ad5   Thumb Code     6  stm32g4xx_it.o(i.TIM6_DAC_IRQHandler)
    TIM7_DAC_IRQHandler                      0x08003ae1   Thumb Code     6  stm32g4xx_it.o(i.TIM7_DAC_IRQHandler)
    TIM_Base_SetConfig                       0x08003aed   Thumb Code   190  stm32g4xx_hal_tim.o(i.TIM_Base_SetConfig)
    TIM_ETR_SetConfig                        0x08003bd1   Thumb Code    20  stm32g4xx_hal_tim.o(i.TIM_ETR_SetConfig)
    UART_AdvFeatureConfig                    0x08003c85   Thumb Code   200  stm32g4xx_hal_uart.o(i.UART_AdvFeatureConfig)
    UART_CheckIdleState                      0x08003d4d   Thumb Code   172  stm32g4xx_hal_uart.o(i.UART_CheckIdleState)
    UART_SetConfig                           0x0800432d   Thumb Code   614  stm32g4xx_hal_uart.o(i.UART_SetConfig)
    UART_Start_Receive_IT                    0x080045c5   Thumb Code   256  stm32g4xx_hal_uart.o(i.UART_Start_Receive_IT)
    UART_WaitOnFlagUntilTimeout              0x080046d5   Thumb Code   148  stm32g4xx_hal_uart.o(i.UART_WaitOnFlagUntilTimeout)
    USART1_IRQHandler                        0x08004769   Thumb Code     6  stm32g4xx_it.o(i.USART1_IRQHandler)
    USART2_IRQHandler                        0x08004775   Thumb Code     6  stm32g4xx_it.o(i.USART2_IRQHandler)
    UsageFault_Handler                       0x08004781   Thumb Code     2  stm32g4xx_it.o(i.UsageFault_Handler)
    WritePos                                 0x08004783   Thumb Code    58  scscl.o(i.WritePos)
    __scatterload_copy                       0x080047dd   Thumb Code    14  handlers.o(i.__scatterload_copy)
    __scatterload_null                       0x080047eb   Thumb Code     2  handlers.o(i.__scatterload_null)
    __scatterload_zeroinit                   0x080047ed   Thumb Code    14  handlers.o(i.__scatterload_zeroinit)
    checkHead                                0x080047fb   Thumb Code    56  scs.o(i.checkHead)
    crc16                                    0x08004835   Thumb Code    40  modbus_slave.o(i.crc16)
    ftBus_Delay                              0x08004861   Thumb Code     6  scs_port_hal.o(i.ftBus_Delay)
    ftUart_Read                              0x08004869   Thumb Code    26  scs_port_hal.o(i.ftUart_Read)
    ftUart_Send                              0x08004889   Thumb Code    14  scs_port_hal.o(i.ftUart_Send)
    genWrite                                 0x0800489d   Thumb Code    44  scs.o(i.genWrite)
    main                                     0x08004a61   Thumb Code    96  main.o(i.main)
    rFlushSCS                                0x08004ad1   Thumb Code     4  scserail.o(i.rFlushSCS)
    readByte                                 0x08004ad5   Thumb Code    26  scs.o(i.readByte)
    readSCS                                  0x08004aef   Thumb Code     4  scserail.o(i.readSCS)
    readWord                                 0x08004af3   Thumb Code    36  scs.o(i.readWord)
    setEnd                                   0x08004b2d   Thumb Code     6  scs.o(i.setEnd)
    wFlushSCS                                0x08004b4d   Thumb Code    22  scserail.o(i.wFlushSCS)
    writeBuf                                 0x08004b6d   Thumb Code   148  scs.o(i.writeBuf)
    writeByte                                0x08004c01   Thumb Code    42  scs.o(i.writeByte)
    writeSCS                                 0x08004c2d   Thumb Code    32  scserail.o(i.writeSCS)
    UARTPrescTable                           0x08004c54   Data          24  stm32g4xx_hal_uart.o(.constdata)
    AHBPrescTable                            0x08004c7c   Data          16  system_stm32g4xx.o(.constdata)
    APBPrescTable                            0x08004c8c   Data           8  system_stm32g4xx.o(.constdata)
    auchCRCHi                                0x08004c94   Data         256  modbus_slave.o(.constdata)
    auchCRCLo                                0x08004d94   Data         256  modbus_slave.o(.constdata)
    Region$$Table$$Base                      0x08004e94   Number         0  anon$$obj.o(Region$$Table)
    Region$$Table$$Limit                     0x08004eb4   Number         0  anon$$obj.o(Region$$Table)
    tick10ms                                 0x20000000   Data           1  main.o(.data)
    uwTickPrio                               0x20000004   Data           4  stm32g4xx_hal.o(.data)
    uwTickFreq                               0x20000008   Data           4  stm32g4xx_hal.o(.data)
    uwTick                                   0x2000000c   Data           4  stm32g4xx_hal.o(.data)
    SystemCoreClock                          0x20000010   Data           4  system_stm32g4xx.o(.data)
    system                                   0x20000014   Data           8  my_system.o(.data)
    ch                                       0x2000001c   Data           1  my_system.o(.data)
    syncReadRxPacketIndex                    0x20000024   Data           1  scs.o(.data)
    syncReadRxPacketLen                      0x20000025   Data           1  scs.o(.data)
    syncReadRxBuffLen                        0x20000026   Data           2  scs.o(.data)
    syncReadRxBuffMax                        0x20000028   Data           2  scs.o(.data)
    syncReadRxPacket                         0x2000002c   Data           4  scs.o(.data)
    syncReadRxBuff                           0x20000030   Data           4  scs.o(.data)
    wLen                                     0x20000040   Data           1  scserail.o(.data)
    hfdcan2                                  0x20000050   Data         100  fdcan.o(.bss)
    hi2c2                                    0x200000b4   Data          84  i2c.o(.bss)
    hlpuart1                                 0x20000108   Data         148  usart.o(.bss)
    huart4                                   0x2000019c   Data         148  usart.o(.bss)
    huart5                                   0x20000230   Data         148  usart.o(.bss)
    huart1                                   0x200002c4   Data         148  usart.o(.bss)
    huart2                                   0x20000358   Data         148  usart.o(.bss)
    huart3                                   0x200003ec   Data         148  usart.o(.bss)
    htim2                                    0x20000480   Data          76  tim.o(.bss)
    htim3                                    0x200004cc   Data          76  tim.o(.bss)
    htim6                                    0x20000518   Data          76  tim.o(.bss)
    htim7                                    0x20000564   Data          76  tim.o(.bss)
    modbus                                   0x200005b0   Data         208  modbus_slave.o(.bss)
    MODBUS_Reg                               0x20000680   Data        2122  modbus_slave.o(.bss)
    wBuf                                     0x20000ed9   Data         128  scserail.o(.bss)
    g_devs                                   0x20000f5c   Data         112  las10_bridge.o(.bss)
    __initial_sp                             0x200013d0   Data           0  startup_stm32g474xx.o(STACK)



==============================================================================

Memory Map of the image

  Image Entry point : 0x080001d9

  Load Region LR_IROM1 (Base: 0x08000000, Size: 0x00004f04, Max: 0x00080000, ABSOLUTE)

    Execution Region ER_IROM1 (Exec base: 0x08000000, Load base: 0x08000000, Size: 0x00004eb4, Max: 0x00080000, ABSOLUTE)

    Exec Addr    Load Addr    Size         Type   Attr      Idx    E Section Name        Object

    0x08000000   0x08000000   0x000001d8   Data   RO            3    RESET               startup_stm32g474xx.o
    0x080001d8   0x080001d8   0x00000000   Code   RO         5602  * .ARM.Collect$$$$00000000  mc_w.l(entry.o)
    0x080001d8   0x080001d8   0x00000004   Code   RO         5902    .ARM.Collect$$$$00000001  mc_w.l(entry2.o)
    0x080001dc   0x080001dc   0x00000004   Code   RO         5905    .ARM.Collect$$$$00000004  mc_w.l(entry5.o)
    0x080001e0   0x080001e0   0x00000000   Code   RO         5907    .ARM.Collect$$$$00000008  mc_w.l(entry7b.o)
    0x080001e0   0x080001e0   0x00000000   Code   RO         5909    .ARM.Collect$$$$0000000A  mc_w.l(entry8b.o)
    0x080001e0   0x080001e0   0x00000008   Code   RO         5910    .ARM.Collect$$$$0000000B  mc_w.l(entry9a.o)
    0x080001e8   0x080001e8   0x00000000   Code   RO         5912    .ARM.Collect$$$$0000000D  mc_w.l(entry10a.o)
    0x080001e8   0x080001e8   0x00000000   Code   RO         5914    .ARM.Collect$$$$0000000F  mc_w.l(entry11a.o)
    0x080001e8   0x080001e8   0x00000004   Code   RO         5903    .ARM.Collect$$$$00002712  mc_w.l(entry2.o)
    0x080001ec   0x080001ec   0x00000024   Code   RO            4    .text               startup_stm32g474xx.o
    0x08000210   0x08000210   0x00000062   Code   RO         5605    .text               mc_w.l(uldiv.o)
    0x08000272   0x08000272   0x00000024   Code   RO         5607    .text               mc_w.l(memcpya.o)
    0x08000296   0x08000296   0x00000024   Code   RO         5609    .text               mc_w.l(memseta.o)
    0x080002ba   0x080002ba   0x0000001e   Code   RO         5919    .text               mc_w.l(llshl.o)
    0x080002d8   0x080002d8   0x00000020   Code   RO         5921    .text               mc_w.l(llushr.o)
    0x080002f8   0x080002f8   0x00000024   Code   RO         5936    .text               mc_w.l(init.o)
    0x0800031c   0x0800031c   0x0000006c   Code   RO         4905    i.Ack               scs.o
    0x08000388   0x08000388   0x00000002   Code   RO          466    i.BusFault_Handler  stm32g4xx_it.o
    0x0800038a   0x0800038a   0x00000002   Code   RO          467    i.DebugMon_Handler  stm32g4xx_it.o
    0x0800038c   0x0800038c   0x00000008   Code   RO         5183    i.EnableTorque      scscl.o
    0x08000394   0x08000394   0x00000004   Code   RO           13    i.Error_Handler     main.o
    0x08000398   0x08000398   0x0000006a   Code   RO         1857    i.HAL_DMA_Abort     stm32g4xx_hal_dma.o
    0x08000402   0x08000402   0x00000078   Code   RO         1858    i.HAL_DMA_Abort_IT  stm32g4xx_hal_dma.o
    0x0800047a   0x0800047a   0x00000002   PAD
    0x0800047c   0x0800047c   0x00000024   Code   RO          994    i.HAL_Delay         stm32g4xx_hal.o
    0x080004a0   0x080004a0   0x00000218   Code   RO          646    i.HAL_FDCAN_Init    stm32g4xx_hal_fdcan.o
    0x080006b8   0x080006b8   0x00000080   Code   RO          223    i.HAL_FDCAN_MspInit  fdcan.o
    0x08000738   0x08000738   0x00000248   Code   RO         1719    i.HAL_GPIO_Init     stm32g4xx_hal_gpio.o
    0x08000980   0x08000980   0x0000000a   Code   RO         1723    i.HAL_GPIO_WritePin  stm32g4xx_hal_gpio.o
    0x0800098a   0x0800098a   0x00000002   PAD
    0x0800098c   0x0800098c   0x0000000c   Code   RO          998    i.HAL_GetTick       stm32g4xx_hal.o
    0x08000998   0x08000998   0x00000056   Code   RO         2980    i.HAL_I2CEx_ConfigAnalogFilter  stm32g4xx_hal_i2c_ex.o
    0x080009ee   0x080009ee   0x00000052   Code   RO         2981    i.HAL_I2CEx_ConfigDigitalFilter  stm32g4xx_hal_i2c_ex.o
    0x08000a40   0x08000a40   0x000000bc   Code   RO         2519    i.HAL_I2C_Init      stm32g4xx_hal_i2c.o
    0x08000afc   0x08000afc   0x00000080   Code   RO          265    i.HAL_I2C_MspInit   i2c.o
    0x08000b7c   0x08000b7c   0x00000010   Code   RO         1004    i.HAL_IncTick       stm32g4xx_hal.o
    0x08000b8c   0x08000b8c   0x0000001e   Code   RO         1005    i.HAL_Init          stm32g4xx_hal.o
    0x08000baa   0x08000baa   0x00000002   PAD
    0x08000bac   0x08000bac   0x00000044   Code   RO         1006    i.HAL_InitTick      stm32g4xx_hal.o
    0x08000bf0   0x08000bf0   0x00000030   Code   RO          578    i.HAL_MspInit       stm32g4xx_hal_msp.o
    0x08000c20   0x08000c20   0x0000001a   Code   RO         2368    i.HAL_NVIC_EnableIRQ  stm32g4xx_hal_cortex.o
    0x08000c3a   0x08000c3a   0x00000002   PAD
    0x08000c3c   0x08000c3c   0x00000040   Code   RO         2374    i.HAL_NVIC_SetPriority  stm32g4xx_hal_cortex.o
    0x08000c7c   0x08000c7c   0x00000024   Code   RO         2375    i.HAL_NVIC_SetPriorityGrouping  stm32g4xx_hal_cortex.o
    0x08000ca0   0x08000ca0   0x000000bc   Code   RO         2122    i.HAL_PWREx_ControlVoltageScaling  stm32g4xx_hal_pwr_ex.o
    0x08000d5c   0x08000d5c   0x00000010   Code   RO         2134    i.HAL_PWREx_DisableUCPDDeadBattery  stm32g4xx_hal_pwr_ex.o
    0x08000d6c   0x08000d6c   0x00000300   Code   RO         1365    i.HAL_RCCEx_PeriphCLKConfig  stm32g4xx_hal_rcc_ex.o
    0x0800106c   0x0800106c   0x000001dc   Code   RO         1240    i.HAL_RCC_ClockConfig  stm32g4xx_hal_rcc.o
    0x08001248   0x08001248   0x00000024   Code   RO         1248    i.HAL_RCC_GetPCLK1Freq  stm32g4xx_hal_rcc.o
    0x0800126c   0x0800126c   0x00000024   Code   RO         1249    i.HAL_RCC_GetPCLK2Freq  stm32g4xx_hal_rcc.o
    0x08001290   0x08001290   0x0000006c   Code   RO         1250    i.HAL_RCC_GetSysClockFreq  stm32g4xx_hal_rcc.o
    0x080012fc   0x080012fc   0x00000404   Code   RO         1253    i.HAL_RCC_OscConfig  stm32g4xx_hal_rcc.o
    0x08001700   0x08001700   0x0000008c   Code   RO         3453    i.HAL_RS485Ex_Init  stm32g4xx_hal_uart_ex.o
    0x0800178c   0x0800178c   0x00000028   Code   RO         2379    i.HAL_SYSTICK_Config  stm32g4xx_hal_cortex.o
    0x080017b4   0x080017b4   0x00000002   Code   RO         4288    i.HAL_TIMEx_Break2Callback  stm32g4xx_hal_tim_ex.o
    0x080017b6   0x080017b6   0x00000002   Code   RO         4289    i.HAL_TIMEx_BreakCallback  stm32g4xx_hal_tim_ex.o
    0x080017b8   0x080017b8   0x00000002   Code   RO         4290    i.HAL_TIMEx_CommutCallback  stm32g4xx_hal_tim_ex.o
    0x080017ba   0x080017ba   0x00000002   Code   RO         4301    i.HAL_TIMEx_DirectionChangeCallback  stm32g4xx_hal_tim_ex.o
    0x080017bc   0x080017bc   0x00000002   Code   RO         4315    i.HAL_TIMEx_EncoderIndexCallback  stm32g4xx_hal_tim_ex.o
    0x080017be   0x080017be   0x00000002   Code   RO         4329    i.HAL_TIMEx_IndexErrorCallback  stm32g4xx_hal_tim_ex.o
    0x080017c0   0x080017c0   0x000000b8   Code   RO         4330    i.HAL_TIMEx_MasterConfigSynchronization  stm32g4xx_hal_tim_ex.o
    0x08001878   0x08001878   0x00000002   Code   RO         4351    i.HAL_TIMEx_TransitionErrorCallback  stm32g4xx_hal_tim_ex.o
    0x0800187a   0x0800187a   0x00000062   Code   RO         3574    i.HAL_TIM_Base_Init  stm32g4xx_hal_tim.o
    0x080018dc   0x080018dc   0x000000b0   Code   RO          379    i.HAL_TIM_Base_MspInit  tim.o
    0x0800198c   0x0800198c   0x0000008c   Code   RO         3579    i.HAL_TIM_Base_Start_IT  stm32g4xx_hal_tim.o
    0x08001a18   0x08001a18   0x000000f0   Code   RO         3583    i.HAL_TIM_ConfigClockSource  stm32g4xx_hal_tim.o
    0x08001b08   0x08001b08   0x00000002   Code   RO         3608    i.HAL_TIM_IC_CaptureCallback  stm32g4xx_hal_tim.o
    0x08001b0a   0x08001b0a   0x000001a2   Code   RO         3622    i.HAL_TIM_IRQHandler  stm32g4xx_hal_tim.o
    0x08001cac   0x08001cac   0x00000002   Code   RO         3625    i.HAL_TIM_OC_DelayElapsedCallback  stm32g4xx_hal_tim.o
    0x08001cae   0x08001cae   0x00000002   Code   RO         3652    i.HAL_TIM_PWM_PulseFinishedCallback  stm32g4xx_hal_tim.o
    0x08001cb0   0x08001cb0   0x0000005c   Code   RO          380    i.HAL_TIM_PeriodElapsedCallback  tim.o
    0x08001d0c   0x08001d0c   0x00000002   Code   RO         3665    i.HAL_TIM_TriggerCallback  stm32g4xx_hal_tim.o
    0x08001d0e   0x08001d0e   0x0000003e   Code   RO         3454    i.HAL_UARTEx_DisableFifoMode  stm32g4xx_hal_uart_ex.o
    0x08001d4c   0x08001d4c   0x00000002   Code   RO         3043    i.HAL_UARTEx_RxEventCallback  stm32g4xx_hal_uart.o
    0x08001d4e   0x08001d4e   0x00000002   Code   RO         3462    i.HAL_UARTEx_RxFifoFullCallback  stm32g4xx_hal_uart_ex.o
    0x08001d50   0x08001d50   0x0000004c   Code   RO         3463    i.HAL_UARTEx_SetRxFifoThreshold  stm32g4xx_hal_uart_ex.o
    0x08001d9c   0x08001d9c   0x0000004c   Code   RO         3464    i.HAL_UARTEx_SetTxFifoThreshold  stm32g4xx_hal_uart_ex.o
    0x08001de8   0x08001de8   0x00000002   Code   RO         3466    i.HAL_UARTEx_TxFifoEmptyCallback  stm32g4xx_hal_uart_ex.o
    0x08001dea   0x08001dea   0x00000002   Code   RO         3467    i.HAL_UARTEx_WakeupCallback  stm32g4xx_hal_uart_ex.o
    0x08001dec   0x08001dec   0x00000002   Code   RO         3059    i.HAL_UART_ErrorCallback  stm32g4xx_hal_uart.o
    0x08001dee   0x08001dee   0x00000002   PAD
    0x08001df0   0x08001df0   0x0000031c   Code   RO         3062    i.HAL_UART_IRQHandler  stm32g4xx_hal_uart.o
    0x0800210c   0x0800210c   0x0000006a   Code   RO         3063    i.HAL_UART_Init     stm32g4xx_hal_uart.o
    0x08002176   0x08002176   0x00000002   PAD
    0x08002178   0x08002178   0x00000280   Code   RO          307    i.HAL_UART_MspInit  usart.o
    0x080023f8   0x080023f8   0x000000e8   Code   RO         3066    i.HAL_UART_Receive  stm32g4xx_hal_uart.o
    0x080024e0   0x080024e0   0x00000048   Code   RO         3068    i.HAL_UART_Receive_IT  stm32g4xx_hal_uart.o
    0x08002528   0x08002528   0x00000054   Code   RO         4755    i.HAL_UART_RxCpltCallback  modbus_slave.o
    0x0800257c   0x0800257c   0x000000ae   Code   RO         3072    i.HAL_UART_Transmit  stm32g4xx_hal_uart.o
    0x0800262a   0x0800262a   0x00000002   Code   RO         3075    i.HAL_UART_TxCpltCallback  stm32g4xx_hal_uart.o
    0x0800262c   0x0800262c   0x00000002   Code   RO          468    i.HardFault_Handler  stm32g4xx_it.o
    0x0800262e   0x0800262e   0x00000002   PAD
    0x08002630   0x08002630   0x00000020   Code   RO         4906    i.Host2SCS          scs.o
    0x08002650   0x08002650   0x0000000a   Code   RO         5414    i.LAS10_QueryStatus_Dev  las10_bridge.o
    0x0800265a   0x0800265a   0x000000ac   Code   RO         5416    i.LAS10_SendMC_Dev  las10_bridge.o
    0x08002706   0x08002706   0x000000b4   Code   RO         5418    i.LAS10_SetGoalPos_Dev  las10_bridge.o
    0x080027ba   0x080027ba   0x00000002   PAD
    0x080027bc   0x080027bc   0x0000003c   Code   RO         5424    i.LASM_Add          las10_bridge.o
    0x080027f8   0x080027f8   0x0000001c   Code   RO         5425    i.LASM_ClearAll     las10_bridge.o
    0x08002814   0x08002814   0x00000048   Code   RO         5426    i.LASM_FindByAddr   las10_bridge.o
    0x0800285c   0x0800285c   0x00000068   Code   RO         5427    i.LASM_OnReadMaybeRefresh  las10_bridge.o
    0x080028c4   0x080028c4   0x00000028   Code   RO         5428    i.LASM_OnWriteBlock  las10_bridge.o
    0x080028ec   0x080028ec   0x000001cc   Code   RO         5429    i.LASM_OnWriteSingle  las10_bridge.o
    0x08002ab8   0x08002ab8   0x0000002c   Code   RO         4756    i.LED_TEST          modbus_slave.o
    0x08002ae4   0x08002ae4   0x00000048   Code   RO         4757    i.MODBUS_ERROR      modbus_slave.o
    0x08002b2c   0x08002b2c   0x0000007c   Code   RO         4758    i.MODBUS_EVENT_PRO  modbus_slave.o
    0x08002ba8   0x08002ba8   0x000000bc   Code   RO         4759    i.MODBUS_FUNCTION_03  modbus_slave.o
    0x08002c64   0x08002c64   0x0000009c   Code   RO         4760    i.MODBUS_FUNCTION_06  modbus_slave.o
    0x08002d00   0x08002d00   0x000000e4   Code   RO         4761    i.MODBUS_FUNCTION_10  modbus_slave.o
    0x08002de4   0x08002de4   0x000000b4   Code   RO         4762    i.MODBUS_Init       modbus_slave.o
    0x08002e98   0x08002e98   0x0000004c   Code   RO          224    i.MX_FDCAN2_Init    fdcan.o
    0x08002ee4   0x08002ee4   0x0000008c   Code   RO          198    i.MX_GPIO_Init      gpio.o
    0x08002f70   0x08002f70   0x00000058   Code   RO          266    i.MX_I2C2_Init      i2c.o
    0x08002fc8   0x08002fc8   0x00000064   Code   RO          308    i.MX_LPUART1_UART_Init  usart.o
    0x0800302c   0x0800302c   0x00000068   Code   RO          381    i.MX_TIM2_Init      tim.o
    0x08003094   0x08003094   0x0000006c   Code   RO          382    i.MX_TIM3_Init      tim.o
    0x08003100   0x08003100   0x00000048   Code   RO          383    i.MX_TIM6_Init      tim.o
    0x08003148   0x08003148   0x00000048   Code   RO          384    i.MX_TIM7_Init      tim.o
    0x08003190   0x08003190   0x00000068   Code   RO          309    i.MX_UART4_Init     usart.o
    0x080031f8   0x080031f8   0x00000068   Code   RO          310    i.MX_UART5_Init     usart.o
    0x08003260   0x08003260   0x00000068   Code   RO          311    i.MX_USART1_UART_Init  usart.o
    0x080032c8   0x080032c8   0x00000074   Code   RO          312    i.MX_USART2_UART_Init  usart.o
    0x0800333c   0x0800333c   0x00000068   Code   RO          313    i.MX_USART3_UART_Init  usart.o
    0x080033a4   0x080033a4   0x00000018   Code   RO         4764    i.MY_UART_SendByte  modbus_slave.o
    0x080033bc   0x080033bc   0x00000002   Code   RO          469    i.MemManage_Handler  stm32g4xx_it.o
    0x080033be   0x080033be   0x00000002   Code   RO          470    i.NMI_Handler       stm32g4xx_it.o
    0x080033c0   0x080033c0   0x00000002   Code   RO          471    i.PendSV_Handler    stm32g4xx_it.o
    0x080033c2   0x080033c2   0x0000000e   Code   RO         4866    i.Per_Init          my_system.o
    0x080033d0   0x080033d0   0x000000cc   Code   RO         4908    i.Read              scs.o
    0x0800349c   0x0800349c   0x0000002c   Code   RO         5187    i.ReadCurrent       scscl.o
    0x080034c8   0x080034c8   0x0000002c   Code   RO         5188    i.ReadLoad          scscl.o
    0x080034f4   0x080034f4   0x0000002c   Code   RO         5190    i.ReadPos           scscl.o
    0x08003520   0x08003520   0x0000002c   Code   RO         5191    i.ReadSpeed         scscl.o
    0x0800354c   0x0800354c   0x00000018   Code   RO         5192    i.ReadTemper        scscl.o
    0x08003564   0x08003564   0x00000018   Code   RO         5193    i.ReadVoltage       scscl.o
    0x0800357c   0x0800357c   0x00000018   Code   RO         4910    i.SCS2Host          scs.o
    0x08003594   0x08003594   0x0000003c   Code   RO         5087    i.SCS_Bridge_Init   scs_modbus_bridge.o
    0x080035d0   0x080035d0   0x000001c8   Code   RO         5088    i.SCS_Bridge_OnWrite  scs_modbus_bridge.o
    0x08003798   0x08003798   0x0000016c   Code   RO         5089    i.SCS_Bridge_Poll_20ms  scs_modbus_bridge.o
    0x08003904   0x08003904   0x00000070   Code   RO         5090    i.SCS_ExecWritePosN  scs_modbus_bridge.o
    0x08003974   0x08003974   0x00000070   Code   RO         5091    i.SCS_GoAngleDeg    scs_modbus_bridge.o
    0x080039e4   0x080039e4   0x00000034   Code   RO         5092    i.SCS_LoopStartNow  scs_modbus_bridge.o
    0x08003a18   0x08003a18   0x00000002   Code   RO          472    i.SVC_Handler       stm32g4xx_it.o
    0x08003a1a   0x08003a1a   0x00000004   Code   RO          473    i.SysTick_Handler   stm32g4xx_it.o
    0x08003a1e   0x08003a1e   0x0000006a   Code   RO           14    i.SystemClock_Config  main.o
    0x08003a88   0x08003a88   0x00000010   Code   RO         4718    i.SystemInit        system_stm32g4xx.o
    0x08003a98   0x08003a98   0x00000024   Code   RO         4867    i.System_Run        my_system.o
    0x08003abc   0x08003abc   0x0000000c   Code   RO          474    i.TIM2_IRQHandler   stm32g4xx_it.o
    0x08003ac8   0x08003ac8   0x0000000c   Code   RO          475    i.TIM3_IRQHandler   stm32g4xx_it.o
    0x08003ad4   0x08003ad4   0x0000000c   Code   RO          476    i.TIM6_DAC_IRQHandler  stm32g4xx_it.o
    0x08003ae0   0x08003ae0   0x0000000c   Code   RO          477    i.TIM7_DAC_IRQHandler  stm32g4xx_it.o
    0x08003aec   0x08003aec   0x000000e4   Code   RO         3667    i.TIM_Base_SetConfig  stm32g4xx_hal_tim.o
    0x08003bd0   0x08003bd0   0x00000014   Code   RO         3678    i.TIM_ETR_SetConfig  stm32g4xx_hal_tim.o
    0x08003be4   0x08003be4   0x00000014   Code   RO         3679    i.TIM_ITRx_SetConfig  stm32g4xx_hal_tim.o
    0x08003bf8   0x08003bf8   0x00000022   Code   RO         3687    i.TIM_TI1_ConfigInputStage  stm32g4xx_hal_tim.o
    0x08003c1a   0x08003c1a   0x00000024   Code   RO         3689    i.TIM_TI2_ConfigInputStage  stm32g4xx_hal_tim.o
    0x08003c3e   0x08003c3e   0x00000002   PAD
    0x08003c40   0x08003c40   0x00000044   Code   RO         3468    i.UARTEx_SetNbDataToProcess  stm32g4xx_hal_uart_ex.o
    0x08003c84   0x08003c84   0x000000c8   Code   RO         3077    i.UART_AdvFeatureConfig  stm32g4xx_hal_uart.o
    0x08003d4c   0x08003d4c   0x000000ac   Code   RO         3078    i.UART_CheckIdleState  stm32g4xx_hal_uart.o
    0x08003df8   0x08003df8   0x00000010   Code   RO         3079    i.UART_DMAAbortOnError  stm32g4xx_hal_uart.o
    0x08003e08   0x08003e08   0x00000054   Code   RO         3089    i.UART_EndRxTransfer  stm32g4xx_hal_uart.o
    0x08003e5c   0x08003e5c   0x000000c8   Code   RO         3091    i.UART_RxISR_16BIT  stm32g4xx_hal_uart.o
    0x08003f24   0x08003f24   0x000001a0   Code   RO         3092    i.UART_RxISR_16BIT_FIFOEN  stm32g4xx_hal_uart.o
    0x080040c4   0x080040c4   0x000000c8   Code   RO         3093    i.UART_RxISR_8BIT   stm32g4xx_hal_uart.o
    0x0800418c   0x0800418c   0x000001a0   Code   RO         3094    i.UART_RxISR_8BIT_FIFOEN  stm32g4xx_hal_uart.o
    0x0800432c   0x0800432c   0x00000298   Code   RO         3095    i.UART_SetConfig    stm32g4xx_hal_uart.o
    0x080045c4   0x080045c4   0x00000110   Code   RO         3097    i.UART_Start_Receive_IT  stm32g4xx_hal_uart.o
    0x080046d4   0x080046d4   0x00000094   Code   RO         3102    i.UART_WaitOnFlagUntilTimeout  stm32g4xx_hal_uart.o
    0x08004768   0x08004768   0x0000000c   Code   RO          478    i.USART1_IRQHandler  stm32g4xx_it.o
    0x08004774   0x08004774   0x0000000c   Code   RO          479    i.USART2_IRQHandler  stm32g4xx_it.o
    0x08004780   0x08004780   0x00000002   Code   RO          480    i.UsageFault_Handler  stm32g4xx_it.o
    0x08004782   0x08004782   0x0000003a   Code   RO         5198    i.WritePos          scscl.o
    0x080047bc   0x080047bc   0x00000020   Code   RO         2381    i.__NVIC_SetPriority  stm32g4xx_hal_cortex.o
    0x080047dc   0x080047dc   0x0000000e   Code   RO         5944    i.__scatterload_copy  mc_w.l(handlers.o)
    0x080047ea   0x080047ea   0x00000002   Code   RO         5945    i.__scatterload_null  mc_w.l(handlers.o)
    0x080047ec   0x080047ec   0x0000000e   Code   RO         5946    i.__scatterload_zeroinit  mc_w.l(handlers.o)
    0x080047fa   0x080047fa   0x00000038   Code   RO         4911    i.checkHead         scs.o
    0x08004832   0x08004832   0x00000002   PAD
    0x08004834   0x08004834   0x0000002c   Code   RO         4768    i.crc16             modbus_slave.o
    0x08004860   0x08004860   0x00000006   Code   RO         5150    i.ftBus_Delay       scs_port_hal.o
    0x08004866   0x08004866   0x00000002   PAD
    0x08004868   0x08004868   0x00000020   Code   RO         5151    i.ftUart_Read       scs_port_hal.o
    0x08004888   0x08004888   0x00000014   Code   RO         5152    i.ftUart_Send       scs_port_hal.o
    0x0800489c   0x0800489c   0x0000002c   Code   RO         4912    i.genWrite          scs.o
    0x080048c8   0x080048c8   0x00000018   Code   RO         5430    i.las_checksum      las10_bridge.o
    0x080048e0   0x080048e0   0x0000003c   Code   RO         5432    i.las_parse_status  las10_bridge.o
    0x0800491c   0x0800491c   0x000000b0   Code   RO         5434    i.las_recv_frame_on  las10_bridge.o
    0x080049cc   0x080049cc   0x00000028   Code   RO         5436    i.las_status_to_regs_at  las10_bridge.o
    0x080049f4   0x080049f4   0x0000006c   Code   RO         5437    i.las_txrx          las10_bridge.o
    0x08004a60   0x08004a60   0x00000070   Code   RO           15    i.main              main.o
    0x08004ad0   0x08004ad0   0x00000004   Code   RO         5299    i.rFlushSCS         scserail.o
    0x08004ad4   0x08004ad4   0x0000001a   Code   RO         4916    i.readByte          scs.o
    0x08004aee   0x08004aee   0x00000004   Code   RO         5300    i.readSCS           scserail.o
    0x08004af2   0x08004af2   0x00000024   Code   RO         4917    i.readWord          scs.o
    0x08004b16   0x08004b16   0x00000014   Code   RO         5440    i.recv_byte_on      las10_bridge.o
    0x08004b2a   0x08004b2a   0x00000002   PAD
    0x08004b2c   0x08004b2c   0x0000000c   Code   RO         4920    i.setEnd            scs.o
    0x08004b38   0x08004b38   0x00000014   Code   RO         5093    i.sid               scs_modbus_bridge.o
    0x08004b4c   0x08004b4c   0x00000020   Code   RO         5301    i.wFlushSCS         scserail.o
    0x08004b6c   0x08004b6c   0x00000094   Code   RO         4929    i.writeBuf          scs.o
    0x08004c00   0x08004c00   0x0000002a   Code   RO         4930    i.writeByte         scs.o
    0x08004c2a   0x08004c2a   0x00000002   PAD
    0x08004c2c   0x08004c2c   0x00000028   Code   RO         5303    i.writeSCS          scserail.o
    0x08004c54   0x08004c54   0x00000018   Data   RO         3103    .constdata          stm32g4xx_hal_uart.o
    0x08004c6c   0x08004c6c   0x00000010   Data   RO         3469    .constdata          stm32g4xx_hal_uart_ex.o
    0x08004c7c   0x08004c7c   0x00000010   Data   RO         4719    .constdata          system_stm32g4xx.o
    0x08004c8c   0x08004c8c   0x00000008   Data   RO         4720    .constdata          system_stm32g4xx.o
    0x08004c94   0x08004c94   0x00000200   Data   RO         4770    .constdata          modbus_slave.o
    0x08004e94   0x08004e94   0x00000020   Data   RO         5942    Region$$Table       anon$$obj.o


    Execution Region RW_IRAM1 (Exec base: 0x20000000, Load base: 0x08004eb4, Size: 0x000013d0, Max: 0x00020000, ABSOLUTE)

    Exec Addr    Load Addr    Size         Type   Attr      Idx    E Section Name        Object

    0x20000000   0x08004eb4   0x00000001   Data   RW           16    .data               main.o
    0x20000001   0x08004eb5   0x00000001   PAD
    0x20000002   0x08004eb6   0x00000002   Data   RW          386    .data               tim.o
    0x20000004   0x08004eb8   0x0000000c   Data   RW         1025    .data               stm32g4xx_hal.o
    0x20000010   0x08004ec4   0x00000004   Data   RW         4721    .data               system_stm32g4xx.o
    0x20000014   0x08004ec8   0x00000008   Data   RW         4870    .data               my_system.o
    0x2000001c   0x08004ed0   0x00000001   Data   RW         4871    .data               my_system.o
    0x2000001d   0x08004ed1   0x00000003   PAD
    0x20000020   0x08004ed4   0x00000014   Data   RW         4932    .data               scs.o
    0x20000034   0x08004ee8   0x0000000c   Data   RW         5094    .data               scs_modbus_bridge.o
    0x20000040   0x08004ef4   0x00000001   Data   RW         5305    .data               scserail.o
    0x20000041   0x08004ef5   0x00000001   PAD
    0x20000042   0x08004ef6   0x0000000e   Data   RW         5443    .data               las10_bridge.o
    0x20000050        -       0x00000064   Zero   RW          225    .bss                fdcan.o
    0x200000b4        -       0x00000054   Zero   RW          267    .bss                i2c.o
    0x20000108        -       0x00000378   Zero   RW          314    .bss                usart.o
    0x20000480        -       0x00000130   Zero   RW          385    .bss                tim.o
    0x200005b0        -       0x0000091a   Zero   RW         4769    .bss                modbus_slave.o
    0x20000eca        -       0x0000000f   Zero   RW         5200    .bss                scscl.o
    0x20000ed9        -       0x00000080   Zero   RW         5304    .bss                scserail.o
    0x20000f59   0x08004f04   0x00000003   PAD
    0x20000f5c        -       0x00000070   Zero   RW         5442    .bss                las10_bridge.o
    0x20000fcc   0x08004f04   0x00000004   PAD
    0x20000fd0        -       0x00000400   Zero   RW            1    STACK               startup_stm32g474xx.o


==============================================================================

Image component sizes


      Code (inc. data)   RO Data    RW Data    ZI Data      Debug   Object Name

       204         22          0          0        100       2059   fdcan.o
       140          8          0          0          0       1139   gpio.o
       216         20          0          0         84       2045   i2c.o
      1554         56          0         14        112      14930   las10_bridge.o
       222         16          0          1          0     905996   main.o
      1144         70        512          0       2330      12439   modbus_slave.o
        50          8          0          9          0       2359   my_system.o
       732         26          0         20          0       9294   scs.o
      1176         56          0         12          0       7699   scs_modbus_bridge.o
        58         12          0          0          0       2262   scs_port_hal.o
       290         36          0          0         15       5840   scscl.o
        80         18          0          1        128       3053   scserail.o
        36          8        472          0       1024        880   startup_stm32g474xx.o
       162         24          0         12          0       4829   stm32g4xx_hal.o
       198         14          0          0          0      34271   stm32g4xx_hal_cortex.o
       226          0          0          0          0       2155   stm32g4xx_hal_dma.o
       536         24          0          0          0       3997   stm32g4xx_hal_fdcan.o
       594         34          0          0          0       2560   stm32g4xx_hal_gpio.o
       188          4          0          0          0       3391   stm32g4xx_hal_i2c.o
       168          0          0          0          0       2127   stm32g4xx_hal_i2c_ex.o
        48          6          0          0          0       1010   stm32g4xx_hal_msp.o
       204         18          0          0          0       1549   stm32g4xx_hal_pwr_ex.o
      1684         88          0          0          0       6700   stm32g4xx_hal_rcc.o
       768         10          0          0          0       2112   stm32g4xx_hal_rcc_ex.o
      1242         82          0          0          0      11537   stm32g4xx_hal_tim.o
       198         34          0          0          0       6080   stm32g4xx_hal_tim_ex.o
      4174        148         24          0          0      39749   stm32g4xx_hal_uart.o
       428         10         16          0          0       6997   stm32g4xx_hal_uart_ex.o
        92         36          0          0          0       8046   stm32g4xx_it.o
        16          4         24          4          0       1343   system_stm32g4xx.o
       624         70          0          2        304       6753   tim.o
      1272        100          0          0        888       6250   usart.o

    ----------------------------------------------------------------------
     18750       1062       1080         80       4992    1121451   Object Totals
         0          0         32          0          0          0   (incl. Generated)
        26          0          0          5          7          0   (incl. Padding)

    ----------------------------------------------------------------------

      Code (inc. data)   RO Data    RW Data    ZI Data      Debug   Library Member Name

         0          0          0          0          0          0   entry.o
         0          0          0          0          0          0   entry10a.o
         0          0          0          0          0          0   entry11a.o
         8          4          0          0          0          0   entry2.o
         4          0          0          0          0          0   entry5.o
         0          0          0          0          0          0   entry7b.o
         0          0          0          0          0          0   entry8b.o
         8          4          0          0          0          0   entry9a.o
        30          0          0          0          0          0   handlers.o
        36          8          0          0          0         68   init.o
        30          0          0          0          0         68   llshl.o
        32          0          0          0          0         68   llushr.o
        36          0          0          0          0         68   memcpya.o
        36          0          0          0          0        108   memseta.o
        98          0          0          0          0         92   uldiv.o

    ----------------------------------------------------------------------
       318         16          0          0          0        472   Library Totals
         0          0          0          0          0          0   (incl. Padding)

    ----------------------------------------------------------------------

      Code (inc. data)   RO Data    RW Data    ZI Data      Debug   Library Name

       318         16          0          0          0        472   mc_w.l

    ----------------------------------------------------------------------
       318         16          0          0          0        472   Library Totals

    ----------------------------------------------------------------------

==============================================================================


      Code (inc. data)   RO Data    RW Data    ZI Data      Debug   

     19068       1078       1080         80       4992    1105371   Grand Totals
     19068       1078       1080         80       4992    1105371   ELF Image Totals
     19068       1078       1080         80          0          0   ROM Totals

==============================================================================

    Total RO  Size (Code + RO Data)                20148 (  19.68kB)
    Total RW  Size (RW Data + ZI Data)              5072 (   4.95kB)
    Total ROM Size (Code + RO Data + RW Data)      20228 (  19.75kB)

==============================================================================

