<html>
<body>
<pre>
<h1>礦ision Build Log</h1>
<h2>Tool Versions:</h2>
IDE-Version: μVision V5.25.3.0
Copyright (C) 2018 ARM Ltd and ARM Germany GmbH. All rights reserved.
License Information: liu lsk, liu, LIC=RC93N-YHUM8-63BMB-2N58F-BTK5Z-L43WV
 
Tool Versions:
Toolchain:       MDK-ARM Plus  Version: 5.24.1
Toolchain Path:  C:\Keil_v5\ARM\ARMCC\Bin
C Compiler:      Armcc.exe V5.06 update 5 (build 528)
Assembler:       Armasm.exe V5.06 update 5 (build 528)
Linker/Locator:  ArmLink.exe V5.06 update 5 (build 528)
Library Manager: ArmAr.exe V5.06 update 5 (build 528)
Hex Converter:   FromElf.exe V5.06 update 5 (build 528)
CPU DLL:         SARMCM3.DLL V5.24.1
Dialog DLL:      DCM.DLL V1.16.0.0
Target DLL:      STLink\ST-LINKIII-KEIL_SWO.dll V3.0.1.0
Dialog DLL:      TCM.DLL V1.32.0.0
 
<h2>Project:</h2>
C:\Users\lsk\Desktop\灵巧手\灵巧手最终控制程序\灵巧手最终控制程序\灵巧手软件程序\MDK-ARM\STM32G474RET6.uvprojx
Project File Date:  12/15/2025

<h2>Output:</h2>
*** Using Compiler 'V5.06 update 5 (build 528)', folder: 'C:\Keil_v5\ARM\ARMCC\Bin'
Rebuild target 'STM32G474RET6'
assembling startup_stm32g474xx.s...
compiling stm32g4xx_hal.c...
compiling i2c.c...
compiling stm32g4xx_hal_fdcan.c...
compiling fdcan.c...
compiling gpio.c...
compiling stm32g4xx_hal_flash.c...
compiling stm32g4xx_hal_msp.c...
compiling usart.c...
compiling stm32g4xx_it.c...
compiling main.c...
compiling tim.c...
compiling stm32g4xx_hal_flash_ex.c...
compiling stm32g4xx_hal_flash_ramfunc.c...
compiling stm32g4xx_hal_rcc_ex.c...
compiling stm32g4xx_hal_rcc.c...
compiling stm32g4xx_hal_exti.c...
compiling stm32g4xx_hal_uart_ex.c...
compiling stm32g4xx_hal_pwr.c...
compiling SCS.c...
compiling stm32g4xx_hal_i2c_ex.c...
compiling stm32g4xx_hal_gpio.c...
compiling stm32g4xx_hal_dma.c...
compiling SCSCL.c...
compiling system_stm32g4xx.c...
compiling stm32g4xx_hal_dma_ex.c...
compiling stm32g4xx_hal_cortex.c...
compiling stm32g4xx_hal_pwr_ex.c...
compiling stm32g4xx_hal_i2c.c...
compiling stm32g4xx_hal_tim_ex.c...
compiling stm32g4xx_hal_uart.c...
compiling MODBUS_SLAVE.c...
..\MODBUS_SLAVE\MODBUS_SLAVE.c(73): warning:  #177-D: function "wait_tx_tc"  was declared but never referenced
  static inline void wait_tx_tc(void){
..\MODBUS_SLAVE\MODBUS_SLAVE.c: 1 warning, 0 errors
compiling stm32g4xx_hal_tim.c...
compiling my_system.c...
compiling SCSerail.c...
compiling scs_port_hal.c...
compiling scs_modbus_bridge.c...
compiling sensor_i2c.c...
linking...
Program Size: Code=17200 RO-data=1080 RW-data=68 ZI-data=3700  
FromELF: creating hex file...
"STM32G474RET6\STM32G474RET6.axf" - 0 Error(s), 1 Warning(s).

<h2>Software Packages used:</h2>

Package Vendor: ARM
                http://www.keil.com/pack/ARM.CMSIS.5.0.1.pack
                ARM.CMSIS.5.0.1
                CMSIS (Cortex Microcontroller Software Interface Standard)
   * Component: CORE Version: 5.0.1

Package Vendor: Keil
                https://www.keil.com/pack/Keil.STM32G4xx_DFP.1.5.0.pack
                Keil.STM32G4xx_DFP.1.5.0
                STMicroelectronics STM32G4 Series Device Support, Drivers and Examples

<h2>Collection of Component include folders:</h2>
  .\RTE\_STM32G474RET6
  C:\Keil_v5\ARM\PACK\ARM\CMSIS\5.0.1\CMSIS\Include
  C:\Keil_v5\ARM\PACK\Keil\STM32G4xx_DFP\1.5.0\Drivers\CMSIS\Device\ST\STM32G4xx\Include

<h2>Collection of Component Files used:</h2>

   * Component: ARM::CMSIS:CORE:5.0.1
Build Time Elapsed:  00:00:23
</pre>
</body>
</html>
