Component: ARM Compiler 5.06 update 5 (build 528) Tool: armlink [4d35e2]

==============================================================================

Section Cross References

    startup_stm32g474xx.o(RESET) refers to startup_stm32g474xx.o(STACK) for __initial_sp
    startup_stm32g474xx.o(RESET) refers to startup_stm32g474xx.o(.text) for Reset_Handler
    startup_stm32g474xx.o(RESET) refers to stm32g4xx_it.o(i.NMI_Handler) for NMI_Handler
    startup_stm32g474xx.o(RESET) refers to stm32g4xx_it.o(i.HardFault_Handler) for HardFault_Handler
    startup_stm32g474xx.o(RESET) refers to stm32g4xx_it.o(i.MemManage_Handler) for MemManage_Handler
    startup_stm32g474xx.o(RESET) refers to stm32g4xx_it.o(i.BusFault_Handler) for BusFault_Handler
    startup_stm32g474xx.o(RESET) refers to stm32g4xx_it.o(i.UsageFault_Handler) for UsageFault_Handler
    startup_stm32g474xx.o(RESET) refers to stm32g4xx_it.o(i.SVC_Handler) for SVC_Handler
    startup_stm32g474xx.o(RESET) refers to stm32g4xx_it.o(i.DebugMon_Handler) for DebugMon_Handler
    startup_stm32g474xx.o(RESET) refers to stm32g4xx_it.o(i.PendSV_Handler) for PendSV_Handler
    startup_stm32g474xx.o(RESET) refers to stm32g4xx_it.o(i.SysTick_Handler) for SysTick_Handler
    startup_stm32g474xx.o(RESET) refers to stm32g4xx_it.o(i.TIM2_IRQHandler) for TIM2_IRQHandler
    startup_stm32g474xx.o(RESET) refers to stm32g4xx_it.o(i.TIM3_IRQHandler) for TIM3_IRQHandler
    startup_stm32g474xx.o(.text) refers to system_stm32g4xx.o(i.SystemInit) for SystemInit
    startup_stm32g474xx.o(.text) refers to entry.o(.ARM.Collect$$$$00000000) for __main
    main.o(i.SystemClock_Config) refers to memseta.o(.text) for __aeabi_memclr4
    main.o(i.SystemClock_Config) refers to stm32g4xx_hal_pwr_ex.o(i.HAL_PWREx_ControlVoltageScaling) for HAL_PWREx_ControlVoltageScaling
    main.o(i.SystemClock_Config) refers to stm32g4xx_hal_rcc.o(i.HAL_RCC_OscConfig) for HAL_RCC_OscConfig
    main.o(i.SystemClock_Config) refers to stm32g4xx_hal_rcc.o(i.HAL_RCC_ClockConfig) for HAL_RCC_ClockConfig
    main.o(i.main) refers to stm32g4xx_hal.o(i.HAL_Init) for HAL_Init
    main.o(i.main) refers to main.o(i.SystemClock_Config) for SystemClock_Config
    main.o(i.main) refers to gpio.o(i.MX_GPIO_Init) for MX_GPIO_Init
    main.o(i.main) refers to usart.o(i.MX_LPUART1_UART_Init) for MX_LPUART1_UART_Init
    main.o(i.main) refers to usart.o(i.MX_UART4_Init) for MX_UART4_Init
    main.o(i.main) refers to usart.o(i.MX_UART5_Init) for MX_UART5_Init
    main.o(i.main) refers to usart.o(i.MX_USART1_UART_Init) for MX_USART1_UART_Init
    main.o(i.main) refers to usart.o(i.MX_USART2_UART_Init) for MX_USART2_UART_Init
    main.o(i.main) refers to usart.o(i.MX_USART3_UART_Init) for MX_USART3_UART_Init
    main.o(i.main) refers to fdcan.o(i.MX_FDCAN2_Init) for MX_FDCAN2_Init
    main.o(i.main) refers to tim.o(i.MX_TIM3_Init) for MX_TIM3_Init
    main.o(i.main) refers to i2c.o(i.MX_I2C2_Init) for MX_I2C2_Init
    main.o(i.main) refers to tim.o(i.MX_TIM2_Init) for MX_TIM2_Init
    main.o(i.main) refers to stm32g4xx_hal.o(i.HAL_Delay) for HAL_Delay
    main.o(i.main) refers to stm32g4xx_hal_tim.o(i.HAL_TIM_Base_Start_IT) for HAL_TIM_Base_Start_IT
    main.o(i.main) refers to tim.o(.bss) for htim3
    main.o(i.main) refers to my_system.o(.data) for system
    gpio.o(i.MX_GPIO_Init) refers to memseta.o(.text) for __aeabi_memclr4
    gpio.o(i.MX_GPIO_Init) refers to stm32g4xx_hal_gpio.o(i.HAL_GPIO_WritePin) for HAL_GPIO_WritePin
    gpio.o(i.MX_GPIO_Init) refers to stm32g4xx_hal_gpio.o(i.HAL_GPIO_Init) for HAL_GPIO_Init
    fdcan.o(i.HAL_FDCAN_MspDeInit) refers to stm32g4xx_hal_gpio.o(i.HAL_GPIO_DeInit) for HAL_GPIO_DeInit
    fdcan.o(i.HAL_FDCAN_MspInit) refers to memseta.o(.text) for __aeabi_memclr4
    fdcan.o(i.HAL_FDCAN_MspInit) refers to stm32g4xx_hal_rcc_ex.o(i.HAL_RCCEx_PeriphCLKConfig) for HAL_RCCEx_PeriphCLKConfig
    fdcan.o(i.HAL_FDCAN_MspInit) refers to main.o(i.Error_Handler) for Error_Handler
    fdcan.o(i.HAL_FDCAN_MspInit) refers to stm32g4xx_hal_gpio.o(i.HAL_GPIO_Init) for HAL_GPIO_Init
    fdcan.o(i.MX_FDCAN2_Init) refers to stm32g4xx_hal_fdcan.o(i.HAL_FDCAN_Init) for HAL_FDCAN_Init
    fdcan.o(i.MX_FDCAN2_Init) refers to main.o(i.Error_Handler) for Error_Handler
    fdcan.o(i.MX_FDCAN2_Init) refers to fdcan.o(.bss) for .bss
    i2c.o(i.HAL_I2C_MspDeInit) refers to stm32g4xx_hal_gpio.o(i.HAL_GPIO_DeInit) for HAL_GPIO_DeInit
    i2c.o(i.HAL_I2C_MspInit) refers to memseta.o(.text) for __aeabi_memclr4
    i2c.o(i.HAL_I2C_MspInit) refers to stm32g4xx_hal_rcc_ex.o(i.HAL_RCCEx_PeriphCLKConfig) for HAL_RCCEx_PeriphCLKConfig
    i2c.o(i.HAL_I2C_MspInit) refers to main.o(i.Error_Handler) for Error_Handler
    i2c.o(i.HAL_I2C_MspInit) refers to stm32g4xx_hal_gpio.o(i.HAL_GPIO_Init) for HAL_GPIO_Init
    i2c.o(i.MX_I2C2_Init) refers to stm32g4xx_hal_i2c.o(i.HAL_I2C_Init) for HAL_I2C_Init
    i2c.o(i.MX_I2C2_Init) refers to main.o(i.Error_Handler) for Error_Handler
[...]
    ../clib/microlib/longlong.c              0x00000000   Number         0  llushr.o ABSOLUTE
    ../clib/microlib/longlong.c              0x00000000   Number         0  llsshr.o ABSOLUTE
    ../clib/microlib/malloc/malloc.c         0x00000000   Number         0  mallocra.o ABSOLUTE
    ../clib/microlib/malloc/malloc.c         0x00000000   Number         0  malloca.o ABSOLUTE
    ../clib/microlib/malloc/malloc.c         0x00000000   Number         0  mallocr.o ABSOLUTE
    ../clib/microlib/malloc/malloc.c         0x00000000   Number         0  malloc.o ABSOLUTE
    ../clib/microlib/malloc/mvars.c          0x00000000   Number         0  mvars.o ABSOLUTE
    ../clib/microlib/printf/printf.c         0x00000000   Number         0  printf1.o ABSOLUTE
    ../clib/microlib/printf/printf.c         0x00000000   Number         0  printf7.o ABSOLUTE
    ../clib/microlib/printf/printf.c         0x00000000   Number         0  printf0.o ABSOLUTE
    ../clib/microlib/printf/printf.c         0x00000000   Number         0  printfb.o ABSOLUTE
    ../clib/microlib/printf/printf.c         0x00000000   Number         0  printf6.o ABSOLUTE
    ../clib/microlib/printf/printf.c         0x00000000   Number         0  printf8.o ABSOLUTE
    ../clib/microlib/printf/printf.c         0x00000000   Number         0  printf5.o ABSOLUTE
    ../clib/microlib/printf/printf.c         0x00000000   Number         0  printfa.o ABSOLUTE
    ../clib/microlib/printf/printf.c         0x00000000   Number         0  printf4.o ABSOLUTE
    ../clib/microlib/printf/printf.c         0x00000000   Number         0  printf3.o ABSOLUTE
    ../clib/microlib/printf/printf.c         0x00000000   Number         0  printf2.o ABSOLUTE
    ../clib/microlib/printf/stubs.s          0x00000000   Number         0  stubs.o ABSOLUTE
    ../clib/microlib/stdio/streams.c         0x00000000   Number         0  stdout.o ABSOLUTE
    ../clib/microlib/string/memcpy.c         0x00000000   Number         0  memcpyb.o ABSOLUTE
    ../clib/microlib/string/memcpy.c         0x00000000   Number         0  memcpya.o ABSOLUTE
    ../clib/microlib/string/memset.c         0x00000000   Number         0  memseta.o ABSOLUTE
    ../clib/microlib/stubs.s                 0x00000000   Number         0  iusefp.o ABSOLUTE
    ../fplib/microlib/fpadd.c                0x00000000   Number         0  dadd.o ABSOLUTE
    ../fplib/microlib/fpdiv.c                0x00000000   Number         0  ddiv.o ABSOLUTE
    ../fplib/microlib/fpepilogue.c           0x00000000   Number         0  depilogue.o ABSOLUTE
    ../fplib/microlib/fpfix.c                0x00000000   Number         0  dfixul.o ABSOLUTE
    ../fplib/microlib/fpmul.c                0x00000000   Number         0  dmul.o ABSOLUTE
    ..\Core\Src\fdcan.c                      0x00000000   Number         0  fdcan.o ABSOLUTE
    ..\Core\Src\gpio.c                       0x00000000   Number         0  gpio.o ABSOLUTE
    ..\Core\Src\i2c.c                        0x00000000   Number         0  i2c.o ABSOLUTE
    ..\Core\Src\main.c                       0x00000000   Number         0  main.o ABSOLUTE
    ..\Core\Src\stm32g4xx_hal_msp.c          0x00000000   Number         0  stm32g4xx_hal_msp.o ABSOLUTE
    ..\Core\Src\stm32g4xx_it.c               0x00000000   Number         0  stm32g4xx_it.o ABSOLUTE
    ..\Core\Src\system_stm32g4xx.c           0x00000000   Number         0  system_stm32g4xx.o ABSOLUTE
    ..\Core\Src\tim.c                        0x00000000   Number         0  tim.o ABSOLUTE
    ..\Core\Src\usart.c                      0x00000000   Number         0  usart.o ABSOLUTE
    ..\Drivers\STM32G4xx_HAL_Driver\Src\stm32g4xx_hal.c 0x00000000   Number         0  stm32g4xx_hal.o ABSOLUTE
    ..\Drivers\STM32G4xx_HAL_Driver\Src\stm32g4xx_hal_cortex.c 0x00000000   Number         0  stm32g4xx_hal_cortex.o ABSOLUTE
    ..\Drivers\STM32G4xx_HAL_Driver\Src\stm32g4xx_hal_dma.c 0x00000000   Number         0  stm32g4xx_hal_dma.o ABSOLUTE
    ..\Drivers\STM32G4xx_HAL_Driver\Src\stm32g4xx_hal_dma_ex.c 0x00000000   Number         0  stm32g4xx_hal_dma_ex.o ABSOLUTE
    ..\Drivers\STM32G4xx_HAL_Driver\Src\stm32g4xx_hal_exti.c 0x00000000   Number         0  stm32g4xx_hal_exti.o ABSOLUTE
    ..\Drivers\STM32G4xx_HAL_Driver\Src\stm32g4xx_hal_fdcan.c 0x00000000   Number         0  stm32g4xx_hal_fdcan.o ABSOLUTE
    ..\Drivers\STM32G4xx_HAL_Driver\Src\stm32g4xx_hal_flash.c 0x00000000   Number         0  stm32g4xx_hal_flash.o ABSOLUTE
    ..\Drivers\STM32G4xx_HAL_Driver\Src\stm32g4xx_hal_flash_ex.c 0x00000000   Number         0  stm32g4xx_hal_flash_ex.o ABSOLUTE
    ..\Drivers\STM32G4xx_HAL_Driver\Src\stm32g4xx_hal_flash_ramfunc.c 0x00000000   Number         0  stm32g4xx_hal_flash_ramfunc.o ABSOLUTE
    ..\Drivers\STM32G4xx_HAL_Driver\Src\stm32g4xx_hal_gpio.c 0x00000000   Number         0  stm32g4xx_hal_gpio.o ABSOLUTE
    ..\Drivers\STM32G4xx_HAL_Driver\Src\stm32g4xx_hal_i2c.c 0x00000000   Number         0  stm32g4xx_hal_i2c.o ABSOLUTE
    ..\Drivers\STM32G4xx_HAL_Driver\Src\stm32g4xx_hal_i2c_ex.c 0x00000000   Number         0  stm32g4xx_hal_i2c_ex.o ABSOLUTE
    ..\Drivers\STM32G4xx_HAL_Driver\Src\stm32g4xx_hal_pwr.c 0x00000000   Number         0  stm32g4xx_hal_pwr.o ABSOLUTE
    ..\Drivers\STM32G4xx_HAL_Driver\Src\stm32g4xx_hal_pwr_ex.c 0x00000000   Number         0  stm32g4xx_hal_pwr_ex.o ABSOLUTE
    ..\Drivers\STM32G4xx_HAL_Driver\Src\stm32g4xx_hal_rcc.c 0x00000000   Number         0  stm32g4xx_hal_rcc.o ABSOLUTE
    ..\Drivers\STM32G4xx_HAL_Driver\Src\stm32g4xx_hal_rcc_ex.c 0x00000000   Number         0  stm32g4xx_hal_rcc_ex.o ABSOLUTE
    ..\Drivers\STM32G4xx_HAL_Driver\Src\stm32g4xx_hal_tim.c 0x00000000   Number         0  stm32g4xx_hal_tim.o ABSOLUTE
    ..\Drivers\STM32G4xx_HAL_Driver\Src\stm32g4xx_hal_tim_ex.c 0x00000000   Number         0  stm32g4xx_hal_tim_ex.o ABSOLUTE
    ..\Drivers\STM32G4xx_HAL_Driver\Src\stm32g4xx_hal_uart.c 0x00000000   Number         0  stm32g4xx_hal_uart.o ABSOLUTE
    ..\Drivers\STM32G4xx_HAL_Driver\Src\stm32g4xx_hal_uart_ex.c 0x00000000   Number         0  stm32g4xx_hal_uart_ex.o ABSOLUTE
    ..\MODBUS_SLAVE\MODBUS_SLAVE.c           0x00000000   Number         0  modbus_slave.o ABSOLUTE
    ..\MODBUS_SLAVE\my_system.c              0x00000000   Number         0  my_system.o ABSOLUTE
    ..\SCS\SCS.c                             0x00000000   Number         0  scs.o ABSOLUTE
    ..\SCS\SCSCL.c                           0x00000000   Number         0  scscl.o ABSOLUTE
    ..\SCS\SCSerail.c                        0x00000000   Number         0  scserail.o ABSOLUTE
    ..\SCS\scs_modbus_bridge.c               0x00000000   Number         0  scs_modbus_bridge.o ABSOLUTE
    ..\SCS\scs_port_hal.c                    0x00000000   Number         0  scs_port_hal.o ABSOLUTE
    ..\Sensor\sensor_i2c.c                   0x00000000   Number         0  sensor_i2c.o ABSOLUTE
    ..\\MODBUS_SLAVE\\MODBUS_SLAVE.c         0x00000000   Number         0  modbus_slave.o ABSOLUTE
    ..\\MODBUS_SLAVE\\my_system.c            0x00000000   Number         0  my_system.o ABSOLUTE
    ..\\SCS\\SCSerail.c                      0x00000000   Number         0  scserail.o ABSOLUTE
    ..\\SCS\\scs_modbus_bridge.c             0x00000000   Number         0  scs_modbus_bridge.o ABSOLUTE
    ..\\SCS\\scs_port_hal.c                  0x00000000   Number         0  scs_port_hal.o ABSOLUTE
    ..\\Sensor\\sensor_i2c.c                 0x00000000   Number         0  sensor_i2c.o ABSOLUTE
    cdrcmple.s                               0x00000000   Number         0  cdrcmple.o ABSOLUTE
    dc.s                                     0x00000000   Number         0  dc.o ABSOLUTE
    handlers.s                               0x00000000   Number         0  handlers.o ABSOLUTE
    init.s                                   0x00000000   Number         0  init.o ABSOLUTE
    startup_stm32g474xx.s                    0x00000000   Number         0  startup_stm32g474xx.o ABSOLUTE
    RESET                                    0x08000000   Section      472  startup_stm32g474xx.o(RESET)
    .ARM.Collect$$$$00000000                 0x080001d8   Section        0  entry.o(.ARM.Collect$$$$00000000)
    .ARM.Collect$$$$00000001                 0x080001d8   Section        4  entry2.o(.ARM.Collect$$$$00000001)
    .ARM.Collect$$$$00000004                 0x080001dc   Section        4  entry5.o(.ARM.Collect$$$$00000004)
    .ARM.Collect$$$$00000008                 0x080001e0   Section        0  entry7b.o(.ARM.Collect$$$$00000008)
    .ARM.Collect$$$$0000000A                 0x080001e0   Section        0  entry8b.o(.ARM.Collect$$$$0000000A)
    .ARM.Collect$$$$0000000B                 0x080001e0   Section        8  entry9a.o(.ARM.Collect$$$$0000000B)
    .ARM.Collect$$$$0000000D                 0x080001e8   Section        0  entry10a.o(.ARM.Collect$$$$0000000D)
    .ARM.Collect$$$$0000000F                 0x080001e8   Section        0  entry11a.o(.ARM.Collect$$$$0000000F)
    .ARM.Collect$$$$00002712                 0x080001e8   Section        4  entry2.o(.ARM.Collect$$$$00002712)
    __lit__00000000                          0x080001e8   Data           4  entry2.o(.ARM.Collect$$$$00002712)
    .text                                    0x080001ec   Section       36  startup_stm32g474xx.o(.text)
    $v0                                      0x080001ec   Number         0  startup_stm32g474xx.o(.text)
    .text                                    0x08000210   Section        0  uldiv.o(.text)
    .text                                    0x08000272   Section        0  memseta.o(.text)
    .text                                    0x08000296   Section        0  llshl.o(.text)
    .text                                    0x080002b4   Section        0  llushr.o(.text)
    .text                                    0x080002d4   Section       36  init.o(.text)
    i.Ack                                    0x080002f8   Section        0  scs.o(i.Ack)
    i.BusFault_Handler                       0x08000364   Section        0  stm32g4xx_it.o(i.BusFault_Handler)
    i.DebugMon_Handler                       0x08000366   Section        0  stm32g4xx_it.o(i.DebugMon_Handler)
    i.EnableTorque                           0x08000368   Section        0  scscl.o(i.EnableTorque)
    i.Error_Handler                          0x08000370   Section        0  main.o(i.Error_Handler)
    i.HAL_Delay                              0x08000374   Section        0  stm32g4xx_hal.o(i.HAL_Delay)
    i.HAL_FDCAN_Init                         0x08000398   Section        0  stm32g4xx_hal_fdcan.o(i.HAL_FDCAN_Init)
    i.HAL_FDCAN_MspInit                      0x080005b0   Section        0  fdcan.o(i.HAL_FDCAN_MspInit)
    i.HAL_GPIO_Init                          0x08000630   Section        0  stm32g4xx_hal_gpio.o(i.HAL_GPIO_Init)
    i.HAL_GPIO_TogglePin                     0x08000878   Section        0  stm32g4xx_hal_gpio.o(i.HAL_GPIO_TogglePin)
    i.HAL_GPIO_WritePin                      0x08000888   Section        0  stm32g4xx_hal_gpio.o(i.HAL_GPIO_WritePin)
    i.HAL_GetTick                            0x08000894   Section        0  stm32g4xx_hal.o(i.HAL_GetTick)
    i.HAL_I2CEx_ConfigAnalogFilter           0x080008a0   Section        0  stm32g4xx_hal_i2c_ex.o(i.HAL_I2CEx_ConfigAnalogFilter)
    i.HAL_I2CEx_ConfigDigitalFilter          0x080008f6   Section        0  stm32g4xx_hal_i2c_ex.o(i.HAL_I2CEx_ConfigDigitalFilter)
    i.HAL_I2C_Init                           0x08000948   Section        0  stm32g4xx_hal_i2c.o(i.HAL_I2C_Init)
    i.HAL_I2C_MspInit                        0x08000a04   Section        0  i2c.o(i.HAL_I2C_MspInit)
    i.HAL_IncTick                            0x08000a84   Section        0  stm32g4xx_hal.o(i.HAL_IncTick)
    i.HAL_Init                               0x08000a94   Section        0  stm32g4xx_hal.o(i.HAL_Init)
    i.HAL_InitTick                           0x08000ab4   Section        0  stm32g4xx_hal.o(i.HAL_InitTick)
    i.HAL_MspInit                            0x08000af8   Section        0  stm32g4xx_hal_msp.o(i.HAL_MspInit)
    i.HAL_NVIC_EnableIRQ                     0x08000b28   Section        0  stm32g4xx_hal_cortex.o(i.HAL_NVIC_EnableIRQ)
    i.HAL_NVIC_SetPriority                   0x08000b44   Section        0  stm32g4xx_hal_cortex.o(i.HAL_NVIC_SetPriority)
    i.HAL_NVIC_SetPriorityGrouping           0x08000b84   Section        0  stm32g4xx_hal_cortex.o(i.HAL_NVIC_SetPriorityGrouping)
    i.HAL_PWREx_ControlVoltageScaling        0x08000ba8   Section        0  stm32g4xx_hal_pwr_ex.o(i.HAL_PWREx_ControlVoltageScaling)
    i.HAL_PWREx_DisableUCPDDeadBattery       0x08000c64   Section        0  stm32g4xx_hal_pwr_ex.o(i.HAL_PWREx_DisableUCPDDeadBattery)
    i.HAL_RCCEx_PeriphCLKConfig              0x08000c74   Section        0  stm32g4xx_hal_rcc_ex.o(i.HAL_RCCEx_PeriphCLKConfig)
    i.HAL_RCC_ClockConfig                    0x08000f74   Section        0  stm32g4xx_hal_rcc.o(i.HAL_RCC_ClockConfig)
    i.HAL_RCC_GetPCLK1Freq                   0x08001150   Section        0  stm32g4xx_hal_rcc.o(i.HAL_RCC_GetPCLK1Freq)
    i.HAL_RCC_GetPCLK2Freq                   0x08001174   Section        0  stm32g4xx_hal_rcc.o(i.HAL_RCC_GetPCLK2Freq)
    i.HAL_RCC_GetSysClockFreq                0x08001198   Section        0  stm32g4xx_hal_rcc.o(i.HAL_RCC_GetSysClockFreq)
    i.HAL_RCC_OscConfig                      0x08001204   Section        0  stm32g4xx_hal_rcc.o(i.HAL_RCC_OscConfig)
    i.HAL_RS485Ex_Init                       0x08001608   Section        0  stm32g4xx_hal_uart_ex.o(i.HAL_RS485Ex_Init)
    i.HAL_SYSTICK_Config                     0x08001694   Section        0  stm32g4xx_hal_cortex.o(i.HAL_SYSTICK_Config)
    i.HAL_TIMEx_Break2Callback               0x080016bc   Section        0  stm32g4xx_hal_tim_ex.o(i.HAL_TIMEx_Break2Callback)
    i.HAL_TIMEx_BreakCallback                0x080016be   Section        0  stm32g4xx_hal_tim_ex.o(i.HAL_TIMEx_BreakCallback)
    i.HAL_TIMEx_CommutCallback               0x080016c0   Section        0  stm32g4xx_hal_tim_ex.o(i.HAL_TIMEx_CommutCallback)
    i.HAL_TIMEx_DirectionChangeCallback      0x080016c2   Section        0  stm32g4xx_hal_tim_ex.o(i.HAL_TIMEx_DirectionChangeCallback)
    i.HAL_TIMEx_EncoderIndexCallback         0x080016c4   Section        0  stm32g4xx_hal_tim_ex.o(i.HAL_TIMEx_EncoderIndexCallback)
    i.HAL_TIMEx_IndexErrorCallback           0x080016c6   Section        0  stm32g4xx_hal_tim_ex.o(i.HAL_TIMEx_IndexErrorCallback)
    i.HAL_TIMEx_MasterConfigSynchronization  0x080016c8   Section        0  stm32g4xx_hal_tim_ex.o(i.HAL_TIMEx_MasterConfigSynchronization)
    i.HAL_TIMEx_TransitionErrorCallback      0x08001780   Section        0  stm32g4xx_hal_tim_ex.o(i.HAL_TIMEx_TransitionErrorCallback)
    i.HAL_TIM_Base_Init                      0x08001782   Section        0  stm32g4xx_hal_tim.o(i.HAL_TIM_Base_Init)
    i.HAL_TIM_Base_MspInit                   0x080017e4   Section        0  tim.o(i.HAL_TIM_Base_MspInit)
    i.HAL_TIM_Base_Start_IT                  0x08001844   Section        0  stm32g4xx_hal_tim.o(i.HAL_TIM_Base_Start_IT)
    i.HAL_TIM_ConfigClockSource              0x080018d0   Section        0  stm32g4xx_hal_tim.o(i.HAL_TIM_ConfigClockSource)
    i.HAL_TIM_IC_CaptureCallback             0x080019c0   Section        0  stm32g4xx_hal_tim.o(i.HAL_TIM_IC_CaptureCallback)
    i.HAL_TIM_IRQHandler                     0x080019c2   Section        0  stm32g4xx_hal_tim.o(i.HAL_TIM_IRQHandler)
    i.HAL_TIM_OC_DelayElapsedCallback        0x08001b64   Section        0  stm32g4xx_hal_tim.o(i.HAL_TIM_OC_DelayElapsedCallback)
    i.HAL_TIM_PWM_PulseFinishedCallback      0x08001b66   Section        0  stm32g4xx_hal_tim.o(i.HAL_TIM_PWM_PulseFinishedCallback)
    i.HAL_TIM_PeriodElapsedCallback          0x08001b68   Section        0  tim.o(i.HAL_TIM_PeriodElapsedCallback)
    i.HAL_TIM_TriggerCallback                0x08001ba0   Section        0  stm32g4xx_hal_tim.o(i.HAL_TIM_TriggerCallback)
    i.HAL_UARTEx_DisableFifoMode             0x08001ba2   Section        0  stm32g4xx_hal_uart_ex.o(i.HAL_UARTEx_DisableFifoMode)
    i.HAL_UARTEx_RxEventCallback             0x08001be0   Section        0  stm32g4xx_hal_uart.o(i.HAL_UARTEx_RxEventCallback)
    i.HAL_UARTEx_SetRxFifoThreshold          0x08001be2   Section        0  stm32g4xx_hal_uart_ex.o(i.HAL_UARTEx_SetRxFifoThreshold)
    i.HAL_UARTEx_SetTxFifoThreshold          0x08001c2e   Section        0  stm32g4xx_hal_uart_ex.o(i.HAL_UARTEx_SetTxFifoThreshold)
    i.HAL_UART_ErrorCallback                 0x08001c7a   Section        0  stm32g4xx_hal_uart.o(i.HAL_UART_ErrorCallback)
    i.HAL_UART_Init                          0x08001c7c   Section        0  stm32g4xx_hal_uart.o(i.HAL_UART_Init)
    i.HAL_UART_MspInit                       0x08001ce8   Section        0  usart.o(i.HAL_UART_MspInit)
    i.HAL_UART_Receive                       0x08001f34   Section        0  stm32g4xx_hal_uart.o(i.HAL_UART_Receive)
    i.HAL_UART_Receive_IT                    0x0800201c   Section        0  stm32g4xx_hal_uart.o(i.HAL_UART_Receive_IT)
    i.HAL_UART_RxCpltCallback                0x08002064   Section        0  modbus_slave.o(i.HAL_UART_RxCpltCallback)
    i.HAL_UART_Transmit                      0x080020b8   Section        0  stm32g4xx_hal_uart.o(i.HAL_UART_Transmit)
    i.HardFault_Handler                      0x08002166   Section        0  stm32g4xx_it.o(i.HardFault_Handler)
    i.Host2SCS                               0x08002168   Section        0  scs.o(i.Host2SCS)
    i.LED_TEST                               0x08002188   Section        0  modbus_slave.o(i.LED_TEST)
    i.MODBUS_ERROR                           0x080021b0   Section        0  modbus_slave.o(i.MODBUS_ERROR)
    i.MODBUS_EVENT_PRO                       0x080021f8   Section        0  modbus_slave.o(i.MODBUS_EVENT_PRO)
    i.MODBUS_FUNCTION_03                     0x08002274   Section        0  modbus_slave.o(i.MODBUS_FUNCTION_03)
    i.MODBUS_FUNCTION_06                     0x08002328   Section        0  modbus_slave.o(i.MODBUS_FUNCTION_06)
    i.MODBUS_FUNCTION_10                     0x080023bc   Section        0  modbus_slave.o(i.MODBUS_FUNCTION_10)
    i.MODBUS_Init                            0x08002494   Section        0  modbus_slave.o(i.MODBUS_Init)
    i.MX_FDCAN2_Init                         0x080024f4   Section        0  fdcan.o(i.MX_FDCAN2_Init)
    i.MX_GPIO_Init                           0x08002540   Section        0  gpio.o(i.MX_GPIO_Init)
    i.MX_I2C2_Init                           0x080025cc   Section        0  i2c.o(i.MX_I2C2_Init)
    i.MX_LPUART1_UART_Init                   0x08002624   Section        0  usart.o(i.MX_LPUART1_UART_Init)
    i.MX_TIM2_Init                           0x08002688   Section        0  tim.o(i.MX_TIM2_Init)
    i.MX_TIM3_Init                           0x080026f0   Section        0  tim.o(i.MX_TIM3_Init)
    i.MX_UART4_Init                          0x08002758   Section        0  usart.o(i.MX_UART4_Init)
    i.MX_UART5_Init                          0x080027c0   Section        0  usart.o(i.MX_UART5_Init)
    i.MX_USART1_UART_Init                    0x08002828   Section        0  usart.o(i.MX_USART1_UART_Init)
    i.MX_USART2_UART_Init                    0x08002890   Section        0  usart.o(i.MX_USART2_UART_Init)
    i.MX_USART3_UART_Init                    0x080028fc   Section        0  usart.o(i.MX_USART3_UART_Init)
    i.MY_UART_SendByte                       0x08002964   Section        0  modbus_slave.o(i.MY_UART_SendByte)
    i.MemManage_Handler                      0x0800297c   Section        0  stm32g4xx_it.o(i.MemManage_Handler)
    i.NMI_Handler                            0x0800297e   Section        0  stm32g4xx_it.o(i.NMI_Handler)
    i.PendSV_Handler                         0x08002980   Section        0  stm32g4xx_it.o(i.PendSV_Handler)
    i.Per_Init                               0x08002982   Section        0  my_system.o(i.Per_Init)
    Per_Init                                 0x08002983   Thumb Code    14  my_system.o(i.Per_Init)
    i.RS485_Send_Byte                        0x08002990   Section        0  modbus_slave.o(i.RS485_Send_Byte)
    i.Read                                   0x080029a0   Section        0  scs.o(i.Read)
    i.ReadCurrent                            0x08002a6c   Section        0  scscl.o(i.ReadCurrent)
    i.ReadLoad                               0x08002a98   Section        0  scscl.o(i.ReadLoad)
    i.ReadPos                                0x08002ac4   Section        0  scscl.o(i.ReadPos)
    i.ReadSpeed                              0x08002af0   Section        0  scscl.o(i.ReadSpeed)
    i.ReadTemper                             0x08002b1c   Section        0  scscl.o(i.ReadTemper)
    i.ReadVoltage                            0x08002b34   Section        0  scscl.o(i.ReadVoltage)
    i.SCS2Host                               0x08002b4c   Section        0  scs.o(i.SCS2Host)
    i.SCS_Bridge_Init                        0x08002b64   Section        0  scs_modbus_bridge.o(i.SCS_Bridge_Init)
    i.SCS_Bridge_OnWrite                     0x08002ba0   Section        0  scs_modbus_bridge.o(i.SCS_Bridge_OnWrite)
    i.SCS_Bridge_Poll_20ms                   0x08002d68   Section        0  scs_modbus_bridge.o(i.SCS_Bridge_Poll_20ms)
    i.SCS_ExecWritePosN                      0x08002ed4   Section        0  scs_modbus_bridge.o(i.SCS_ExecWritePosN)
    i.SCS_GoAngleDeg                         0x08002f44   Section        0  scs_modbus_bridge.o(i.SCS_GoAngleDeg)
    SCS_GoAngleDeg                           0x08002f45   Thumb Code   104  scs_modbus_bridge.o(i.SCS_GoAngleDeg)
    i.SCS_LoopStartNow                       0x08002fb4   Section        0  scs_modbus_bridge.o(i.SCS_LoopStartNow)
    SCS_LoopStartNow                         0x08002fb5   Thumb Code    42  scs_modbus_bridge.o(i.SCS_LoopStartNow)
    i.SVC_Handler                            0x08002fe8   Section        0  stm32g4xx_it.o(i.SVC_Handler)
    i.SysTick_Handler                        0x08002fea   Section        0  stm32g4xx_it.o(i.SysTick_Handler)
    i.SystemClock_Config                     0x08002fee   Section        0  main.o(i.SystemClock_Config)
    i.SystemInit                             0x08003058   Section        0  system_stm32g4xx.o(i.SystemInit)
    i.System_Run                             0x08003068   Section        0  my_system.o(i.System_Run)
    System_Run                               0x08003069   Thumb Code    64  my_system.o(i.System_Run)
    i.TIM2_IRQHandler                        0x080030b4   Section        0  stm32g4xx_it.o(i.TIM2_IRQHandler)
    i.TIM3_IRQHandler                        0x080030c0   Section        0  stm32g4xx_it.o(i.TIM3_IRQHandler)
    i.TIM_Base_SetConfig                     0x080030cc   Section        0  stm32g4xx_hal_tim.o(i.TIM_Base_SetConfig)
    i.TIM_ETR_SetConfig                      0x080031b0   Section        0  stm32g4xx_hal_tim.o(i.TIM_ETR_SetConfig)
    i.TIM_ITRx_SetConfig                     0x080031c4   Section        0  stm32g4xx_hal_tim.o(i.TIM_ITRx_SetConfig)
    TIM_ITRx_SetConfig                       0x080031c5   Thumb Code    16  stm32g4xx_hal_tim.o(i.TIM_ITRx_SetConfig)
    i.TIM_TI1_ConfigInputStage               0x080031d8   Section        0  stm32g4xx_hal_tim.o(i.TIM_TI1_ConfigInputStage)
    TIM_TI1_ConfigInputStage                 0x080031d9   Thumb Code    34  stm32g4xx_hal_tim.o(i.TIM_TI1_ConfigInputStage)
    i.TIM_TI2_ConfigInputStage               0x080031fa   Section        0  stm32g4xx_hal_tim.o(i.TIM_TI2_ConfigInputStage)
    TIM_TI2_ConfigInputStage                 0x080031fb   Thumb Code    36  stm32g4xx_hal_tim.o(i.TIM_TI2_ConfigInputStage)
    i.UARTEx_SetNbDataToProcess              0x08003220   Section        0  stm32g4xx_hal_uart_ex.o(i.UARTEx_SetNbDataToProcess)
    UARTEx_SetNbDataToProcess                0x08003221   Thumb Code    62  stm32g4xx_hal_uart_ex.o(i.UARTEx_SetNbDataToProcess)
    i.UART_AdvFeatureConfig                  0x08003264   Section        0  stm32g4xx_hal_uart.o(i.UART_AdvFeatureConfig)
    i.UART_CheckIdleState                    0x0800332c   Section        0  stm32g4xx_hal_uart.o(i.UART_CheckIdleState)
    i.UART_EndRxTransfer                     0x080033d8   Section        0  stm32g4xx_hal_uart.o(i.UART_EndRxTransfer)
    UART_EndRxTransfer                       0x080033d9   Thumb Code    78  stm32g4xx_hal_uart.o(i.UART_EndRxTransfer)
    i.UART_RxISR_16BIT                       0x0800342c   Section        0  stm32g4xx_hal_uart.o(i.UART_RxISR_16BIT)
    UART_RxISR_16BIT                         0x0800342d   Thumb Code   196  stm32g4xx_hal_uart.o(i.UART_RxISR_16BIT)
    i.UART_RxISR_16BIT_FIFOEN                0x080034f4   Section        0  stm32g4xx_hal_uart.o(i.UART_RxISR_16BIT_FIFOEN)
    UART_RxISR_16BIT_FIFOEN                  0x080034f5   Thumb Code   402  stm32g4xx_hal_uart.o(i.UART_RxISR_16BIT_FIFOEN)
    i.UART_RxISR_8BIT                        0x08003694   Section        0  stm32g4xx_hal_uart.o(i.UART_RxISR_8BIT)
    UART_RxISR_8BIT                          0x08003695   Thumb Code   196  stm32g4xx_hal_uart.o(i.UART_RxISR_8BIT)
    i.UART_RxISR_8BIT_FIFOEN                 0x0800375c   Section        0  stm32g4xx_hal_uart.o(i.UART_RxISR_8BIT_FIFOEN)
    UART_RxISR_8BIT_FIFOEN                   0x0800375d   Thumb Code   402  stm32g4xx_hal_uart.o(i.UART_RxISR_8BIT_FIFOEN)
    i.UART_SetConfig                         0x080038fc   Section        0  stm32g4xx_hal_uart.o(i.UART_SetConfig)
    i.UART_Start_Receive_IT                  0x08003b94   Section        0  stm32g4xx_hal_uart.o(i.UART_Start_Receive_IT)
    i.UART_WaitOnFlagUntilTimeout            0x08003ca4   Section        0  stm32g4xx_hal_uart.o(i.UART_WaitOnFlagUntilTimeout)
    i.UsageFault_Handler                     0x08003d38   Section        0  stm32g4xx_it.o(i.UsageFault_Handler)
    i.WritePos                               0x08003d3a   Section        0  scscl.o(i.WritePos)
    i.__NVIC_SetPriority                     0x08003d74   Section        0  stm32g4xx_hal_cortex.o(i.__NVIC_SetPriority)
    __NVIC_SetPriority                       0x08003d75   Thumb Code    32  stm32g4xx_hal_cortex.o(i.__NVIC_SetPriority)
    i.__scatterload_copy                     0x08003d94   Section       14  handlers.o(i.__scatterload_copy)
    i.__scatterload_null                     0x08003da2   Section        2  handlers.o(i.__scatterload_null)
    i.__scatterload_zeroinit                 0x08003da4   Section       14  handlers.o(i.__scatterload_zeroinit)
    i.checkHead                              0x08003db2   Section        0  scs.o(i.checkHead)
    i.crc16                                  0x08003dec   Section        0  modbus_slave.o(i.crc16)
    i.ftBus_Delay                            0x08003e18   Section        0  scs_port_hal.o(i.ftBus_Delay)
    i.ftUart_Read                            0x08003e20   Section        0  scs_port_hal.o(i.ftUart_Read)
    i.ftUart_Send                            0x08003e40   Section        0  scs_port_hal.o(i.ftUart_Send)
    i.genWrite                               0x08003e54   Section        0  scs.o(i.genWrite)
    i.main                                   0x08003e80   Section        0  main.o(i.main)
    i.rFlushSCS                              0x08003ee8   Section        0  scserail.o(i.rFlushSCS)
    i.readByte                               0x08003eec   Section        0  scs.o(i.readByte)
    i.readSCS                                0x08003f06   Section        0  scserail.o(i.readSCS)
    i.readWord                               0x08003f0a   Section        0  scs.o(i.readWord)
    i.setEnd                                 0x08003f30   Section        0  scs.o(i.setEnd)
    i.sid                                    0x08003f3c   Section        0  scs_modbus_bridge.o(i.sid)
    sid                                      0x08003f3d   Thumb Code    14  scs_modbus_bridge.o(i.sid)
    i.wFlushSCS                              0x08003f50   Section        0  scserail.o(i.wFlushSCS)
    i.wait_tx_tc                             0x08003f70   Section        0  modbus_slave.o(i.wait_tx_tc)
    wait_tx_tc                               0x08003f71   Thumb Code    14  modbus_slave.o(i.wait_tx_tc)
    i.writeBuf                               0x08003f84   Section        0  scs.o(i.writeBuf)
    i.writeByte                              0x08004018   Section        0  scs.o(i.writeByte)
    i.writeSCS                               0x08004044   Section        0  scserail.o(i.writeSCS)
    .constdata                               0x0800406c   Section       24  stm32g4xx_hal_uart.o(.constdata)
    .constdata                               0x08004084   Section       16  stm32g4xx_hal_uart_ex.o(.constdata)
    numerator                                0x08004084   Data           8  stm32g4xx_hal_uart_ex.o(.constdata)
    denominator                              0x0800408c   Data           8  stm32g4xx_hal_uart_ex.o(.constdata)
    .constdata                               0x08004094   Section       16  system_stm32g4xx.o(.constdata)
    .constdata                               0x080040a4   Section        8  system_stm32g4xx.o(.constdata)
    .constdata                               0x080040ac   Section      512  modbus_slave.o(.constdata)
    .data                                    0x20000000   Section        1  main.o(.data)
    .data                                    0x20000002   Section        2  tim.o(.data)
    n                                        0x20000002   Data           2  tim.o(.data)
    .data                                    0x20000004   Section       12  stm32g4xx_hal.o(.data)
    .data                                    0x20000010   Section        4  system_stm32g4xx.o(.data)
    .data                                    0x20000014   Section        8  my_system.o(.data)
    .data                                    0x2000001c   Section        8  my_system.o(.data)
    .data                                    0x20000024   Section       20  scs.o(.data)
    Level                                    0x20000024   Data           1  scs.o(.data)
    End                                      0x20000025   Data           1  scs.o(.data)
    u8Status                                 0x20000026   Data           1  scs.o(.data)
    u8Error                                  0x20000027   Data           1  scs.o(.data)
    .data                                    0x20000038   Section       12  scs_modbus_bridge.o(.data)
    tick                                     0x20000038   Data           4  scs_modbus_bridge.o(.data)
    s_loop                                   0x2000003c   Data           8  scs_modbus_bridge.o(.data)
    .data                                    0x20000044   Section        1  scserail.o(.data)
    .bss                                     0x20000048   Section      100  fdcan.o(.bss)
    .bss                                     0x200000ac   Section       84  i2c.o(.bss)
    .bss                                     0x20000100   Section      888  usart.o(.bss)
    .bss                                     0x20000478   Section      152  tim.o(.bss)
    .bss                                     0x20000510   Section     1232  modbus_slave.o(.bss)
    .bss                                     0x200009e0   Section       15  scscl.o(.bss)
    Mem                                      0x200009e0   Data          15  scscl.o(.bss)
    .bss                                     0x200009ef   Section      128  scserail.o(.bss)
    STACK                                    0x20000a70   Section     1024  startup_stm32g474xx.o(STACK)

    Global Symbols

    Symbol Name                              Value     Ov Type        Size  Object(Section)

    BuildAttributes$$THM_ISAv4$E$P$D$K$B$S$7EM$VFPi3$EXTD16$VFPS$VFMA$PE$A:L22UL41UL21$X:L11$S22US41US21$IEEE1$IW$USESV6$~STKCKD$USESV7$~SHL$OSPACE$ROPI$EBA8$MICROLIB$REQ8$PRES8$EABIv2 0x00000000   Number         0  anon$$obj.o ABSOLUTE
    __ARM_use_no_argv                        0x00000000   Number         0  main.o ABSOLUTE
    _printf_a                                0x00000000   Number         0  stubs.o ABSOLUTE
    _printf_c                                0x00000000   Number         0  stubs.o ABSOLUTE
    _printf_charcount                        0x00000000   Number         0  stubs.o ABSOLUTE
    _printf_d                                0x00000000   Number         0  stubs.o ABSOLUTE
    _printf_e                                0x00000000   Number         0  stubs.o ABSOLUTE
    _printf_f                                0x00000000   Number         0  stubs.o ABSOLUTE
    _printf_flags                            0x00000000   Number         0  stubs.o ABSOLUTE
    _printf_fp_dec                           0x00000000   Number         0  stubs.o ABSOLUTE
    _printf_fp_hex                           0x00000000   Number         0  stubs.o ABSOLUTE
    _printf_g                                0x00000000   Number         0  stubs.o ABSOLUTE
    _printf_i                                0x00000000   Number         0  stubs.o ABSOLUTE
    _printf_int_dec                          0x00000000   Number         0  stubs.o ABSOLUTE
    _printf_l                                0x00000000   Number         0  stubs.o ABSOLUTE
    _printf_lc                               0x00000000   Number         0  stubs.o ABSOLUTE
    _printf_ll                               0x00000000   Number         0  stubs.o ABSOLUTE
    _printf_lld                              0x00000000   Number         0  stubs.o ABSOLUTE
    _printf_lli                              0x00000000   Number         0  stubs.o ABSOLUTE
    _printf_llo                              0x00000000   Number         0  stubs.o ABSOLUTE
    _printf_llu                              0x00000000   Number         0  stubs.o ABSOLUTE
    _printf_llx                              0x00000000   Number         0  stubs.o ABSOLUTE
    _printf_longlong_dec                     0x00000000   Number         0  stubs.o ABSOLUTE
    _printf_longlong_hex                     0x00000000   Number         0  stubs.o ABSOLUTE
    _printf_longlong_oct                     0x00000000   Number         0  stubs.o ABSOLUTE
    _printf_ls                               0x00000000   Number         0  stubs.o ABSOLUTE
    _printf_mbtowc                           0x00000000   Number         0  stubs.o ABSOLUTE
    _printf_n                                0x00000000   Number         0  stubs.o ABSOLUTE
    _printf_o                                0x00000000   Number         0  stubs.o ABSOLUTE
    _printf_p                                0x00000000   Number         0  stubs.o ABSOLUTE
    _printf_percent                          0x00000000   Number         0  stubs.o ABSOLUTE
    _printf_pre_padding                      0x00000000   Number         0  stubs.o ABSOLUTE
    _printf_return_value                     0x00000000   Number         0  stubs.o ABSOLUTE
    _printf_s                                0x00000000   Number         0  stubs.o ABSOLUTE
    _printf_sizespec                         0x00000000   Number         0  stubs.o ABSOLUTE
    _printf_str                              0x00000000   Number         0  stubs.o ABSOLUTE
    _printf_truncate_signed                  0x00000000   Number         0  stubs.o ABSOLUTE
    _printf_truncate_unsigned                0x00000000   Number         0  stubs.o ABSOLUTE
    _printf_u                                0x00000000   Number         0  stubs.o ABSOLUTE
    _printf_wc                               0x00000000   Number         0  stubs.o ABSOLUTE
    _printf_wctomb                           0x00000000   Number         0  stubs.o ABSOLUTE
    _printf_widthprec                        0x00000000   Number         0  stubs.o ABSOLUTE
    _printf_x                                0x00000000   Number         0  stubs.o ABSOLUTE
    __cpp_initialize__aeabi_                  - Undefined Weak Reference
    __cxa_finalize                            - Undefined Weak Reference
    __decompress                              - Undefined Weak Reference
    _clock_init                               - Undefined Weak Reference
    _microlib_exit                            - Undefined Weak Reference
    __Vectors_Size                           0x000001d8   Number         0  startup_stm32g474xx.o ABSOLUTE
    __Vectors                                0x08000000   Data           4  startup_stm32g474xx.o(RESET)
    __Vectors_End                            0x080001d8   Data           0  startup_stm32g474xx.o(RESET)
    __main                                   0x080001d9   Thumb Code     0  entry.o(.ARM.Collect$$$$00000000)
    _main_stk                                0x080001d9   Thumb Code     0  entry2.o(.ARM.Collect$$$$00000001)
    _main_scatterload                        0x080001dd   Thumb Code     0  entry5.o(.ARM.Collect$$$$00000004)
    __main_after_scatterload                 0x080001e1   Thumb Code     0  entry5.o(.ARM.Collect$$$$00000004)
    _main_clock                              0x080001e1   Thumb Code     0  entry7b.o(.ARM.Collect$$$$00000008)
    _main_cpp_init                           0x080001e1   Thumb Code     0  entry8b.o(.ARM.Collect$$$$0000000A)
    _main_init                               0x080001e1   Thumb Code     0  entry9a.o(.ARM.Collect$$$$0000000B)
    __rt_final_cpp                           0x080001e9   Thumb Code     0  entry10a.o(.ARM.Collect$$$$0000000D)
    __rt_final_exit                          0x080001e9   Thumb Code     0  entry11a.o(.ARM.Collect$$$$0000000F)
    Reset_Handler                            0x080001ed   Thumb Code     8  startup_stm32g474xx.o(.text)
    ADC1_2_IRQHandler                        0x08000207   Thumb Code     0  startup_stm32g474xx.o(.text)
    ADC3_IRQHandler                          0x08000207   Thumb Code     0  startup_stm32g474xx.o(.text)
    ADC4_IRQHandler                          0x08000207   Thumb Code     0  startup_stm32g474xx.o(.text)
    ADC5_IRQHandler                          0x08000207   Thumb Code     0  startup_stm32g474xx.o(.text)
    COMP1_2_3_IRQHandler                     0x08000207   Thumb Code     0  startup_stm32g474xx.o(.text)
    COMP4_5_6_IRQHandler                     0x08000207   Thumb Code     0  startup_stm32g474xx.o(.text)
    COMP7_IRQHandler                         0x08000207   Thumb Code     0  startup_stm32g474xx.o(.text)
    CORDIC_IRQHandler                        0x08000207   Thumb Code     0  startup_stm32g474xx.o(.text)
    CRS_IRQHandler                           0x08000207   Thumb Code     0  startup_stm32g474xx.o(.text)
    DMA1_Channel1_IRQHandler                 0x08000207   Thumb Code     0  startup_stm32g474xx.o(.text)
    DMA1_Channel2_IRQHandler                 0x08000207   Thumb Code     0  startup_stm32g474xx.o(.text)
    DMA1_Channel3_IRQHandler                 0x08000207   Thumb Code     0  startup_stm32g474xx.o(.text)
    DMA1_Channel4_IRQHandler                 0x08000207   Thumb Code     0  startup_stm32g474xx.o(.text)
    DMA1_Channel5_IRQHandler                 0x08000207   Thumb Code     0  startup_stm32g474xx.o(.text)
    DMA1_Channel6_IRQHandler                 0x08000207   Thumb Code     0  startup_stm32g474xx.o(.text)
    DMA1_Channel7_IRQHandler                 0x08000207   Thumb Code     0  startup_stm32g474xx.o(.text)
    DMA1_Channel8_IRQHandler                 0x08000207   Thumb Code     0  startup_stm32g474xx.o(.text)
    DMA2_Channel1_IRQHandler                 0x08000207   Thumb Code     0  startup_stm32g474xx.o(.text)
    DMA2_Channel2_IRQHandler                 0x08000207   Thumb Code     0  startup_stm32g474xx.o(.text)
    DMA2_Channel3_IRQHandler                 0x08000207   Thumb Code     0  startup_stm32g474xx.o(.text)
    DMA2_Channel4_IRQHandler                 0x08000207   Thumb Code     0  startup_stm32g474xx.o(.text)
    DMA2_Channel5_IRQHandler                 0x08000207   Thumb Code     0  startup_stm32g474xx.o(.text)
    DMA2_Channel6_IRQHandler                 0x08000207   Thumb Code     0  startup_stm32g474xx.o(.text)
    DMA2_Channel7_IRQHandler                 0x08000207   Thumb Code     0  startup_stm32g474xx.o(.text)
    DMA2_Channel8_IRQHandler                 0x08000207   Thumb Code     0  startup_stm32g474xx.o(.text)
    DMAMUX_OVR_IRQHandler                    0x08000207   Thumb Code     0  startup_stm32g474xx.o(.text)
    EXTI0_IRQHandler                         0x08000207   Thumb Code     0  startup_stm32g474xx.o(.text)
    EXTI15_10_IRQHandler                     0x08000207   Thumb Code     0  startup_stm32g474xx.o(.text)
    EXTI1_IRQHandler                         0x08000207   Thumb Code     0  startup_stm32g474xx.o(.text)
    EXTI2_IRQHandler                         0x08000207   Thumb Code     0  startup_stm32g474xx.o(.text)
    EXTI3_IRQHandler                         0x08000207   Thumb Code     0  startup_stm32g474xx.o(.text)
    EXTI4_IRQHandler                         0x08000207   Thumb Code     0  startup_stm32g474xx.o(.text)
    EXTI9_5_IRQHandler                       0x08000207   Thumb Code     0  startup_stm32g474xx.o(.text)
    FDCAN1_IT0_IRQHandler                    0x08000207   Thumb Code     0  startup_stm32g474xx.o(.text)
    FDCAN1_IT1_IRQHandler                    0x08000207   Thumb Code     0  startup_stm32g474xx.o(.text)
    FDCAN2_IT0_IRQHandler                    0x08000207   Thumb Code     0  startup_stm32g474xx.o(.text)
    FDCAN2_IT1_IRQHandler                    0x08000207   Thumb Code     0  startup_stm32g474xx.o(.text)
    FDCAN3_IT0_IRQHandler                    0x08000207   Thumb Code     0  startup_stm32g474xx.o(.text)
    FDCAN3_IT1_IRQHandler                    0x08000207   Thumb Code     0  startup_stm32g474xx.o(.text)
    FLASH_IRQHandler                         0x08000207   Thumb Code     0  startup_stm32g474xx.o(.text)
    FMAC_IRQHandler                          0x08000207   Thumb Code     0  startup_stm32g474xx.o(.text)
    FMC_IRQHandler                           0x08000207   Thumb Code     0  startup_stm32g474xx.o(.text)
    FPU_IRQHandler                           0x08000207   Thumb Code     0  startup_stm32g474xx.o(.text)
    HRTIM1_FLT_IRQHandler                    0x08000207   Thumb Code     0  startup_stm32g474xx.o(.text)
    HRTIM1_Master_IRQHandler                 0x08000207   Thumb Code     0  startup_stm32g474xx.o(.text)
    HRTIM1_TIMA_IRQHandler                   0x08000207   Thumb Code     0  startup_stm32g474xx.o(.text)
    HRTIM1_TIMB_IRQHandler                   0x08000207   Thumb Code     0  startup_stm32g474xx.o(.text)
    HRTIM1_TIMC_IRQHandler                   0x08000207   Thumb Code     0  startup_stm32g474xx.o(.text)
    HRTIM1_TIMD_IRQHandler                   0x08000207   Thumb Code     0  startup_stm32g474xx.o(.text)
    HRTIM1_TIME_IRQHandler                   0x08000207   Thumb Code     0  startup_stm32g474xx.o(.text)
    HRTIM1_TIMF_IRQHandler                   0x08000207   Thumb Code     0  startup_stm32g474xx.o(.text)
    I2C1_ER_IRQHandler                       0x08000207   Thumb Code     0  startup_stm32g474xx.o(.text)
    I2C1_EV_IRQHandler                       0x08000207   Thumb Code     0  startup_stm32g474xx.o(.text)
    I2C2_ER_IRQHandler                       0x08000207   Thumb Code     0  startup_stm32g474xx.o(.text)
    I2C2_EV_IRQHandler                       0x08000207   Thumb Code     0  startup_stm32g474xx.o(.text)
    I2C3_ER_IRQHandler                       0x08000207   Thumb Code     0  startup_stm32g474xx.o(.text)
    I2C3_EV_IRQHandler                       0x08000207   Thumb Code     0  startup_stm32g474xx.o(.text)
    I2C4_ER_IRQHandler                       0x08000207   Thumb Code     0  startup_stm32g474xx.o(.text)
    I2C4_EV_IRQHandler                       0x08000207   Thumb Code     0  startup_stm32g474xx.o(.text)
    LPTIM1_IRQHandler                        0x08000207   Thumb Code     0  startup_stm32g474xx.o(.text)
    LPUART1_IRQHandler                       0x08000207   Thumb Code     0  startup_stm32g474xx.o(.text)
    PVD_PVM_IRQHandler                       0x08000207   Thumb Code     0  startup_stm32g474xx.o(.text)
    QUADSPI_IRQHandler                       0x08000207   Thumb Code     0  startup_stm32g474xx.o(.text)
    RCC_IRQHandler                           0x08000207   Thumb Code     0  startup_stm32g474xx.o(.text)
    RNG_IRQHandler                           0x08000207   Thumb Code     0  startup_stm32g474xx.o(.text)
    RTC_Alarm_IRQHandler                     0x08000207   Thumb Code     0  startup_stm32g474xx.o(.text)
    RTC_TAMP_LSECSS_IRQHandler               0x08000207   Thumb Code     0  startup_stm32g474xx.o(.text)
    RTC_WKUP_IRQHandler                      0x08000207   Thumb Code     0  startup_stm32g474xx.o(.text)
    SAI1_IRQHandler                          0x08000207   Thumb Code     0  startup_stm32g474xx.o(.text)
    SPI1_IRQHandler                          0x08000207   Thumb Code     0  startup_stm32g474xx.o(.text)
    SPI2_IRQHandler                          0x08000207   Thumb Code     0  startup_stm32g474xx.o(.text)
    SPI3_IRQHandler                          0x08000207   Thumb Code     0  startup_stm32g474xx.o(.text)
    SPI4_IRQHandler                          0x08000207   Thumb Code     0  startup_stm32g474xx.o(.text)
    TIM1_BRK_TIM15_IRQHandler                0x08000207   Thumb Code     0  startup_stm32g474xx.o(.text)
    TIM1_CC_IRQHandler                       0x08000207   Thumb Code     0  startup_stm32g474xx.o(.text)
    TIM1_TRG_COM_TIM17_IRQHandler            0x08000207   Thumb Code     0  startup_stm32g474xx.o(.text)
    TIM1_UP_TIM16_IRQHandler                 0x08000207   Thumb Code     0  startup_stm32g474xx.o(.text)
    TIM20_BRK_IRQHandler                     0x08000207   Thumb Code     0  startup_stm32g474xx.o(.text)
    TIM20_CC_IRQHandler                      0x08000207   Thumb Code     0  startup_stm32g474xx.o(.text)
    TIM20_TRG_COM_IRQHandler                 0x08000207   Thumb Code     0  startup_stm32g474xx.o(.text)
    TIM20_UP_IRQHandler                      0x08000207   Thumb Code     0  startup_stm32g474xx.o(.text)
    TIM4_IRQHandler                          0x08000207   Thumb Code     0  startup_stm32g474xx.o(.text)
    TIM5_IRQHandler                          0x08000207   Thumb Code     0  startup_stm32g474xx.o(.text)
    TIM6_DAC_IRQHandler                      0x08000207   Thumb Code     0  startup_stm32g474xx.o(.text)
    TIM7_DAC_IRQHandler                      0x08000207   Thumb Code     0  startup_stm32g474xx.o(.text)
    TIM8_BRK_IRQHandler                      0x08000207   Thumb Code     0  startup_stm32g474xx.o(.text)
    TIM8_CC_IRQHandler                       0x08000207   Thumb Code     0  startup_stm32g474xx.o(.text)
    TIM8_TRG_COM_IRQHandler                  0x08000207   Thumb Code     0  startup_stm32g474xx.o(.text)
    TIM8_UP_IRQHandler                       0x08000207   Thumb Code     0  startup_stm32g474xx.o(.text)
    UART4_IRQHandler                         0x08000207   Thumb Code     0  startup_stm32g474xx.o(.text)
    UART5_IRQHandler                         0x08000207   Thumb Code     0  startup_stm32g474xx.o(.text)
    UCPD1_IRQHandler                         0x08000207   Thumb Code     0  startup_stm32g474xx.o(.text)
    USART1_IRQHandler                        0x08000207   Thumb Code     0  startup_stm32g474xx.o(.text)
    USART2_IRQHandler                        0x08000207   Thumb Code     0  startup_stm32g474xx.o(.text)
    USART3_IRQHandler                        0x08000207   Thumb Code     0  startup_stm32g474xx.o(.text)
    USBWakeUp_IRQHandler                     0x08000207   Thumb Code     0  startup_stm32g474xx.o(.text)
    USB_HP_IRQHandler                        0x08000207   Thumb Code     0  startup_stm32g474xx.o(.text)
    USB_LP_IRQHandler                        0x08000207   Thumb Code     0  startup_stm32g474xx.o(.text)
    WWDG_IRQHandler                          0x08000207   Thumb Code     0  startup_stm32g474xx.o(.text)
    __aeabi_uldivmod                         0x08000211   Thumb Code    98  uldiv.o(.text)
    __aeabi_memset                           0x08000273   Thumb Code    14  memseta.o(.text)
    __aeabi_memset4                          0x08000273   Thumb Code     0  memseta.o(.text)
    __aeabi_memset8                          0x08000273   Thumb Code     0  memseta.o(.text)
    __aeabi_memclr                           0x08000281   Thumb Code     4  memseta.o(.text)
    __aeabi_memclr4                          0x08000281   Thumb Code     0  memseta.o(.text)
    __aeabi_memclr8                          0x08000281   Thumb Code     0  memseta.o(.text)
    _memset$wrapper                          0x08000285   Thumb Code    18  memseta.o(.text)
    __aeabi_llsl                             0x08000297   Thumb Code    30  llshl.o(.text)
    _ll_shift_l                              0x08000297   Thumb Code     0  llshl.o(.text)
    __aeabi_llsr                             0x080002b5   Thumb Code    32  llushr.o(.text)
    _ll_ushift_r                             0x080002b5   Thumb Code     0  llushr.o(.text)
    __scatterload                            0x080002d5   Thumb Code    28  init.o(.text)
    __scatterload_rt2                        0x080002d5   Thumb Code     0  init.o(.text)
    Ack                                      0x080002f9   Thumb Code   102  scs.o(i.Ack)
    BusFault_Handler                         0x08000365   Thumb Code     2  stm32g4xx_it.o(i.BusFault_Handler)
    DebugMon_Handler                         0x08000367   Thumb Code     2  stm32g4xx_it.o(i.DebugMon_Handler)
    EnableTorque                             0x08000369   Thumb Code     8  scscl.o(i.EnableTorque)
    Error_Handler                            0x08000371   Thumb Code     4  main.o(i.Error_Handler)
    HAL_Delay                                0x08000375   Thumb Code    32  stm32g4xx_hal.o(i.HAL_Delay)
    HAL_FDCAN_Init                           0x08000399   Thumb Code   512  stm32g4xx_hal_fdcan.o(i.HAL_FDCAN_Init)
    HAL_FDCAN_MspInit                        0x080005b1   Thumb Code   116  fdcan.o(i.HAL_FDCAN_MspInit)
    HAL_GPIO_Init                            0x08000631   Thumb Code   550  stm32g4xx_hal_gpio.o(i.HAL_GPIO_Init)
    HAL_GPIO_TogglePin                       0x08000879   Thumb Code    16  stm32g4xx_hal_gpio.o(i.HAL_GPIO_TogglePin)
    HAL_GPIO_WritePin                        0x08000889   Thumb Code    10  stm32g4xx_hal_gpio.o(i.HAL_GPIO_WritePin)
    HAL_GetTick                              0x08000895   Thumb Code     6  stm32g4xx_hal.o(i.HAL_GetTick)
    HAL_I2CEx_ConfigAnalogFilter             0x080008a1   Thumb Code    86  stm32g4xx_hal_i2c_ex.o(i.HAL_I2CEx_ConfigAnalogFilter)
    HAL_I2CEx_ConfigDigitalFilter            0x080008f7   Thumb Code    82  stm32g4xx_hal_i2c_ex.o(i.HAL_I2CEx_ConfigDigitalFilter)
    HAL_I2C_Init                             0x08000949   Thumb Code   184  stm32g4xx_hal_i2c.o(i.HAL_I2C_Init)
    HAL_I2C_MspInit                          0x08000a05   Thumb Code   120  i2c.o(i.HAL_I2C_MspInit)
    HAL_IncTick                              0x08000a85   Thumb Code    12  stm32g4xx_hal.o(i.HAL_IncTick)
    HAL_Init                                 0x08000a95   Thumb Code    30  stm32g4xx_hal.o(i.HAL_Init)
    HAL_InitTick                             0x08000ab5   Thumb Code    58  stm32g4xx_hal.o(i.HAL_InitTick)
    HAL_MspInit                              0x08000af9   Thumb Code    42  stm32g4xx_hal_msp.o(i.HAL_MspInit)
    HAL_NVIC_EnableIRQ                       0x08000b29   Thumb Code    26  stm32g4xx_hal_cortex.o(i.HAL_NVIC_EnableIRQ)
    HAL_NVIC_SetPriority                     0x08000b45   Thumb Code    60  stm32g4xx_hal_cortex.o(i.HAL_NVIC_SetPriority)
    HAL_NVIC_SetPriorityGrouping             0x08000b85   Thumb Code    26  stm32g4xx_hal_cortex.o(i.HAL_NVIC_SetPriorityGrouping)
    HAL_PWREx_ControlVoltageScaling          0x08000ba9   Thumb Code   174  stm32g4xx_hal_pwr_ex.o(i.HAL_PWREx_ControlVoltageScaling)
    HAL_PWREx_DisableUCPDDeadBattery         0x08000c65   Thumb Code    12  stm32g4xx_hal_pwr_ex.o(i.HAL_PWREx_DisableUCPDDeadBattery)
    HAL_RCCEx_PeriphCLKConfig                0x08000c75   Thumb Code   758  stm32g4xx_hal_rcc_ex.o(i.HAL_RCCEx_PeriphCLKConfig)
    HAL_RCC_ClockConfig                      0x08000f75   Thumb Code   444  stm32g4xx_hal_rcc.o(i.HAL_RCC_ClockConfig)
    HAL_RCC_GetPCLK1Freq                     0x08001151   Thumb Code    24  stm32g4xx_hal_rcc.o(i.HAL_RCC_GetPCLK1Freq)
    HAL_RCC_GetPCLK2Freq                     0x08001175   Thumb Code    24  stm32g4xx_hal_rcc.o(i.HAL_RCC_GetPCLK2Freq)
    HAL_RCC_GetSysClockFreq                  0x08001199   Thumb Code    98  stm32g4xx_hal_rcc.o(i.HAL_RCC_GetSysClockFreq)
    HAL_RCC_OscConfig                        0x08001205   Thumb Code  1028  stm32g4xx_hal_rcc.o(i.HAL_RCC_OscConfig)
    HAL_RS485Ex_Init                         0x08001609   Thumb Code   136  stm32g4xx_hal_uart_ex.o(i.HAL_RS485Ex_Init)
    HAL_SYSTICK_Config                       0x08001695   Thumb Code    40  stm32g4xx_hal_cortex.o(i.HAL_SYSTICK_Config)
    HAL_TIMEx_Break2Callback                 0x080016bd   Thumb Code     2  stm32g4xx_hal_tim_ex.o(i.HAL_TIMEx_Break2Callback)
    HAL_TIMEx_BreakCallback                  0x080016bf   Thumb Code     2  stm32g4xx_hal_tim_ex.o(i.HAL_TIMEx_BreakCallback)
    HAL_TIMEx_CommutCallback                 0x080016c1   Thumb Code     2  stm32g4xx_hal_tim_ex.o(i.HAL_TIMEx_CommutCallback)
    HAL_TIMEx_DirectionChangeCallback        0x080016c3   Thumb Code     2  stm32g4xx_hal_tim_ex.o(i.HAL_TIMEx_DirectionChangeCallback)
    HAL_TIMEx_EncoderIndexCallback           0x080016c5   Thumb Code     2  stm32g4xx_hal_tim_ex.o(i.HAL_TIMEx_EncoderIndexCallback)
    HAL_TIMEx_IndexErrorCallback             0x080016c7   Thumb Code     2  stm32g4xx_hal_tim_ex.o(i.HAL_TIMEx_IndexErrorCallback)
    HAL_TIMEx_MasterConfigSynchronization    0x080016c9   Thumb Code   150  stm32g4xx_hal_tim_ex.o(i.HAL_TIMEx_MasterConfigSynchronization)
    HAL_TIMEx_TransitionErrorCallback        0x08001781   Thumb Code     2  stm32g4xx_hal_tim_ex.o(i.HAL_TIMEx_TransitionErrorCallback)
    HAL_TIM_Base_Init                        0x08001783   Thumb Code    98  stm32g4xx_hal_tim.o(i.HAL_TIM_Base_Init)
    HAL_TIM_Base_MspInit                     0x080017e5   Thumb Code    86  tim.o(i.HAL_TIM_Base_MspInit)
    HAL_TIM_Base_Start_IT                    0x08001845   Thumb Code   106  stm32g4xx_hal_tim.o(i.HAL_TIM_Base_Start_IT)
    HAL_TIM_ConfigClockSource                0x080018d1   Thumb Code   234  stm32g4xx_hal_tim.o(i.HAL_TIM_ConfigClockSource)
    HAL_TIM_IC_CaptureCallback               0x080019c1   Thumb Code     2  stm32g4xx_hal_tim.o(i.HAL_TIM_IC_CaptureCallback)
    HAL_TIM_IRQHandler                       0x080019c3   Thumb Code   418  stm32g4xx_hal_tim.o(i.HAL_TIM_IRQHandler)
    HAL_TIM_OC_DelayElapsedCallback          0x08001b65   Thumb Code     2  stm32g4xx_hal_tim.o(i.HAL_TIM_OC_DelayElapsedCallback)
    HAL_TIM_PWM_PulseFinishedCallback        0x08001b67   Thumb Code     2  stm32g4xx_hal_tim.o(i.HAL_TIM_PWM_PulseFinishedCallback)
    HAL_TIM_PeriodElapsedCallback            0x08001b69   Thumb Code    42  tim.o(i.HAL_TIM_PeriodElapsedCallback)
    HAL_TIM_TriggerCallback                  0x08001ba1   Thumb Code     2  stm32g4xx_hal_tim.o(i.HAL_TIM_TriggerCallback)
    HAL_UARTEx_DisableFifoMode               0x08001ba3   Thumb Code    62  stm32g4xx_hal_uart_ex.o(i.HAL_UARTEx_DisableFifoMode)
    HAL_UARTEx_RxEventCallback               0x08001be1   Thumb Code     2  stm32g4xx_hal_uart.o(i.HAL_UARTEx_RxEventCallback)
    HAL_UARTEx_SetRxFifoThreshold            0x08001be3   Thumb Code    76  stm32g4xx_hal_uart_ex.o(i.HAL_UARTEx_SetRxFifoThreshold)
    HAL_UARTEx_SetTxFifoThreshold            0x08001c2f   Thumb Code    76  stm32g4xx_hal_uart_ex.o(i.HAL_UARTEx_SetTxFifoThreshold)
    HAL_UART_ErrorCallback                   0x08001c7b   Thumb Code     2  stm32g4xx_hal_uart.o(i.HAL_UART_ErrorCallback)
    HAL_UART_Init                            0x08001c7d   Thumb Code   106  stm32g4xx_hal_uart.o(i.HAL_UART_Init)
    HAL_UART_MspInit                         0x08001ce9   Thumb Code   548  usart.o(i.HAL_UART_MspInit)
    HAL_UART_Receive                         0x08001f35   Thumb Code   232  stm32g4xx_hal_uart.o(i.HAL_UART_Receive)
    HAL_UART_Receive_IT                      0x0800201d   Thumb Code    66  stm32g4xx_hal_uart.o(i.HAL_UART_Receive_IT)
    HAL_UART_RxCpltCallback                  0x08002065   Thumb Code    68  modbus_slave.o(i.HAL_UART_RxCpltCallback)
    HAL_UART_Transmit                        0x080020b9   Thumb Code   174  stm32g4xx_hal_uart.o(i.HAL_UART_Transmit)
    HardFault_Handler                        0x08002167   Thumb Code     2  stm32g4xx_it.o(i.HardFault_Handler)
    Host2SCS                                 0x08002169   Thumb Code    26  scs.o(i.Host2SCS)
    LED_TEST                                 0x08002189   Thumb Code    30  modbus_slave.o(i.LED_TEST)
    MODBUS_ERROR                             0x080021b1   Thumb Code    68  modbus_slave.o(i.MODBUS_ERROR)
    MODBUS_EVENT_PRO                         0x080021f9   Thumb Code   120  modbus_slave.o(i.MODBUS_EVENT_PRO)
    MODBUS_FUNCTION_03                       0x08002275   Thumb Code   172  modbus_slave.o(i.MODBUS_FUNCTION_03)
    MODBUS_FUNCTION_06                       0x08002329   Thumb Code   142  modbus_slave.o(i.MODBUS_FUNCTION_06)
    MODBUS_FUNCTION_10                       0x080023bd   Thumb Code   208  modbus_slave.o(i.MODBUS_FUNCTION_10)
    MODBUS_Init                              0x08002495   Thumb Code    88  modbus_slave.o(i.MODBUS_Init)
    MX_FDCAN2_Init                           0x080024f5   Thumb Code    66  fdcan.o(i.MX_FDCAN2_Init)
    MX_GPIO_Init                             0x08002541   Thumb Code   132  gpio.o(i.MX_GPIO_Init)
    MX_I2C2_Init                             0x080025cd   Thumb Code    76  i2c.o(i.MX_I2C2_Init)
    MX_LPUART1_UART_Init                     0x08002625   Thumb Code    92  usart.o(i.MX_LPUART1_UART_Init)
    MX_TIM2_Init                             0x08002689   Thumb Code    98  tim.o(i.MX_TIM2_Init)
    MX_TIM3_Init                             0x080026f1   Thumb Code    96  tim.o(i.MX_TIM3_Init)
    MX_UART4_Init                            0x08002759   Thumb Code    92  usart.o(i.MX_UART4_Init)
    MX_UART5_Init                            0x080027c1   Thumb Code    94  usart.o(i.MX_UART5_Init)
    MX_USART1_UART_Init                      0x08002829   Thumb Code    94  usart.o(i.MX_USART1_UART_Init)
    MX_USART2_UART_Init                      0x08002891   Thumb Code    98  usart.o(i.MX_USART2_UART_Init)
    MX_USART3_UART_Init                      0x080028fd   Thumb Code    94  usart.o(i.MX_USART3_UART_Init)
    MY_UART_SendByte                         0x08002965   Thumb Code    18  modbus_slave.o(i.MY_UART_SendByte)
    MemManage_Handler                        0x0800297d   Thumb Code     2  stm32g4xx_it.o(i.MemManage_Handler)
    NMI_Handler                              0x0800297f   Thumb Code     2  stm32g4xx_it.o(i.NMI_Handler)
    PendSV_Handler                           0x08002981   Thumb Code     2  stm32g4xx_it.o(i.PendSV_Handler)
    RS485_Send_Byte                          0x08002991   Thumb Code    14  modbus_slave.o(i.RS485_Send_Byte)
    Read                                     0x080029a1   Thumb Code   200  scs.o(i.Read)
    ReadCurrent                              0x08002a6d   Thumb Code    38  scscl.o(i.ReadCurrent)
    ReadLoad                                 0x08002a99   Thumb Code    38  scscl.o(i.ReadLoad)
    ReadPos                                  0x08002ac5   Thumb Code    38  scscl.o(i.ReadPos)
    ReadSpeed                                0x08002af1   Thumb Code    38  scscl.o(i.ReadSpeed)
    ReadTemper                               0x08002b1d   Thumb Code    18  scscl.o(i.ReadTemper)
    ReadVoltage                              0x08002b35   Thumb Code    18  scscl.o(i.ReadVoltage)
    SCS2Host                                 0x08002b4d   Thumb Code    20  scs.o(i.SCS2Host)
    SCS_Bridge_Init                          0x08002b65   Thumb Code    54  scs_modbus_bridge.o(i.SCS_Bridge_Init)
    SCS_Bridge_OnWrite                       0x08002ba1   Thumb Code   446  scs_modbus_bridge.o(i.SCS_Bridge_OnWrite)
    SCS_Bridge_Poll_20ms                     0x08002d69   Thumb Code   354  scs_modbus_bridge.o(i.SCS_Bridge_Poll_20ms)
    SCS_ExecWritePosN                        0x08002ed5   Thumb Code   106  scs_modbus_bridge.o(i.SCS_ExecWritePosN)
    SVC_Handler                              0x08002fe9   Thumb Code     2  stm32g4xx_it.o(i.SVC_Handler)
    SysTick_Handler                          0x08002feb   Thumb Code     4  stm32g4xx_it.o(i.SysTick_Handler)
    SystemClock_Config                       0x08002fef   Thumb Code   106  main.o(i.SystemClock_Config)
    SystemInit                               0x08003059   Thumb Code    12  system_stm32g4xx.o(i.SystemInit)
    TIM2_IRQHandler                          0x080030b5   Thumb Code     6  stm32g4xx_it.o(i.TIM2_IRQHandler)
    TIM3_IRQHandler                          0x080030c1   Thumb Code     6  stm32g4xx_it.o(i.TIM3_IRQHandler)
    TIM_Base_SetConfig                       0x080030cd   Thumb Code   190  stm32g4xx_hal_tim.o(i.TIM_Base_SetConfig)
    TIM_ETR_SetConfig                        0x080031b1   Thumb Code    20  stm32g4xx_hal_tim.o(i.TIM_ETR_SetConfig)
    UART_AdvFeatureConfig                    0x08003265   Thumb Code   200  stm32g4xx_hal_uart.o(i.UART_AdvFeatureConfig)
    UART_CheckIdleState                      0x0800332d   Thumb Code   172  stm32g4xx_hal_uart.o(i.UART_CheckIdleState)
    UART_SetConfig                           0x080038fd   Thumb Code   614  stm32g4xx_hal_uart.o(i.UART_SetConfig)
    UART_Start_Receive_IT                    0x08003b95   Thumb Code   256  stm32g4xx_hal_uart.o(i.UART_Start_Receive_IT)
    UART_WaitOnFlagUntilTimeout              0x08003ca5   Thumb Code   148  stm32g4xx_hal_uart.o(i.UART_WaitOnFlagUntilTimeout)
    UsageFault_Handler                       0x08003d39   Thumb Code     2  stm32g4xx_it.o(i.UsageFault_Handler)
    WritePos                                 0x08003d3b   Thumb Code    58  scscl.o(i.WritePos)
    __scatterload_copy                       0x08003d95   Thumb Code    14  handlers.o(i.__scatterload_copy)
    __scatterload_null                       0x08003da3   Thumb Code     2  handlers.o(i.__scatterload_null)
    __scatterload_zeroinit                   0x08003da5   Thumb Code    14  handlers.o(i.__scatterload_zeroinit)
    checkHead                                0x08003db3   Thumb Code    56  scs.o(i.checkHead)
    crc16                                    0x08003ded   Thumb Code    40  modbus_slave.o(i.crc16)
    ftBus_Delay                              0x08003e19   Thumb Code     6  scs_port_hal.o(i.ftBus_Delay)
    ftUart_Read                              0x08003e21   Thumb Code    26  scs_port_hal.o(i.ftUart_Read)
    ftUart_Send                              0x08003e41   Thumb Code    14  scs_port_hal.o(i.ftUart_Send)
    genWrite                                 0x08003e55   Thumb Code    44  scs.o(i.genWrite)
    main                                     0x08003e81   Thumb Code    90  main.o(i.main)
    rFlushSCS                                0x08003ee9   Thumb Code     4  scserail.o(i.rFlushSCS)
    readByte                                 0x08003eed   Thumb Code    26  scs.o(i.readByte)
    readSCS                                  0x08003f07   Thumb Code     4  scserail.o(i.readSCS)
    readWord                                 0x08003f0b   Thumb Code    36  scs.o(i.readWord)
    setEnd                                   0x08003f31   Thumb Code     6  scs.o(i.setEnd)
    wFlushSCS                                0x08003f51   Thumb Code    22  scserail.o(i.wFlushSCS)
    writeBuf                                 0x08003f85   Thumb Code   148  scs.o(i.writeBuf)
    writeByte                                0x08004019   Thumb Code    42  scs.o(i.writeByte)
    writeSCS                                 0x08004045   Thumb Code    32  scserail.o(i.writeSCS)
    UARTPrescTable                           0x0800406c   Data          24  stm32g4xx_hal_uart.o(.constdata)
    AHBPrescTable                            0x08004094   Data          16  system_stm32g4xx.o(.constdata)
    APBPrescTable                            0x080040a4   Data           8  system_stm32g4xx.o(.constdata)
    auchCRCHi                                0x080040ac   Data         256  modbus_slave.o(.constdata)
    auchCRCLo                                0x080041ac   Data         256  modbus_slave.o(.constdata)
    Region$$Table$$Base                      0x080042ac   Number         0  anon$$obj.o(Region$$Table)
    Region$$Table$$Limit                     0x080042cc   Number         0  anon$$obj.o(Region$$Table)
    tick10ms                                 0x20000000   Data           1  main.o(.data)
    uwTickPrio                               0x20000004   Data           4  stm32g4xx_hal.o(.data)
    uwTickFreq                               0x20000008   Data           4  stm32g4xx_hal.o(.data)
    uwTick                                   0x2000000c   Data           4  stm32g4xx_hal.o(.data)
    SystemCoreClock                          0x20000010   Data           4  system_stm32g4xx.o(.data)
    ch                                       0x20000014   Data           1  my_system.o(.data)
    g_dbg_deg                                0x20000016   Data           2  my_system.o(.data)
    test1                                    0x20000018   Data           4  my_system.o(.data)
    system                                   0x2000001c   Data           8  my_system.o(.data)
    syncReadRxPacketIndex                    0x20000028   Data           1  scs.o(.data)
    syncReadRxPacketLen                      0x20000029   Data           1  scs.o(.data)
    syncReadRxBuffLen                        0x2000002a   Data           2  scs.o(.data)
    syncReadRxBuffMax                        0x2000002c   Data           2  scs.o(.data)
    syncReadRxPacket                         0x20000030   Data           4  scs.o(.data)
    syncReadRxBuff                           0x20000034   Data           4  scs.o(.data)
    wLen                                     0x20000044   Data           1  scserail.o(.data)
    hfdcan2                                  0x20000048   Data         100  fdcan.o(.bss)
    hi2c2                                    0x200000ac   Data          84  i2c.o(.bss)
    hlpuart1                                 0x20000100   Data         148  usart.o(.bss)
    huart4                                   0x20000194   Data         148  usart.o(.bss)
    huart5                                   0x20000228   Data         148  usart.o(.bss)
    huart1                                   0x200002bc   Data         148  usart.o(.bss)
    huart2                                   0x20000350   Data         148  usart.o(.bss)
    huart3                                   0x200003e4   Data         148  usart.o(.bss)
    htim2                                    0x20000478   Data          76  tim.o(.bss)
    htim3                                    0x200004c4   Data          76  tim.o(.bss)
    MODBUS_Reg                               0x20000510   Data        1024  modbus_slave.o(.bss)
    modbus                                   0x20000910   Data         208  modbus_slave.o(.bss)
    wBuf                                     0x200009ef   Data         128  scserail.o(.bss)
    __initial_sp                             0x20000e70   Data           0  startup_stm32g474xx.o(STACK)



==============================================================================

Memory Map of the image

  Image Entry point : 0x080001d9

  Load Region LR_IROM1 (Base: 0x08000000, Size: 0x00004314, Max: 0x00080000, ABSOLUTE)

    Execution Region ER_IROM1 (Exec base: 0x08000000, Load base: 0x08000000, Size: 0x000042cc, Max: 0x00080000, ABSOLUTE)

    Exec Addr    Load Addr    Size         Type   Attr      Idx    E Section Name        Object

    0x08000000   0x08000000   0x000001d8   Data   RO            3    RESET               startup_stm32g474xx.o
    0x080001d8   0x080001d8   0x00000000   Code   RO         5385  * .ARM.Collect$$$$00000000  mc_w.l(entry.o)
    0x080001d8   0x080001d8   0x00000004   Code   RO         5681    .ARM.Collect$$$$00000001  mc_w.l(entry2.o)
    0x080001dc   0x080001dc   0x00000004   Code   RO         5684    .ARM.Collect$$$$00000004  mc_w.l(entry5.o)
    0x080001e0   0x080001e0   0x00000000   Code   RO         5686    .ARM.Collect$$$$00000008  mc_w.l(entry7b.o)
    0x080001e0   0x080001e0   0x00000000   Code   RO         5688    .ARM.Collect$$$$0000000A  mc_w.l(entry8b.o)
    0x080001e0   0x080001e0   0x00000008   Code   RO         5689    .ARM.Collect$$$$0000000B  mc_w.l(entry9a.o)
    0x080001e8   0x080001e8   0x00000000   Code   RO         5691    .ARM.Collect$$$$0000000D  mc_w.l(entry10a.o)
    0x080001e8   0x080001e8   0x00000000   Code   RO         5693    .ARM.Collect$$$$0000000F  mc_w.l(entry11a.o)
    0x080001e8   0x080001e8   0x00000004   Code   RO         5682    .ARM.Collect$$$$00002712  mc_w.l(entry2.o)
    0x080001ec   0x080001ec   0x00000024   Code   RO            4    .text               startup_stm32g474xx.o
    0x08000210   0x08000210   0x00000062   Code   RO         5388    .text               mc_w.l(uldiv.o)
    0x08000272   0x08000272   0x00000024   Code   RO         5390    .text               mc_w.l(memseta.o)
    0x08000296   0x08000296   0x0000001e   Code   RO         5698    .text               mc_w.l(llshl.o)
    0x080002b4   0x080002b4   0x00000020   Code   RO         5700    .text               mc_w.l(llushr.o)
    0x080002d4   0x080002d4   0x00000024   Code   RO         5719    .text               mc_w.l(init.o)
    0x080002f8   0x080002f8   0x0000006c   Code   RO         4878    i.Ack               scs.o
    0x08000364   0x08000364   0x00000002   Code   RO          441    i.BusFault_Handler  stm32g4xx_it.o
    0x08000366   0x08000366   0x00000002   Code   RO          442    i.DebugMon_Handler  stm32g4xx_it.o
    0x08000368   0x08000368   0x00000008   Code   RO         5159    i.EnableTorque      scscl.o
    0x08000370   0x08000370   0x00000004   Code   RO           13    i.Error_Handler     main.o
    0x08000374   0x08000374   0x00000024   Code   RO          945    i.HAL_Delay         stm32g4xx_hal.o
    0x08000398   0x08000398   0x00000218   Code   RO          597    i.HAL_FDCAN_Init    stm32g4xx_hal_fdcan.o
    0x080005b0   0x080005b0   0x00000080   Code   RO          223    i.HAL_FDCAN_MspInit  fdcan.o
    0x08000630   0x08000630   0x00000248   Code   RO         1670    i.HAL_GPIO_Init     stm32g4xx_hal_gpio.o
    0x08000878   0x08000878   0x00000010   Code   RO         1673    i.HAL_GPIO_TogglePin  stm32g4xx_hal_gpio.o
    0x08000888   0x08000888   0x0000000a   Code   RO         1674    i.HAL_GPIO_WritePin  stm32g4xx_hal_gpio.o
    0x08000892   0x08000892   0x00000002   PAD
    0x08000894   0x08000894   0x0000000c   Code   RO          949    i.HAL_GetTick       stm32g4xx_hal.o
    0x080008a0   0x080008a0   0x00000056   Code   RO         2931    i.HAL_I2CEx_ConfigAnalogFilter  stm32g4xx_hal_i2c_ex.o
    0x080008f6   0x080008f6   0x00000052   Code   RO         2932    i.HAL_I2CEx_ConfigDigitalFilter  stm32g4xx_hal_i2c_ex.o
    0x08000948   0x08000948   0x000000bc   Code   RO         2470    i.HAL_I2C_Init      stm32g4xx_hal_i2c.o
    0x08000a04   0x08000a04   0x00000080   Code   RO          265    i.HAL_I2C_MspInit   i2c.o
    0x08000a84   0x08000a84   0x00000010   Code   RO          955    i.HAL_IncTick       stm32g4xx_hal.o
    0x08000a94   0x08000a94   0x0000001e   Code   RO          956    i.HAL_Init          stm32g4xx_hal.o
    0x08000ab2   0x08000ab2   0x00000002   PAD
    0x08000ab4   0x08000ab4   0x00000044   Code   RO          957    i.HAL_InitTick      stm32g4xx_hal.o
    0x08000af8   0x08000af8   0x00000030   Code   RO          529    i.HAL_MspInit       stm32g4xx_hal_msp.o
    0x08000b28   0x08000b28   0x0000001a   Code   RO         2319    i.HAL_NVIC_EnableIRQ  stm32g4xx_hal_cortex.o
    0x08000b42   0x08000b42   0x00000002   PAD
    0x08000b44   0x08000b44   0x00000040   Code   RO         2325    i.HAL_NVIC_SetPriority  stm32g4xx_hal_cortex.o
    0x08000b84   0x08000b84   0x00000024   Code   RO         2326    i.HAL_NVIC_SetPriorityGrouping  stm32g4xx_hal_cortex.o
    0x08000ba8   0x08000ba8   0x000000bc   Code   RO         2073    i.HAL_PWREx_ControlVoltageScaling  stm32g4xx_hal_pwr_ex.o
    0x08000c64   0x08000c64   0x00000010   Code   RO         2085    i.HAL_PWREx_DisableUCPDDeadBattery  stm32g4xx_hal_pwr_ex.o
    0x08000c74   0x08000c74   0x00000300   Code   RO         1316    i.HAL_RCCEx_PeriphCLKConfig  stm32g4xx_hal_rcc_ex.o
    0x08000f74   0x08000f74   0x000001dc   Code   RO         1191    i.HAL_RCC_ClockConfig  stm32g4xx_hal_rcc.o
    0x08001150   0x08001150   0x00000024   Code   RO         1199    i.HAL_RCC_GetPCLK1Freq  stm32g4xx_hal_rcc.o
    0x08001174   0x08001174   0x00000024   Code   RO         1200    i.HAL_RCC_GetPCLK2Freq  stm32g4xx_hal_rcc.o
    0x08001198   0x08001198   0x0000006c   Code   RO         1201    i.HAL_RCC_GetSysClockFreq  stm32g4xx_hal_rcc.o
    0x08001204   0x08001204   0x00000404   Code   RO         1204    i.HAL_RCC_OscConfig  stm32g4xx_hal_rcc.o
    0x08001608   0x08001608   0x0000008c   Code   RO         3404    i.HAL_RS485Ex_Init  stm32g4xx_hal_uart_ex.o
    0x08001694   0x08001694   0x00000028   Code   RO         2330    i.HAL_SYSTICK_Config  stm32g4xx_hal_cortex.o
    0x080016bc   0x080016bc   0x00000002   Code   RO         4239    i.HAL_TIMEx_Break2Callback  stm32g4xx_hal_tim_ex.o
    0x080016be   0x080016be   0x00000002   Code   RO         4240    i.HAL_TIMEx_BreakCallback  stm32g4xx_hal_tim_ex.o
    0x080016c0   0x080016c0   0x00000002   Code   RO         4241    i.HAL_TIMEx_CommutCallback  stm32g4xx_hal_tim_ex.o
    0x080016c2   0x080016c2   0x00000002   Code   RO         4252    i.HAL_TIMEx_DirectionChangeCallback  stm32g4xx_hal_tim_ex.o
    0x080016c4   0x080016c4   0x00000002   Code   RO         4266    i.HAL_TIMEx_EncoderIndexCallback  stm32g4xx_hal_tim_ex.o
    0x080016c6   0x080016c6   0x00000002   Code   RO         4280    i.HAL_TIMEx_IndexErrorCallback  stm32g4xx_hal_tim_ex.o
    0x080016c8   0x080016c8   0x000000b8   Code   RO         4281    i.HAL_TIMEx_MasterConfigSynchronization  stm32g4xx_hal_tim_ex.o
    0x08001780   0x08001780   0x00000002   Code   RO         4302    i.HAL_TIMEx_TransitionErrorCallback  stm32g4xx_hal_tim_ex.o
    0x08001782   0x08001782   0x00000062   Code   RO         3525    i.HAL_TIM_Base_Init  stm32g4xx_hal_tim.o
    0x080017e4   0x080017e4   0x00000060   Code   RO          379    i.HAL_TIM_Base_MspInit  tim.o
    0x08001844   0x08001844   0x0000008c   Code   RO         3530    i.HAL_TIM_Base_Start_IT  stm32g4xx_hal_tim.o
    0x080018d0   0x080018d0   0x000000f0   Code   RO         3534    i.HAL_TIM_ConfigClockSource  stm32g4xx_hal_tim.o
    0x080019c0   0x080019c0   0x00000002   Code   RO         3559    i.HAL_TIM_IC_CaptureCallback  stm32g4xx_hal_tim.o
    0x080019c2   0x080019c2   0x000001a2   Code   RO         3573    i.HAL_TIM_IRQHandler  stm32g4xx_hal_tim.o
    0x08001b64   0x08001b64   0x00000002   Code   RO         3576    i.HAL_TIM_OC_DelayElapsedCallback  stm32g4xx_hal_tim.o
    0x08001b66   0x08001b66   0x00000002   Code   RO         3603    i.HAL_TIM_PWM_PulseFinishedCallback  stm32g4xx_hal_tim.o
    0x08001b68   0x08001b68   0x00000038   Code   RO          380    i.HAL_TIM_PeriodElapsedCallback  tim.o
    0x08001ba0   0x08001ba0   0x00000002   Code   RO         3616    i.HAL_TIM_TriggerCallback  stm32g4xx_hal_tim.o
    0x08001ba2   0x08001ba2   0x0000003e   Code   RO         3405    i.HAL_UARTEx_DisableFifoMode  stm32g4xx_hal_uart_ex.o
    0x08001be0   0x08001be0   0x00000002   Code   RO         2994    i.HAL_UARTEx_RxEventCallback  stm32g4xx_hal_uart.o
    0x08001be2   0x08001be2   0x0000004c   Code   RO         3414    i.HAL_UARTEx_SetRxFifoThreshold  stm32g4xx_hal_uart_ex.o
    0x08001c2e   0x08001c2e   0x0000004c   Code   RO         3415    i.HAL_UARTEx_SetTxFifoThreshold  stm32g4xx_hal_uart_ex.o
    0x08001c7a   0x08001c7a   0x00000002   Code   RO         3010    i.HAL_UART_ErrorCallback  stm32g4xx_hal_uart.o
    0x08001c7c   0x08001c7c   0x0000006a   Code   RO         3014    i.HAL_UART_Init     stm32g4xx_hal_uart.o
    0x08001ce6   0x08001ce6   0x00000002   PAD
    0x08001ce8   0x08001ce8   0x0000024c   Code   RO          307    i.HAL_UART_MspInit  usart.o
    0x08001f34   0x08001f34   0x000000e8   Code   RO         3017    i.HAL_UART_Receive  stm32g4xx_hal_uart.o
    0x0800201c   0x0800201c   0x00000048   Code   RO         3019    i.HAL_UART_Receive_IT  stm32g4xx_hal_uart.o
    0x08002064   0x08002064   0x00000054   Code   RO         4706    i.HAL_UART_RxCpltCallback  modbus_slave.o
    0x080020b8   0x080020b8   0x000000ae   Code   RO         3023    i.HAL_UART_Transmit  stm32g4xx_hal_uart.o
    0x08002166   0x08002166   0x00000002   Code   RO          443    i.HardFault_Handler  stm32g4xx_it.o
    0x08002168   0x08002168   0x00000020   Code   RO         4879    i.Host2SCS          scs.o
    0x08002188   0x08002188   0x00000028   Code   RO         4709    i.LED_TEST          modbus_slave.o
    0x080021b0   0x080021b0   0x00000048   Code   RO         4711    i.MODBUS_ERROR      modbus_slave.o
    0x080021f8   0x080021f8   0x0000007c   Code   RO         4712    i.MODBUS_EVENT_PRO  modbus_slave.o
    0x08002274   0x08002274   0x000000b4   Code   RO         4713    i.MODBUS_FUNCTION_03  modbus_slave.o
    0x08002328   0x08002328   0x00000094   Code   RO         4714    i.MODBUS_FUNCTION_06  modbus_slave.o
    0x080023bc   0x080023bc   0x000000d8   Code   RO         4715    i.MODBUS_FUNCTION_10  modbus_slave.o
    0x08002494   0x08002494   0x00000060   Code   RO         4716    i.MODBUS_Init       modbus_slave.o
    0x080024f4   0x080024f4   0x0000004c   Code   RO          224    i.MX_FDCAN2_Init    fdcan.o
    0x08002540   0x08002540   0x0000008c   Code   RO          198    i.MX_GPIO_Init      gpio.o
    0x080025cc   0x080025cc   0x00000058   Code   RO          266    i.MX_I2C2_Init      i2c.o
    0x08002624   0x08002624   0x00000064   Code   RO          308    i.MX_LPUART1_UART_Init  usart.o
    0x08002688   0x08002688   0x00000068   Code   RO          381    i.MX_TIM2_Init      tim.o
    0x080026f0   0x080026f0   0x00000068   Code   RO          382    i.MX_TIM3_Init      tim.o
    0x08002758   0x08002758   0x00000068   Code   RO          309    i.MX_UART4_Init     usart.o
    0x080027c0   0x080027c0   0x00000068   Code   RO          310    i.MX_UART5_Init     usart.o
    0x08002828   0x08002828   0x00000068   Code   RO          311    i.MX_USART1_UART_Init  usart.o
    0x08002890   0x08002890   0x0000006c   Code   RO          312    i.MX_USART2_UART_Init  usart.o
    0x080028fc   0x080028fc   0x00000068   Code   RO          313    i.MX_USART3_UART_Init  usart.o
    0x08002964   0x08002964   0x00000018   Code   RO         4718    i.MY_UART_SendByte  modbus_slave.o
    0x0800297c   0x0800297c   0x00000002   Code   RO          444    i.MemManage_Handler  stm32g4xx_it.o
    0x0800297e   0x0800297e   0x00000002   Code   RO          445    i.NMI_Handler       stm32g4xx_it.o
    0x08002980   0x08002980   0x00000002   Code   RO          446    i.PendSV_Handler    stm32g4xx_it.o
    0x08002982   0x08002982   0x0000000e   Code   RO         4841    i.Per_Init          my_system.o
    0x08002990   0x08002990   0x0000000e   Code   RO         4721    i.RS485_Send_Byte   modbus_slave.o
    0x0800299e   0x0800299e   0x00000002   PAD
    0x080029a0   0x080029a0   0x000000cc   Code   RO         4881    i.Read              scs.o
    0x08002a6c   0x08002a6c   0x0000002c   Code   RO         5163    i.ReadCurrent       scscl.o
    0x08002a98   0x08002a98   0x0000002c   Code   RO         5164    i.ReadLoad          scscl.o
    0x08002ac4   0x08002ac4   0x0000002c   Code   RO         5166    i.ReadPos           scscl.o
    0x08002af0   0x08002af0   0x0000002c   Code   RO         5167    i.ReadSpeed         scscl.o
    0x08002b1c   0x08002b1c   0x00000018   Code   RO         5168    i.ReadTemper        scscl.o
    0x08002b34   0x08002b34   0x00000018   Code   RO         5169    i.ReadVoltage       scscl.o
    0x08002b4c   0x08002b4c   0x00000018   Code   RO         4883    i.SCS2Host          scs.o
    0x08002b64   0x08002b64   0x0000003c   Code   RO         5060    i.SCS_Bridge_Init   scs_modbus_bridge.o
    0x08002ba0   0x08002ba0   0x000001c8   Code   RO         5061    i.SCS_Bridge_OnWrite  scs_modbus_bridge.o
    0x08002d68   0x08002d68   0x0000016c   Code   RO         5062    i.SCS_Bridge_Poll_20ms  scs_modbus_bridge.o
    0x08002ed4   0x08002ed4   0x00000070   Code   RO         5063    i.SCS_ExecWritePosN  scs_modbus_bridge.o
    0x08002f44   0x08002f44   0x00000070   Code   RO         5064    i.SCS_GoAngleDeg    scs_modbus_bridge.o
    0x08002fb4   0x08002fb4   0x00000034   Code   RO         5065    i.SCS_LoopStartNow  scs_modbus_bridge.o
    0x08002fe8   0x08002fe8   0x00000002   Code   RO          447    i.SVC_Handler       stm32g4xx_it.o
    0x08002fea   0x08002fea   0x00000004   Code   RO          448    i.SysTick_Handler   stm32g4xx_it.o
    0x08002fee   0x08002fee   0x0000006a   Code   RO           14    i.SystemClock_Config  main.o
    0x08003058   0x08003058   0x00000010   Code   RO         4669    i.SystemInit        system_stm32g4xx.o
    0x08003068   0x08003068   0x0000004c   Code   RO         4842    i.System_Run        my_system.o
    0x080030b4   0x080030b4   0x0000000c   Code   RO          449    i.TIM2_IRQHandler   stm32g4xx_it.o
    0x080030c0   0x080030c0   0x0000000c   Code   RO          450    i.TIM3_IRQHandler   stm32g4xx_it.o
    0x080030cc   0x080030cc   0x000000e4   Code   RO         3618    i.TIM_Base_SetConfig  stm32g4xx_hal_tim.o
    0x080031b0   0x080031b0   0x00000014   Code   RO         3629    i.TIM_ETR_SetConfig  stm32g4xx_hal_tim.o
    0x080031c4   0x080031c4   0x00000014   Code   RO         3630    i.TIM_ITRx_SetConfig  stm32g4xx_hal_tim.o
    0x080031d8   0x080031d8   0x00000022   Code   RO         3638    i.TIM_TI1_ConfigInputStage  stm32g4xx_hal_tim.o
    0x080031fa   0x080031fa   0x00000024   Code   RO         3640    i.TIM_TI2_ConfigInputStage  stm32g4xx_hal_tim.o
    0x0800321e   0x0800321e   0x00000002   PAD
    0x08003220   0x08003220   0x00000044   Code   RO         3419    i.UARTEx_SetNbDataToProcess  stm32g4xx_hal_uart_ex.o
    0x08003264   0x08003264   0x000000c8   Code   RO         3028    i.UART_AdvFeatureConfig  stm32g4xx_hal_uart.o
    0x0800332c   0x0800332c   0x000000ac   Code   RO         3029    i.UART_CheckIdleState  stm32g4xx_hal_uart.o
    0x080033d8   0x080033d8   0x00000054   Code   RO         3040    i.UART_EndRxTransfer  stm32g4xx_hal_uart.o
    0x0800342c   0x0800342c   0x000000c8   Code   RO         3042    i.UART_RxISR_16BIT  stm32g4xx_hal_uart.o
    0x080034f4   0x080034f4   0x000001a0   Code   RO         3043    i.UART_RxISR_16BIT_FIFOEN  stm32g4xx_hal_uart.o
    0x08003694   0x08003694   0x000000c8   Code   RO         3044    i.UART_RxISR_8BIT   stm32g4xx_hal_uart.o
    0x0800375c   0x0800375c   0x000001a0   Code   RO         3045    i.UART_RxISR_8BIT_FIFOEN  stm32g4xx_hal_uart.o
    0x080038fc   0x080038fc   0x00000298   Code   RO         3046    i.UART_SetConfig    stm32g4xx_hal_uart.o
    0x08003b94   0x08003b94   0x00000110   Code   RO         3048    i.UART_Start_Receive_IT  stm32g4xx_hal_uart.o
    0x08003ca4   0x08003ca4   0x00000094   Code   RO         3053    i.UART_WaitOnFlagUntilTimeout  stm32g4xx_hal_uart.o
    0x08003d38   0x08003d38   0x00000002   Code   RO          451    i.UsageFault_Handler  stm32g4xx_it.o
    0x08003d3a   0x08003d3a   0x0000003a   Code   RO         5174    i.WritePos          scscl.o
    0x08003d74   0x08003d74   0x00000020   Code   RO         2332    i.__NVIC_SetPriority  stm32g4xx_hal_cortex.o
    0x08003d94   0x08003d94   0x0000000e   Code   RO         5727    i.__scatterload_copy  mc_w.l(handlers.o)
    0x08003da2   0x08003da2   0x00000002   Code   RO         5728    i.__scatterload_null  mc_w.l(handlers.o)
    0x08003da4   0x08003da4   0x0000000e   Code   RO         5729    i.__scatterload_zeroinit  mc_w.l(handlers.o)
    0x08003db2   0x08003db2   0x00000038   Code   RO         4884    i.checkHead         scs.o
    0x08003dea   0x08003dea   0x00000002   PAD
    0x08003dec   0x08003dec   0x0000002c   Code   RO         4722    i.crc16             modbus_slave.o
    0x08003e18   0x08003e18   0x00000006   Code   RO         5126    i.ftBus_Delay       scs_port_hal.o
    0x08003e1e   0x08003e1e   0x00000002   PAD
    0x08003e20   0x08003e20   0x00000020   Code   RO         5127    i.ftUart_Read       scs_port_hal.o
    0x08003e40   0x08003e40   0x00000014   Code   RO         5128    i.ftUart_Send       scs_port_hal.o
    0x08003e54   0x08003e54   0x0000002c   Code   RO         4885    i.genWrite          scs.o
    0x08003e80   0x08003e80   0x00000068   Code   RO           15    i.main              main.o
    0x08003ee8   0x08003ee8   0x00000004   Code   RO         5275    i.rFlushSCS         scserail.o
    0x08003eec   0x08003eec   0x0000001a   Code   RO         4889    i.readByte          scs.o
    0x08003f06   0x08003f06   0x00000004   Code   RO         5276    i.readSCS           scserail.o
    0x08003f0a   0x08003f0a   0x00000024   Code   RO         4890    i.readWord          scs.o
    0x08003f2e   0x08003f2e   0x00000002   PAD
    0x08003f30   0x08003f30   0x0000000c   Code   RO         4893    i.setEnd            scs.o
    0x08003f3c   0x08003f3c   0x00000014   Code   RO         5066    i.sid               scs_modbus_bridge.o
    0x08003f50   0x08003f50   0x00000020   Code   RO         5277    i.wFlushSCS         scserail.o
    0x08003f70   0x08003f70   0x00000014   Code   RO         4723    i.wait_tx_tc        modbus_slave.o
    0x08003f84   0x08003f84   0x00000094   Code   RO         4902    i.writeBuf          scs.o
    0x08004018   0x08004018   0x0000002a   Code   RO         4903    i.writeByte         scs.o
    0x08004042   0x08004042   0x00000002   PAD
    0x08004044   0x08004044   0x00000028   Code   RO         5279    i.writeSCS          scserail.o
    0x0800406c   0x0800406c   0x00000018   Data   RO         3054    .constdata          stm32g4xx_hal_uart.o
    0x08004084   0x08004084   0x00000010   Data   RO         3420    .constdata          stm32g4xx_hal_uart_ex.o
    0x08004094   0x08004094   0x00000010   Data   RO         4670    .constdata          system_stm32g4xx.o
    0x080040a4   0x080040a4   0x00000008   Data   RO         4671    .constdata          system_stm32g4xx.o
    0x080040ac   0x080040ac   0x00000200   Data   RO         4725    .constdata          modbus_slave.o
    0x080042ac   0x080042ac   0x00000020   Data   RO         5725    Region$$Table       anon$$obj.o


    Execution Region RW_IRAM1 (Exec base: 0x20000000, Load base: 0x080042cc, Size: 0x00000e70, Max: 0x00020000, ABSOLUTE)

    Exec Addr    Load Addr    Size         Type   Attr      Idx    E Section Name        Object

    0x20000000   0x080042cc   0x00000001   Data   RW           16    .data               main.o
    0x20000001   0x080042cd   0x00000001   PAD
    0x20000002   0x080042ce   0x00000002   Data   RW          384    .data               tim.o
    0x20000004   0x080042d0   0x0000000c   Data   RW          976    .data               stm32g4xx_hal.o
    0x20000010   0x080042dc   0x00000004   Data   RW         4672    .data               system_stm32g4xx.o
    0x20000014   0x080042e0   0x00000008   Data   RW         4843    .data               my_system.o
    0x2000001c   0x080042e8   0x00000008   Data   RW         4844    .data               my_system.o
    0x20000024   0x080042f0   0x00000014   Data   RW         4905    .data               scs.o
    0x20000038   0x08004304   0x0000000c   Data   RW         5067    .data               scs_modbus_bridge.o
    0x20000044   0x08004310   0x00000001   Data   RW         5281    .data               scserail.o
    0x20000045   0x08004311   0x00000003   PAD
    0x20000048        -       0x00000064   Zero   RW          225    .bss                fdcan.o
    0x200000ac        -       0x00000054   Zero   RW          267    .bss                i2c.o
    0x20000100        -       0x00000378   Zero   RW          314    .bss                usart.o
    0x20000478        -       0x00000098   Zero   RW          383    .bss                tim.o
    0x20000510        -       0x000004d0   Zero   RW         4724    .bss                modbus_slave.o
    0x200009e0        -       0x0000000f   Zero   RW         5176    .bss                scscl.o
    0x200009ef        -       0x00000080   Zero   RW         5280    .bss                scserail.o
    0x20000a6f   0x08004311   0x00000001   PAD
    0x20000a70        -       0x00000400   Zero   RW            1    STACK               startup_stm32g474xx.o


==============================================================================

Image component sizes


      Code (inc. data)   RO Data    RW Data    ZI Data      Debug   Object Name

       204         22          0          0        100       2059   fdcan.o
       140          8          0          0          0       1139   gpio.o
       216         20          0          0         84       2045   i2c.o
       214         14          0          1          0     905996   main.o
      1062         80        512          0       1232      12720   modbus_slave.o
        90         12          0         16          0       2353   my_system.o
       732         26          0         20          0       9294   scs.o
      1176         56          0         12          0       7699   scs_modbus_bridge.o
        58         12          0          0          0       2262   scs_port_hal.o
       290         36          0          0         15       5840   scscl.o
        80         18          0          1        128       3053   scserail.o
        36          8        472          0       1024        880   startup_stm32g474xx.o
       162         24          0         12          0       4829   stm32g4xx_hal.o
       198         14          0          0          0      34271   stm32g4xx_hal_cortex.o
       536         24          0          0          0       3997   stm32g4xx_hal_fdcan.o
       610         34          0          0          0       3277   stm32g4xx_hal_gpio.o
       188          4          0          0          0       3391   stm32g4xx_hal_i2c.o
       168          0          0          0          0       2127   stm32g4xx_hal_i2c_ex.o
        48          6          0          0          0       1010   stm32g4xx_hal_msp.o
       204         18          0          0          0       1549   stm32g4xx_hal_pwr_ex.o
      1684         88          0          0          0       6700   stm32g4xx_hal_rcc.o
       768         10          0          0          0       2112   stm32g4xx_hal_rcc_ex.o
      1242         82          0          0          0      11537   stm32g4xx_hal_tim.o
       198         34          0          0          0       6080   stm32g4xx_hal_tim_ex.o
      3360        134         24          0          0      36329   stm32g4xx_hal_uart.o
       422         10         16          0          0       5084   stm32g4xx_hal_uart_ex.o
        44         12          0          0          0       5882   stm32g4xx_it.o
        16          4         24          4          0       1343   system_stm32g4xx.o
       360         38          0          2        152       3539   tim.o
      1212        100          0          0        888       6242   usart.o

    ----------------------------------------------------------------------
     15738        948       1080         72       3624    1094639   Object Totals
         0          0         32          0          0          0   (incl. Generated)
        20          0          0          4          1          0   (incl. Padding)

    ----------------------------------------------------------------------

      Code (inc. data)   RO Data    RW Data    ZI Data      Debug   Library Member Name

         0          0          0          0          0          0   entry.o
         0          0          0          0          0          0   entry10a.o
         0          0          0          0          0          0   entry11a.o
         8          4          0          0          0          0   entry2.o
         4          0          0          0          0          0   entry5.o
         0          0          0          0          0          0   entry7b.o
         0          0          0          0          0          0   entry8b.o
         8          4          0          0          0          0   entry9a.o
        30          0          0          0          0          0   handlers.o
        36          8          0          0          0         68   init.o
        30          0          0          0          0         68   llshl.o
        32          0          0          0          0         68   llushr.o
        36          0          0          0          0        108   memseta.o
        98          0          0          0          0         92   uldiv.o

    ----------------------------------------------------------------------
       282         16          0          0          0        404   Library Totals
         0          0          0          0          0          0   (incl. Padding)

    ----------------------------------------------------------------------

      Code (inc. data)   RO Data    RW Data    ZI Data      Debug   Library Name

       282         16          0          0          0        404   mc_w.l

    ----------------------------------------------------------------------
       282         16          0          0          0        404   Library Totals

    ----------------------------------------------------------------------

==============================================================================


      Code (inc. data)   RO Data    RW Data    ZI Data      Debug   

     16020        964       1080         72       3624    1081143   Grand Totals
     16020        964       1080         72       3624    1081143   ELF Image Totals
     16020        964       1080         72          0          0   ROM Totals

==============================================================================

    Total RO  Size (Code + RO Data)                17100 (  16.70kB)
    Total RW  Size (RW Data + ZI Data)              3696 (   3.61kB)
    Total ROM Size (Code + RO Data + RW Data)      17172 (  16.77kB)

==============================================================================

