Component: ARM Compiler 5.06 update 5 (build 528) Tool: armlink [4d35e2]

==============================================================================

Section Cross References

    startup_stm32f103xb.o(RESET) refers to startup_stm32f103xb.o(STACK) for __initial_sp
    startup_stm32f103xb.o(RESET) refers to startup_stm32f103xb.o(.text) for Reset_Handler
    startup_stm32f103xb.o(RESET) refers to stm32f1xx_it.o(i.NMI_Handler) for NMI_Handler
    startup_stm32f103xb.o(RESET) refers to stm32f1xx_it.o(i.HardFault_Handler) for HardFault_Handler
    startup_stm32f103xb.o(RESET) refers to stm32f1xx_it.o(i.MemManage_Handler) for MemManage_Handler
    startup_stm32f103xb.o(RESET) refers to stm32f1xx_it.o(i.BusFault_Handler) for BusFault_Handler
    startup_stm32f103xb.o(RESET) refers to stm32f1xx_it.o(i.UsageFault_Handler) for UsageFault_Handler
    startup_stm32f103xb.o(RESET) refers to stm32f1xx_it.o(i.SVC_Handler) for SVC_Handler
    startup_stm32f103xb.o(RESET) refers to stm32f1xx_it.o(i.DebugMon_Handler) for DebugMon_Handler
    startup_stm32f103xb.o(RESET) refers to stm32f1xx_it.o(i.PendSV_Handler) for PendSV_Handler
    startup_stm32f103xb.o(RESET) refers to stm32f1xx_it.o(i.SysTick_Handler) for SysTick_Handler
    startup_stm32f103xb.o(RESET) refers to stm32f1xx_it.o(i.TIM1_UP_IRQHandler) for TIM1_UP_IRQHandler
    startup_stm32f103xb.o(RESET) refers to stm32f1xx_it.o(i.TIM2_IRQHandler) for TIM2_IRQHandler
    startup_stm32f103xb.o(RESET) refers to stm32f1xx_it.o(i.USART2_IRQHandler) for USART2_IRQHandler
    startup_stm32f103xb.o(RESET) refers to stm32f1xx_it.o(i.USART3_IRQHandler) for USART3_IRQHandler
    startup_stm32f103xb.o(.text) refers to system_stm32f1xx.o(i.SystemInit) for SystemInit
    startup_stm32f103xb.o(.text) refers to entry.o(.ARM.Collect$$$$00000000) for __main
    main.o(i.SystemClock_Config) refers to memseta.o(.text) for __aeabi_memclr4
    main.o(i.SystemClock_Config) refers to stm32f1xx_hal_rcc.o(i.HAL_RCC_OscConfig) for HAL_RCC_OscConfig
    main.o(i.SystemClock_Config) refers to stm32f1xx_hal_rcc.o(i.HAL_RCC_ClockConfig) for HAL_RCC_ClockConfig
    main.o(i.main) refers to stm32f1xx_hal.o(i.HAL_Init) for HAL_Init
    main.o(i.main) refers to main.o(i.SystemClock_Config) for SystemClock_Config
    main.o(i.main) refers to gpio.o(i.MX_GPIO_Init) for MX_GPIO_Init
    main.o(i.main) refers to tim.o(i.MX_TIM1_Init) for MX_TIM1_Init
    main.o(i.main) refers to usart.o(i.MX_USART3_UART_Init) for MX_USART3_UART_Init
    main.o(i.main) refers to tim.o(i.MX_TIM2_Init) for MX_TIM2_Init
    main.o(i.main) refers to usart.o(i.MX_USART2_UART_Init) for MX_USART2_UART_Init
    main.o(i.main) refers to my_system.o(.data) for system
    gpio.o(i.MX_GPIO_Init) refers to stm32f1xx_hal_gpio.o(i.HAL_GPIO_WritePin) for HAL_GPIO_WritePin
    gpio.o(i.MX_GPIO_Init) refers to stm32f1xx_hal_gpio.o(i.HAL_GPIO_Init) for HAL_GPIO_Init
    tim.o(i.HAL_TIM_Base_MspDeInit) refers to stm32f1xx_hal_cortex.o(i.HAL_NVIC_DisableIRQ) for HAL_NVIC_DisableIRQ
    tim.o(i.HAL_TIM_Base_MspInit) refers to stm32f1xx_hal_cortex.o(i.HAL_NVIC_SetPriority) for HAL_NVIC_SetPriority
    tim.o(i.HAL_TIM_Base_MspInit) refers to stm32f1xx_hal_cortex.o(i.HAL_NVIC_EnableIRQ) for HAL_NVIC_EnableIRQ
    tim.o(i.MX_TIM1_Init) refers to stm32f1xx_hal_tim.o(i.HAL_TIM_Base_Init) for HAL_TIM_Base_Init
    tim.o(i.MX_TIM1_Init) refers to main.o(i.Error_Handler) for Error_Handler
    tim.o(i.MX_TIM1_Init) refers to stm32f1xx_hal_tim.o(i.HAL_TIM_ConfigClockSource) for HAL_TIM_ConfigClockSource
    tim.o(i.MX_TIM1_Init) refers to stm32f1xx_hal_tim_ex.o(i.HAL_TIMEx_MasterConfigSynchronization) for HAL_TIMEx_MasterConfigSynchronization
    tim.o(i.MX_TIM1_Init) refers to stm32f1xx_hal_tim.o(i.HAL_TIM_Base_Start_IT) for HAL_TIM_Base_Start_IT
    tim.o(i.MX_TIM1_Init) refers to tim.o(.bss) for .bss
    tim.o(i.MX_TIM2_Init) refers to stm32f1xx_hal_tim.o(i.HAL_TIM_Base_Init) for HAL_TIM_Base_Init
    tim.o(i.MX_TIM2_Init) refers to main.o(i.Error_Handler) for Error_Handler
    tim.o(i.MX_TIM2_Init) refers to stm32f1xx_hal_tim.o(i.HAL_TIM_ConfigClockSource) for HAL_TIM_ConfigClockSource
    tim.o(i.MX_TIM2_Init) refers to stm32f1xx_hal_tim_ex.o(i.HAL_TIMEx_MasterConfigSynchronization) for HAL_TIMEx_MasterConfigSynchronization
    tim.o(i.MX_TIM2_Init) refers to stm32f1xx_hal_tim.o(i.HAL_TIM_Base_Start_IT) for HAL_TIM_Base_Start_IT
    tim.o(i.MX_TIM2_Init) refers to tim.o(.bss) for .bss
    usart.o(i.HAL_UART_MspDeInit) refers to stm32f1xx_hal_gpio.o(i.HAL_GPIO_DeInit) for HAL_GPIO_DeInit
    usart.o(i.HAL_UART_MspDeInit) refers to stm32f1xx_hal_cortex.o(i.HAL_NVIC_DisableIRQ) for HAL_NVIC_DisableIRQ
    usart.o(i.HAL_UART_MspInit) refers to stm32f1xx_hal_gpio.o(i.HAL_GPIO_Init) for HAL_GPIO_Init
    usart.o(i.HAL_UART_MspInit) refers to stm32f1xx_hal_cortex.o(i.HAL_NVIC_SetPriority) for HAL_NVIC_SetPriority
    usart.o(i.HAL_UART_MspInit) refers to stm32f1xx_hal_cortex.o(i.HAL_NVIC_EnableIRQ) for HAL_NVIC_EnableIRQ
[...]
    Removing stm32f1xx_hal_tim.o(i.HAL_TIM_PWM_DeInit), (92 bytes).
    Removing stm32f1xx_hal_tim.o(i.HAL_TIM_PWM_GetState), (6 bytes).
    Removing stm32f1xx_hal_tim.o(i.HAL_TIM_PWM_Init), (90 bytes).
    Removing stm32f1xx_hal_tim.o(i.HAL_TIM_PWM_MspDeInit), (2 bytes).
    Removing stm32f1xx_hal_tim.o(i.HAL_TIM_PWM_MspInit), (2 bytes).
    Removing stm32f1xx_hal_tim.o(i.HAL_TIM_PWM_PulseFinishedHalfCpltCallback), (2 bytes).
    Removing stm32f1xx_hal_tim.o(i.HAL_TIM_PWM_Start), (156 bytes).
    Removing stm32f1xx_hal_tim.o(i.HAL_TIM_PWM_Start_DMA), (404 bytes).
    Removing stm32f1xx_hal_tim.o(i.HAL_TIM_PWM_Start_IT), (200 bytes).
    Removing stm32f1xx_hal_tim.o(i.HAL_TIM_PWM_Stop), (112 bytes).
    Removing stm32f1xx_hal_tim.o(i.HAL_TIM_PWM_Stop_DMA), (196 bytes).
    Removing stm32f1xx_hal_tim.o(i.HAL_TIM_PWM_Stop_IT), (176 bytes).
    Removing stm32f1xx_hal_tim.o(i.HAL_TIM_PeriodElapsedCallback), (2 bytes).
    Removing stm32f1xx_hal_tim.o(i.HAL_TIM_PeriodElapsedHalfCpltCallback), (2 bytes).
    Removing stm32f1xx_hal_tim.o(i.HAL_TIM_ReadCapturedValue), (42 bytes).
    Removing stm32f1xx_hal_tim.o(i.HAL_TIM_SlaveConfigSynchro), (86 bytes).
    Removing stm32f1xx_hal_tim.o(i.HAL_TIM_SlaveConfigSynchro_IT), (86 bytes).
    Removing stm32f1xx_hal_tim.o(i.HAL_TIM_TriggerHalfCpltCallback), (2 bytes).
    Removing stm32f1xx_hal_tim.o(i.TIM_CCxChannelCmd), (26 bytes).
    Removing stm32f1xx_hal_tim.o(i.TIM_DMACaptureCplt), (110 bytes).
    Removing stm32f1xx_hal_tim.o(i.TIM_DMACaptureHalfCplt), (56 bytes).
    Removing stm32f1xx_hal_tim.o(i.TIM_DMADelayPulseCplt), (94 bytes).
    Removing stm32f1xx_hal_tim.o(i.TIM_DMADelayPulseHalfCplt), (56 bytes).
    Removing stm32f1xx_hal_tim.o(i.TIM_DMAError), (84 bytes).
    Removing stm32f1xx_hal_tim.o(i.TIM_DMAPeriodElapsedCplt), (22 bytes).
    Removing stm32f1xx_hal_tim.o(i.TIM_DMAPeriodElapsedHalfCplt), (10 bytes).
    Removing stm32f1xx_hal_tim.o(i.TIM_DMATriggerCplt), (22 bytes).
    Removing stm32f1xx_hal_tim.o(i.TIM_DMATriggerHalfCplt), (10 bytes).
    Removing stm32f1xx_hal_tim.o(i.TIM_OC1_SetConfig), (80 bytes).
    Removing stm32f1xx_hal_tim.o(i.TIM_OC2_SetConfig), (88 bytes).
    Removing stm32f1xx_hal_tim.o(i.TIM_OC3_SetConfig), (88 bytes).
    Removing stm32f1xx_hal_tim.o(i.TIM_OC4_SetConfig), (68 bytes).
    Removing stm32f1xx_hal_tim.o(i.TIM_SlaveTimer_SetConfig), (140 bytes).
    Removing stm32f1xx_hal_tim.o(i.TIM_TI1_SetConfig), (88 bytes).
    Removing stm32f1xx_hal_tim.o(i.TIM_TI2_SetConfig), (54 bytes).
    Removing stm32f1xx_hal_tim_ex.o(.rev16_text), (4 bytes).
    Removing stm32f1xx_hal_tim_ex.o(.revsh_text), (4 bytes).
    Removing stm32f1xx_hal_tim_ex.o(.rrx_text), (6 bytes).
    Removing stm32f1xx_hal_tim_ex.o(i.HAL_TIMEx_CommutHalfCpltCallback), (2 bytes).
    Removing stm32f1xx_hal_tim_ex.o(i.HAL_TIMEx_ConfigBreakDeadTime), (84 bytes).
    Removing stm32f1xx_hal_tim_ex.o(i.HAL_TIMEx_ConfigCommutEvent), (112 bytes).
    Removing stm32f1xx_hal_tim_ex.o(i.HAL_TIMEx_ConfigCommutEvent_DMA), (144 bytes).
    Removing stm32f1xx_hal_tim_ex.o(i.HAL_TIMEx_ConfigCommutEvent_IT), (112 bytes).
    Removing stm32f1xx_hal_tim_ex.o(i.HAL_TIMEx_GetChannelNState), (34 bytes).
    Removing stm32f1xx_hal_tim_ex.o(i.HAL_TIMEx_HallSensor_DeInit), (76 bytes).
    Removing stm32f1xx_hal_tim_ex.o(i.HAL_TIMEx_HallSensor_GetState), (6 bytes).
    Removing stm32f1xx_hal_tim_ex.o(i.HAL_TIMEx_HallSensor_Init), (208 bytes).
    Removing stm32f1xx_hal_tim_ex.o(i.HAL_TIMEx_HallSensor_MspDeInit), (2 bytes).
    Removing stm32f1xx_hal_tim_ex.o(i.HAL_TIMEx_HallSensor_MspInit), (2 bytes).
    Removing stm32f1xx_hal_tim_ex.o(i.HAL_TIMEx_HallSensor_Start), (128 bytes).
    Removing stm32f1xx_hal_tim_ex.o(i.HAL_TIMEx_HallSensor_Start_DMA), (184 bytes).
    Removing stm32f1xx_hal_tim_ex.o(i.HAL_TIMEx_HallSensor_Start_IT), (140 bytes).
    Removing stm32f1xx_hal_tim_ex.o(i.HAL_TIMEx_HallSensor_Stop), (58 bytes).
    Removing stm32f1xx_hal_tim_ex.o(i.HAL_TIMEx_HallSensor_Stop_DMA), (70 bytes).
    Removing stm32f1xx_hal_tim_ex.o(i.HAL_TIMEx_HallSensor_Stop_IT), (68 bytes).
    Removing stm32f1xx_hal_tim_ex.o(i.HAL_TIMEx_OCN_Start), (152 bytes).
    Removing stm32f1xx_hal_tim_ex.o(i.HAL_TIMEx_OCN_Start_DMA), (352 bytes).
    Removing stm32f1xx_hal_tim_ex.o(i.HAL_TIMEx_OCN_Start_IT), (192 bytes).
    Removing stm32f1xx_hal_tim_ex.o(i.HAL_TIMEx_OCN_Stop), (104 bytes).
    Removing stm32f1xx_hal_tim_ex.o(i.HAL_TIMEx_OCN_Stop_DMA), (168 bytes).
    Removing stm32f1xx_hal_tim_ex.o(i.HAL_TIMEx_OCN_Stop_IT), (170 bytes).
    Removing stm32f1xx_hal_tim_ex.o(i.HAL_TIMEx_OnePulseN_Start), (100 bytes).
    Removing stm32f1xx_hal_tim_ex.o(i.HAL_TIMEx_OnePulseN_Start_IT), (120 bytes).
    Removing stm32f1xx_hal_tim_ex.o(i.HAL_TIMEx_OnePulseN_Stop), (98 bytes).
    Removing stm32f1xx_hal_tim_ex.o(i.HAL_TIMEx_OnePulseN_Stop_IT), (120 bytes).
    Removing stm32f1xx_hal_tim_ex.o(i.HAL_TIMEx_PWMN_Start), (152 bytes).
    Removing stm32f1xx_hal_tim_ex.o(i.HAL_TIMEx_PWMN_Start_DMA), (352 bytes).
    Removing stm32f1xx_hal_tim_ex.o(i.HAL_TIMEx_PWMN_Start_IT), (192 bytes).
    Removing stm32f1xx_hal_tim_ex.o(i.HAL_TIMEx_PWMN_Stop), (104 bytes).
    Removing stm32f1xx_hal_tim_ex.o(i.HAL_TIMEx_PWMN_Stop_DMA), (168 bytes).
    Removing stm32f1xx_hal_tim_ex.o(i.HAL_TIMEx_PWMN_Stop_IT), (170 bytes).
    Removing stm32f1xx_hal_tim_ex.o(i.HAL_TIMEx_RemapConfig), (4 bytes).
    Removing stm32f1xx_hal_tim_ex.o(i.TIMEx_DMACommutationCplt), (16 bytes).
    Removing stm32f1xx_hal_tim_ex.o(i.TIMEx_DMACommutationHalfCplt), (16 bytes).
    Removing stm32f1xx_hal_tim_ex.o(i.TIM_CCxNChannelCmd), (26 bytes).
    Removing stm32f1xx_hal_tim_ex.o(i.TIM_DMADelayPulseNCplt), (94 bytes).
    Removing stm32f1xx_hal_tim_ex.o(i.TIM_DMAErrorCCxN), (62 bytes).
    Removing stm32f1xx_hal.o(.rev16_text), (4 bytes).
    Removing stm32f1xx_hal.o(.revsh_text), (4 bytes).
    Removing stm32f1xx_hal.o(.rrx_text), (6 bytes).
    Removing stm32f1xx_hal.o(i.HAL_DBGMCU_DisableDBGSleepMode), (16 bytes).
    Removing stm32f1xx_hal.o(i.HAL_DBGMCU_DisableDBGStandbyMode), (16 bytes).
    Removing stm32f1xx_hal.o(i.HAL_DBGMCU_DisableDBGStopMode), (16 bytes).
    Removing stm32f1xx_hal.o(i.HAL_DBGMCU_EnableDBGSleepMode), (16 bytes).
    Removing stm32f1xx_hal.o(i.HAL_DBGMCU_EnableDBGStandbyMode), (16 bytes).
    Removing stm32f1xx_hal.o(i.HAL_DBGMCU_EnableDBGStopMode), (16 bytes).
    Removing stm32f1xx_hal.o(i.HAL_DeInit), (32 bytes).
    Removing stm32f1xx_hal.o(i.HAL_GetDEVID), (16 bytes).
    Removing stm32f1xx_hal.o(i.HAL_GetHalVersion), (8 bytes).
    Removing stm32f1xx_hal.o(i.HAL_GetREVID), (12 bytes).
    Removing stm32f1xx_hal.o(i.HAL_GetTickFreq), (12 bytes).
    Removing stm32f1xx_hal.o(i.HAL_GetTickPrio), (12 bytes).
    Removing stm32f1xx_hal.o(i.HAL_GetUIDw0), (12 bytes).
    Removing stm32f1xx_hal.o(i.HAL_GetUIDw1), (12 bytes).
    Removing stm32f1xx_hal.o(i.HAL_GetUIDw2), (12 bytes).
    Removing stm32f1xx_hal.o(i.HAL_MspDeInit), (2 bytes).
    Removing stm32f1xx_hal.o(i.HAL_MspInit), (2 bytes).
    Removing stm32f1xx_hal.o(i.HAL_ResumeTick), (14 bytes).
    Removing stm32f1xx_hal.o(i.HAL_SetTickFreq), (36 bytes).
    Removing stm32f1xx_hal.o(i.HAL_SuspendTick), (14 bytes).
    Removing stm32f1xx_hal_rcc.o(.rev16_text), (4 bytes).
    Removing stm32f1xx_hal_rcc.o(.revsh_text), (4 bytes).
    Removing stm32f1xx_hal_rcc.o(.rrx_text), (6 bytes).
    Removing stm32f1xx_hal_rcc.o(i.HAL_RCC_CSSCallback), (2 bytes).
    Removing stm32f1xx_hal_rcc.o(i.HAL_RCC_DeInit), (220 bytes).
    Removing stm32f1xx_hal_rcc.o(i.HAL_RCC_DisableCSS), (12 bytes).
    Removing stm32f1xx_hal_rcc.o(i.HAL_RCC_EnableCSS), (12 bytes).
    Removing stm32f1xx_hal_rcc.o(i.HAL_RCC_GetClockConfig), (64 bytes).
    Removing stm32f1xx_hal_rcc.o(i.HAL_RCC_GetHCLKFreq), (12 bytes).
    Removing stm32f1xx_hal_rcc.o(i.HAL_RCC_GetOscConfig), (144 bytes).
    Removing stm32f1xx_hal_rcc.o(i.HAL_RCC_MCOConfig), (72 bytes).
    Removing stm32f1xx_hal_rcc.o(i.HAL_RCC_NMI_IRQHandler), (24 bytes).
    Removing stm32f1xx_hal_rcc_ex.o(.rev16_text), (4 bytes).
    Removing stm32f1xx_hal_rcc_ex.o(.revsh_text), (4 bytes).
    Removing stm32f1xx_hal_rcc_ex.o(.rrx_text), (6 bytes).
    Removing stm32f1xx_hal_rcc_ex.o(i.HAL_RCCEx_GetPeriphCLKConfig), (44 bytes).
    Removing stm32f1xx_hal_rcc_ex.o(i.HAL_RCCEx_GetPeriphCLKFreq), (164 bytes).
    Removing stm32f1xx_hal_rcc_ex.o(i.HAL_RCCEx_PeriphCLKConfig), (236 bytes).
    Removing stm32f1xx_hal_rcc_ex.o(.constdata), (18 bytes).
    Removing stm32f1xx_hal_gpio.o(.rev16_text), (4 bytes).
    Removing stm32f1xx_hal_gpio.o(.revsh_text), (4 bytes).
    Removing stm32f1xx_hal_gpio.o(.rrx_text), (6 bytes).
    Removing stm32f1xx_hal_gpio.o(i.HAL_GPIO_DeInit), (280 bytes).
    Removing stm32f1xx_hal_gpio.o(i.HAL_GPIO_EXTI_Callback), (2 bytes).
    Removing stm32f1xx_hal_gpio.o(i.HAL_GPIO_EXTI_IRQHandler), (24 bytes).
    Removing stm32f1xx_hal_gpio.o(i.HAL_GPIO_LockPin), (34 bytes).
    Removing stm32f1xx_hal_gpio.o(i.HAL_GPIO_ReadPin), (10 bytes).
    Removing stm32f1xx_hal_gpio.o(i.HAL_GPIO_TogglePin), (16 bytes).
    Removing stm32f1xx_hal_dma.o(.rev16_text), (4 bytes).
    Removing stm32f1xx_hal_dma.o(.revsh_text), (4 bytes).
    Removing stm32f1xx_hal_dma.o(.rrx_text), (6 bytes).
    Removing stm32f1xx_hal_dma.o(i.DMA_SetConfig), (42 bytes).
    Removing stm32f1xx_hal_dma.o(i.HAL_DMA_DeInit), (92 bytes).
    Removing stm32f1xx_hal_dma.o(i.HAL_DMA_GetError), (4 bytes).
    Removing stm32f1xx_hal_dma.o(i.HAL_DMA_GetState), (6 bytes).
    Removing stm32f1xx_hal_dma.o(i.HAL_DMA_IRQHandler), (340 bytes).
    Removing stm32f1xx_hal_dma.o(i.HAL_DMA_Init), (92 bytes).
    Removing stm32f1xx_hal_dma.o(i.HAL_DMA_PollForTransfer), (532 bytes).
    Removing stm32f1xx_hal_dma.o(i.HAL_DMA_RegisterCallback), (74 bytes).
    Removing stm32f1xx_hal_dma.o(i.HAL_DMA_Start), (80 bytes).
    Removing stm32f1xx_hal_dma.o(i.HAL_DMA_Start_IT), (112 bytes).
    Removing stm32f1xx_hal_dma.o(i.HAL_DMA_UnRegisterCallback), (82 bytes).
    Removing stm32f1xx_hal_cortex.o(.rev16_text), (4 bytes).
    Removing stm32f1xx_hal_cortex.o(.revsh_text), (4 bytes).
    Removing stm32f1xx_hal_cortex.o(.rrx_text), (6 bytes).
    Removing stm32f1xx_hal_cortex.o(i.HAL_NVIC_ClearPendingIRQ), (26 bytes).
    Removing stm32f1xx_hal_cortex.o(i.HAL_NVIC_DisableIRQ), (34 bytes).
    Removing stm32f1xx_hal_cortex.o(i.HAL_NVIC_GetActive), (36 bytes).
    Removing stm32f1xx_hal_cortex.o(i.HAL_NVIC_GetPendingIRQ), (36 bytes).
    Removing stm32f1xx_hal_cortex.o(i.HAL_NVIC_GetPriority), (82 bytes).
    Removing stm32f1xx_hal_cortex.o(i.HAL_NVIC_GetPriorityGrouping), (16 bytes).
    Removing stm32f1xx_hal_cortex.o(i.HAL_NVIC_SetPendingIRQ), (26 bytes).
    Removing stm32f1xx_hal_cortex.o(i.HAL_NVIC_SystemReset), (36 bytes).
    Removing stm32f1xx_hal_cortex.o(i.HAL_SYSTICK_CLKSourceConfig), (24 bytes).
    Removing stm32f1xx_hal_cortex.o(i.HAL_SYSTICK_Callback), (2 bytes).
    Removing stm32f1xx_hal_cortex.o(i.HAL_SYSTICK_IRQHandler), (8 bytes).
    Removing stm32f1xx_hal_pwr.o(.rev16_text), (4 bytes).
    Removing stm32f1xx_hal_pwr.o(.revsh_text), (4 bytes).
    Removing stm32f1xx_hal_pwr.o(.rrx_text), (6 bytes).
    Removing stm32f1xx_hal_pwr.o(i.HAL_PWR_ConfigPVD), (124 bytes).
    Removing stm32f1xx_hal_pwr.o(i.HAL_PWR_DeInit), (24 bytes).
    Removing stm32f1xx_hal_pwr.o(i.HAL_PWR_DisableBkUpAccess), (12 bytes).
    Removing stm32f1xx_hal_pwr.o(i.HAL_PWR_DisablePVD), (12 bytes).
    Removing stm32f1xx_hal_pwr.o(i.HAL_PWR_DisableSEVOnPend), (16 bytes).
    Removing stm32f1xx_hal_pwr.o(i.HAL_PWR_DisableSleepOnExit), (16 bytes).
    Removing stm32f1xx_hal_pwr.o(i.HAL_PWR_DisableWakeUpPin), (28 bytes).
    Removing stm32f1xx_hal_pwr.o(i.HAL_PWR_EnableBkUpAccess), (12 bytes).
    Removing stm32f1xx_hal_pwr.o(i.HAL_PWR_EnablePVD), (12 bytes).
    Removing stm32f1xx_hal_pwr.o(i.HAL_PWR_EnableSEVOnPend), (16 bytes).
    Removing stm32f1xx_hal_pwr.o(i.HAL_PWR_EnableSleepOnExit), (16 bytes).
    Removing stm32f1xx_hal_pwr.o(i.HAL_PWR_EnableWakeUpPin), (28 bytes).
    Removing stm32f1xx_hal_pwr.o(i.HAL_PWR_EnterSLEEPMode), (32 bytes).
    Removing stm32f1xx_hal_pwr.o(i.HAL_PWR_EnterSTANDBYMode), (32 bytes).
    Removing stm32f1xx_hal_pwr.o(i.HAL_PWR_EnterSTOPMode), (68 bytes).
    Removing stm32f1xx_hal_pwr.o(i.HAL_PWR_PVDCallback), (2 bytes).
    Removing stm32f1xx_hal_pwr.o(i.HAL_PWR_PVD_IRQHandler), (28 bytes).
    Removing stm32f1xx_hal_pwr.o(i.PWR_OverloadWfe), (6 bytes).
    Removing stm32f1xx_hal_flash.o(.rev16_text), (4 bytes).
    Removing stm32f1xx_hal_flash.o(.revsh_text), (4 bytes).
    Removing stm32f1xx_hal_flash.o(.rrx_text), (6 bytes).
    Removing stm32f1xx_hal_flash.o(i.FLASH_Program_HalfWord), (28 bytes).
    Removing stm32f1xx_hal_flash.o(i.FLASH_SetErrorCode), (92 bytes).
    Removing stm32f1xx_hal_flash.o(i.FLASH_WaitForLastOperation), (84 bytes).
    Removing stm32f1xx_hal_flash.o(i.HAL_FLASH_EndOfOperationCallback), (2 bytes).
    Removing stm32f1xx_hal_flash.o(i.HAL_FLASH_GetError), (12 bytes).
    Removing stm32f1xx_hal_flash.o(i.HAL_FLASH_IRQHandler), (264 bytes).
    Removing stm32f1xx_hal_flash.o(i.HAL_FLASH_Lock), (20 bytes).
    Removing stm32f1xx_hal_flash.o(i.HAL_FLASH_OB_Launch), (4 bytes).
    Removing stm32f1xx_hal_flash.o(i.HAL_FLASH_OB_Lock), (20 bytes).
    Removing stm32f1xx_hal_flash.o(i.HAL_FLASH_OB_Unlock), (36 bytes).
    Removing stm32f1xx_hal_flash.o(i.HAL_FLASH_OperationErrorCallback), (2 bytes).
    Removing stm32f1xx_hal_flash.o(i.HAL_FLASH_Program), (128 bytes).
    Removing stm32f1xx_hal_flash.o(i.HAL_FLASH_Program_IT), (100 bytes).
    Removing stm32f1xx_hal_flash.o(i.HAL_FLASH_Unlock), (40 bytes).
    Removing stm32f1xx_hal_flash.o(.bss), (32 bytes).
    Removing stm32f1xx_hal_flash_ex.o(.rev16_text), (4 bytes).
    Removing stm32f1xx_hal_flash_ex.o(.revsh_text), (4 bytes).
    Removing stm32f1xx_hal_flash_ex.o(.rrx_text), (6 bytes).
    Removing stm32f1xx_hal_flash_ex.o(i.FLASH_MassErase), (36 bytes).
    Removing stm32f1xx_hal_flash_ex.o(i.FLASH_OB_DisableWRP), (176 bytes).
    Removing stm32f1xx_hal_flash_ex.o(i.FLASH_OB_EnableWRP), (176 bytes).
    Removing stm32f1xx_hal_flash_ex.o(i.FLASH_OB_GetRDP), (24 bytes).
    Removing stm32f1xx_hal_flash_ex.o(i.FLASH_OB_RDP_LevelConfig), (100 bytes).
    Removing stm32f1xx_hal_flash_ex.o(i.FLASH_PageErase), (36 bytes).
    Removing stm32f1xx_hal_flash_ex.o(i.HAL_FLASHEx_Erase), (168 bytes).
    Removing stm32f1xx_hal_flash_ex.o(i.HAL_FLASHEx_Erase_IT), (84 bytes).
    Removing stm32f1xx_hal_flash_ex.o(i.HAL_FLASHEx_OBErase), (84 bytes).
    Removing stm32f1xx_hal_flash_ex.o(i.HAL_FLASHEx_OBGetConfig), (36 bytes).
    Removing stm32f1xx_hal_flash_ex.o(i.HAL_FLASHEx_OBGetUserData), (32 bytes).
    Removing stm32f1xx_hal_flash_ex.o(i.HAL_FLASHEx_OBProgram), (200 bytes).
    Removing stm32f1xx_hal_exti.o(.rev16_text), (4 bytes).
    Removing stm32f1xx_hal_exti.o(.revsh_text), (4 bytes).
    Removing stm32f1xx_hal_exti.o(.rrx_text), (6 bytes).
    Removing stm32f1xx_hal_exti.o(i.HAL_EXTI_ClearConfigLine), (104 bytes).
    Removing stm32f1xx_hal_exti.o(i.HAL_EXTI_ClearPending), (20 bytes).
    Removing stm32f1xx_hal_exti.o(i.HAL_EXTI_GenerateSWI), (20 bytes).
    Removing stm32f1xx_hal_exti.o(i.HAL_EXTI_GetConfigLine), (140 bytes).
    Removing stm32f1xx_hal_exti.o(i.HAL_EXTI_GetHandle), (12 bytes).
    Removing stm32f1xx_hal_exti.o(i.HAL_EXTI_GetPending), (24 bytes).
    Removing stm32f1xx_hal_exti.o(i.HAL_EXTI_IRQHandler), (36 bytes).
    Removing stm32f1xx_hal_exti.o(i.HAL_EXTI_RegisterCallback), (14 bytes).
    Removing stm32f1xx_hal_exti.o(i.HAL_EXTI_SetConfigLine), (164 bytes).
    Removing stm32f1xx_hal_uart.o(.rev16_text), (4 bytes).
    Removing stm32f1xx_hal_uart.o(.revsh_text), (4 bytes).
    Removing stm32f1xx_hal_uart.o(.rrx_text), (6 bytes).
    Removing stm32f1xx_hal_uart.o(i.HAL_HalfDuplex_EnableReceiver), (50 bytes).
    Removing stm32f1xx_hal_uart.o(i.HAL_HalfDuplex_EnableTransmitter), (50 bytes).
    Removing stm32f1xx_hal_uart.o(i.HAL_HalfDuplex_Init), (110 bytes).
    Removing stm32f1xx_hal_uart.o(i.HAL_LIN_Init), (130 bytes).
    Removing stm32f1xx_hal_uart.o(i.HAL_LIN_SendBreak), (60 bytes).
    Removing stm32f1xx_hal_uart.o(i.HAL_MultiProcessor_EnterMuteMode), (62 bytes).
    Removing stm32f1xx_hal_uart.o(i.HAL_MultiProcessor_ExitMuteMode), (62 bytes).
    Removing stm32f1xx_hal_uart.o(i.HAL_MultiProcessor_Init), (144 bytes).
    Removing stm32f1xx_hal_uart.o(i.HAL_UARTEx_GetRxEventType), (4 bytes).
    Removing stm32f1xx_hal_uart.o(i.HAL_UARTEx_ReceiveToIdle), (240 bytes).
    Removing stm32f1xx_hal_uart.o(i.HAL_UARTEx_ReceiveToIdle_DMA), (78 bytes).
    Removing stm32f1xx_hal_uart.o(i.HAL_UARTEx_ReceiveToIdle_IT), (78 bytes).
    Removing stm32f1xx_hal_uart.o(i.HAL_UART_Abort), (210 bytes).
    Removing stm32f1xx_hal_uart.o(i.HAL_UART_AbortCpltCallback), (2 bytes).
    Removing stm32f1xx_hal_uart.o(i.HAL_UART_AbortReceive), (148 bytes).
    Removing stm32f1xx_hal_uart.o(i.HAL_UART_AbortReceiveCpltCallback), (2 bytes).
    Removing stm32f1xx_hal_uart.o(i.HAL_UART_AbortReceive_IT), (152 bytes).
    Removing stm32f1xx_hal_uart.o(i.HAL_UART_AbortTransmit), (98 bytes).
    Removing stm32f1xx_hal_uart.o(i.HAL_UART_AbortTransmitCpltCallback), (2 bytes).
    Removing stm32f1xx_hal_uart.o(i.HAL_UART_AbortTransmit_IT), (104 bytes).
    Removing stm32f1xx_hal_uart.o(i.HAL_UART_Abort_IT), (244 bytes).
    Removing stm32f1xx_hal_uart.o(i.HAL_UART_DMAPause), (120 bytes).
    Removing stm32f1xx_hal_uart.o(i.HAL_UART_DMAResume), (114 bytes).
    Removing stm32f1xx_hal_uart.o(i.HAL_UART_DMAStop), (112 bytes).
    Removing stm32f1xx_hal_uart.o(i.HAL_UART_DeInit), (54 bytes).
    Removing stm32f1xx_hal_uart.o(i.HAL_UART_GetError), (4 bytes).
    Removing stm32f1xx_hal_uart.o(i.HAL_UART_GetState), (10 bytes).
    Removing stm32f1xx_hal_uart.o(i.HAL_UART_MspDeInit), (2 bytes).
    Removing stm32f1xx_hal_uart.o(i.HAL_UART_MspInit), (2 bytes).
    Removing stm32f1xx_hal_uart.o(i.HAL_UART_Receive_DMA), (28 bytes).
    Removing stm32f1xx_hal_uart.o(i.HAL_UART_RxCpltCallback), (2 bytes).
    Removing stm32f1xx_hal_uart.o(i.HAL_UART_RxHalfCpltCallback), (2 bytes).
    Removing stm32f1xx_hal_uart.o(i.HAL_UART_Transmit_DMA), (120 bytes).
    Removing stm32f1xx_hal_uart.o(i.HAL_UART_Transmit_IT), (50 bytes).
    Removing stm32f1xx_hal_uart.o(i.HAL_UART_TxHalfCpltCallback), (2 bytes).
    Removing stm32f1xx_hal_uart.o(i.UART_DMAError), (74 bytes).
    Removing stm32f1xx_hal_uart.o(i.UART_DMAReceiveCplt), (134 bytes).
    Removing stm32f1xx_hal_uart.o(i.UART_DMARxAbortCallback), (44 bytes).
    Removing stm32f1xx_hal_uart.o(i.UART_DMARxHalfCplt), (30 bytes).
    Removing stm32f1xx_hal_uart.o(i.UART_DMARxOnlyAbortCallback), (22 bytes).
    Removing stm32f1xx_hal_uart.o(i.UART_DMATransmitCplt), (66 bytes).
    Removing stm32f1xx_hal_uart.o(i.UART_DMATxAbortCallback), (44 bytes).
    Removing stm32f1xx_hal_uart.o(i.UART_DMATxHalfCplt), (10 bytes).
    Removing stm32f1xx_hal_uart.o(i.UART_DMATxOnlyAbortCallback), (20 bytes).
    Removing stm32f1xx_hal_uart.o(i.UART_EndTxTransfer), (28 bytes).
    Removing stm32f1xx_hal_uart.o(i.UART_Start_Receive_DMA), (144 bytes).
    Removing system_stm32f1xx.o(.rev16_text), (4 bytes).
    Removing system_stm32f1xx.o(.revsh_text), (4 bytes).
    Removing system_stm32f1xx.o(.rrx_text), (6 bytes).
    Removing system_stm32f1xx.o(i.SystemCoreClockUpdate), (104 bytes).
    Removing modbus_slave.o(.rev16_text), (4 bytes).
    Removing modbus_slave.o(.revsh_text), (4 bytes).
    Removing modbus_slave.o(.rrx_text), (6 bytes).
    Removing modbus_slave.o(i.LED_OFF), (32 bytes).
    Removing modbus_slave.o(i.LED_ON), (36 bytes).
    Removing modbus_slave.o(i.LED_TOGGLE), (32 bytes).
    Removing modbus_slave.o(i.MY_UART_SendArray), (20 bytes).
    Removing modbus_slave.o(i.MY_UART_SendString), (24 bytes).
    Removing modbus_slave.o(i.RS485_Send_Array), (48 bytes).
    Removing modbus_slave.o(.data), (12 bytes).
    Removing my_system.o(.rev16_text), (4 bytes).
    Removing my_system.o(.revsh_text), (4 bytes).
    Removing my_system.o(.rrx_text), (6 bytes).
    Removing scs.o(i.Ping), (132 bytes).
    Removing scs.o(i.Reset), (132 bytes).
    Removing scs.o(i.getEnd), (12 bytes).
    Removing scs.o(i.getLastError), (12 bytes).
    Removing scs.o(i.getState), (12 bytes).
    Removing scs.o(i.regAction), (38 bytes).
    Removing scs.o(i.regWrite), (44 bytes).
    Removing scs.o(i.setLevel), (12 bytes).
    Removing scs.o(i.syncReadBegin), (24 bytes).
    Removing scs.o(i.syncReadEnd), (24 bytes).
    Removing scs.o(i.syncReadPacketRx), (208 bytes).
    Removing scs.o(i.syncReadPacketTx), (144 bytes).
    Removing scs.o(i.syncReadRxPacketToByte), (32 bytes).
    Removing scs.o(i.syncReadRxPacketToWrod), (64 bytes).
    Removing scs.o(i.syncWrite), (190 bytes).
    Removing scs.o(i.writeWord), (48 bytes).
    Removing scs_modbus_bridge.o(.rev16_text), (4 bytes).
    Removing scs_modbus_bridge.o(.revsh_text), (4 bytes).
    Removing scs_modbus_bridge.o(.rrx_text), (6 bytes).
    Removing scs_port_hal.o(.rev16_text), (4 bytes).
    Removing scs_port_hal.o(.revsh_text), (4 bytes).
    Removing scs_port_hal.o(.rrx_text), (6 bytes).
    Removing scscl.o(i.FeedBack), (28 bytes).
    Removing scscl.o(i.LockEprom), (8 bytes).
    Removing scscl.o(i.PWMMode), (18 bytes).
    Removing scscl.o(i.ReadMove), (24 bytes).
    Removing scscl.o(i.RegWriteAction), (6 bytes).
    Removing scscl.o(i.RegWritePos), (58 bytes).
    Removing scscl.o(i.SyncWritePos), (120 bytes).
    Removing scscl.o(i.WritePWM), (40 bytes).
    Removing scscl.o(i.unLockEprom), (8 bytes).
    Removing scserail.o(.rev16_text), (4 bytes).
    Removing scserail.o(.revsh_text), (4 bytes).
    Removing scserail.o(.rrx_text), (6 bytes).
    Removing scserail.o(i.writeByteSCS), (28 bytes).

422 unused section(s) (total 27124 bytes) removed from the image.

==============================================================================

Image Symbol Table

    Local Symbols

    Symbol Name                              Value     Ov Type        Size  Object(Section)

    ../Core/Src/gpio.c                       0x00000000   Number         0  gpio.o ABSOLUTE
    ../Core/Src/main.c                       0x00000000   Number         0  main.o ABSOLUTE
    ../Core/Src/stm32f1xx_hal_msp.c          0x00000000   Number         0  stm32f1xx_hal_msp.o ABSOLUTE
    ../Core/Src/stm32f1xx_it.c               0x00000000   Number         0  stm32f1xx_it.o ABSOLUTE
    ../Core/Src/system_stm32f1xx.c           0x00000000   Number         0  system_stm32f1xx.o ABSOLUTE
    ../Core/Src/tim.c                        0x00000000   Number         0  tim.o ABSOLUTE
    ../Core/Src/usart.c                      0x00000000   Number         0  usart.o ABSOLUTE
    ../Drivers/STM32F1xx_HAL_Driver/Src/stm32f1xx_hal.c 0x00000000   Number         0  stm32f1xx_hal.o ABSOLUTE
    ../Drivers/STM32F1xx_HAL_Driver/Src/stm32f1xx_hal_cortex.c 0x00000000   Number         0  stm32f1xx_hal_cortex.o ABSOLUTE
    ../Drivers/STM32F1xx_HAL_Driver/Src/stm32f1xx_hal_dma.c 0x00000000   Number         0  stm32f1xx_hal_dma.o ABSOLUTE
    ../Drivers/STM32F1xx_HAL_Driver/Src/stm32f1xx_hal_exti.c 0x00000000   Number         0  stm32f1xx_hal_exti.o ABSOLUTE
    ../Drivers/STM32F1xx_HAL_Driver/Src/stm32f1xx_hal_flash.c 0x00000000   Number         0  stm32f1xx_hal_flash.o ABSOLUTE
    ../Drivers/STM32F1xx_HAL_Driver/Src/stm32f1xx_hal_flash_ex.c 0x00000000   Number         0  stm32f1xx_hal_flash_ex.o ABSOLUTE
    ../Drivers/STM32F1xx_HAL_Driver/Src/stm32f1xx_hal_gpio.c 0x00000000   Number         0  stm32f1xx_hal_gpio.o ABSOLUTE
    ../Drivers/STM32F1xx_HAL_Driver/Src/stm32f1xx_hal_gpio_ex.c 0x00000000   Number         0  stm32f1xx_hal_gpio_ex.o ABSOLUTE
    ../Drivers/STM32F1xx_HAL_Driver/Src/stm32f1xx_hal_pwr.c 0x00000000   Number         0  stm32f1xx_hal_pwr.o ABSOLUTE
    ../Drivers/STM32F1xx_HAL_Driver/Src/stm32f1xx_hal_rcc.c 0x00000000   Number         0  stm32f1xx_hal_rcc.o ABSOLUTE
    ../Drivers/STM32F1xx_HAL_Driver/Src/stm32f1xx_hal_rcc_ex.c 0x00000000   Number         0  stm32f1xx_hal_rcc_ex.o ABSOLUTE
    ../Drivers/STM32F1xx_HAL_Driver/Src/stm32f1xx_hal_tim.c 0x00000000   Number         0  stm32f1xx_hal_tim.o ABSOLUTE
    ../Drivers/STM32F1xx_HAL_Driver/Src/stm32f1xx_hal_tim_ex.c 0x00000000   Number         0  stm32f1xx_hal_tim_ex.o ABSOLUTE
    ../Drivers/STM32F1xx_HAL_Driver/Src/stm32f1xx_hal_uart.c 0x00000000   Number         0  stm32f1xx_hal_uart.o ABSOLUTE
    ../clib/microlib/init/entry.s            0x00000000   Number         0  entry7a.o ABSOLUTE
    ../clib/microlib/init/entry.s            0x00000000   Number         0  entry5.o ABSOLUTE
    ../clib/microlib/init/entry.s            0x00000000   Number         0  entry2.o ABSOLUTE
    ../clib/microlib/init/entry.s            0x00000000   Number         0  entry.o ABSOLUTE
    ../clib/microlib/init/entry.s            0x00000000   Number         0  entry11b.o ABSOLUTE
    ../clib/microlib/init/entry.s            0x00000000   Number         0  entry11a.o ABSOLUTE
    ../clib/microlib/init/entry.s            0x00000000   Number         0  entry10b.o ABSOLUTE
    ../clib/microlib/init/entry.s            0x00000000   Number         0  entry10a.o ABSOLUTE
    ../clib/microlib/init/entry.s            0x00000000   Number         0  entry9b.o ABSOLUTE
    ../clib/microlib/init/entry.s            0x00000000   Number         0  entry9a.o ABSOLUTE
    ../clib/microlib/init/entry.s            0x00000000   Number         0  entry8b.o ABSOLUTE
    ../clib/microlib/init/entry.s            0x00000000   Number         0  entry8a.o ABSOLUTE
    ../clib/microlib/init/entry.s            0x00000000   Number         0  entry7b.o ABSOLUTE
    ../clib/microlib/longlong.c              0x00000000   Number         0  llushr.o ABSOLUTE
    ../clib/microlib/malloc/malloc.c         0x00000000   Number         0  mallocr.o ABSOLUTE
    ../clib/microlib/malloc/malloc.c         0x00000000   Number         0  mallocra.o ABSOLUTE
    ../clib/microlib/malloc/malloc.c         0x00000000   Number         0  malloca.o ABSOLUTE
    ../clib/microlib/malloc/malloc.c         0x00000000   Number         0  malloc.o ABSOLUTE
    ../clib/microlib/malloc/mvars.c          0x00000000   Number         0  mvars.o ABSOLUTE
    ../clib/microlib/string/memcpy.c         0x00000000   Number         0  memcpyb.o ABSOLUTE
    ../clib/microlib/string/memcpy.c         0x00000000   Number         0  memcpya.o ABSOLUTE
    ../clib/microlib/string/memset.c         0x00000000   Number         0  memseta.o ABSOLUTE
    ..\Core\Src\gpio.c                       0x00000000   Number         0  gpio.o ABSOLUTE
    ..\Core\Src\main.c                       0x00000000   Number         0  main.o ABSOLUTE
    ..\Core\Src\stm32f1xx_hal_msp.c          0x00000000   Number         0  stm32f1xx_hal_msp.o ABSOLUTE
    ..\Core\Src\stm32f1xx_it.c               0x00000000   Number         0  stm32f1xx_it.o ABSOLUTE
    ..\Core\Src\system_stm32f1xx.c           0x00000000   Number         0  system_stm32f1xx.o ABSOLUTE
    ..\Core\Src\tim.c                        0x00000000   Number         0  tim.o ABSOLUTE
    ..\Core\Src\usart.c                      0x00000000   Number         0  usart.o ABSOLUTE
    ..\Drivers\STM32F1xx_HAL_Driver\Src\stm32f1xx_hal.c 0x00000000   Number         0  stm32f1xx_hal.o ABSOLUTE
    ..\Drivers\STM32F1xx_HAL_Driver\Src\stm32f1xx_hal_cortex.c 0x00000000   Number         0  stm32f1xx_hal_cortex.o ABSOLUTE
    ..\Drivers\STM32F1xx_HAL_Driver\Src\stm32f1xx_hal_dma.c 0x00000000   Number         0  stm32f1xx_hal_dma.o ABSOLUTE
    ..\Drivers\STM32F1xx_HAL_Driver\Src\stm32f1xx_hal_exti.c 0x00000000   Number         0  stm32f1xx_hal_exti.o ABSOLUTE
    ..\Drivers\STM32F1xx_HAL_Driver\Src\stm32f1xx_hal_flash.c 0x00000000   Number         0  stm32f1xx_hal_flash.o ABSOLUTE
    ..\Drivers\STM32F1xx_HAL_Driver\Src\stm32f1xx_hal_flash_ex.c 0x00000000   Number         0  stm32f1xx_hal_flash_ex.o ABSOLUTE
    ..\Drivers\STM32F1xx_HAL_Driver\Src\stm32f1xx_hal_gpio.c 0x00000000   Number         0  stm32f1xx_hal_gpio.o ABSOLUTE
    ..\Drivers\STM32F1xx_HAL_Driver\Src\stm32f1xx_hal_gpio_ex.c 0x00000000   Number         0  stm32f1xx_hal_gpio_ex.o ABSOLUTE
    ..\Drivers\STM32F1xx_HAL_Driver\Src\stm32f1xx_hal_pwr.c 0x00000000   Number         0  stm32f1xx_hal_pwr.o ABSOLUTE
    ..\Drivers\STM32F1xx_HAL_Driver\Src\stm32f1xx_hal_rcc.c 0x00000000   Number         0  stm32f1xx_hal_rcc.o ABSOLUTE
    ..\Drivers\STM32F1xx_HAL_Driver\Src\stm32f1xx_hal_rcc_ex.c 0x00000000   Number         0  stm32f1xx_hal_rcc_ex.o ABSOLUTE
    ..\Drivers\STM32F1xx_HAL_Driver\Src\stm32f1xx_hal_tim.c 0x00000000   Number         0  stm32f1xx_hal_tim.o ABSOLUTE
    ..\Drivers\STM32F1xx_HAL_Driver\Src\stm32f1xx_hal_tim_ex.c 0x00000000   Number         0  stm32f1xx_hal_tim_ex.o ABSOLUTE
    ..\Drivers\STM32F1xx_HAL_Driver\Src\stm32f1xx_hal_uart.c 0x00000000   Number         0  stm32f1xx_hal_uart.o ABSOLUTE
    ..\MODBUS_SLAVE\MODBUS_SLAVE.c           0x00000000   Number         0  modbus_slave.o ABSOLUTE
    ..\MODBUS_SLAVE\my_system.c              0x00000000   Number         0  my_system.o ABSOLUTE
    ..\SCS\SCS.c                             0x00000000   Number         0  scs.o ABSOLUTE
    ..\SCS\SCSCL.c                           0x00000000   Number         0  scscl.o ABSOLUTE
    ..\SCS\SCSerail.c                        0x00000000   Number         0  scserail.o ABSOLUTE
    ..\SCS\scs_modbus_bridge.c               0x00000000   Number         0  scs_modbus_bridge.o ABSOLUTE
    ..\SCS\scs_port_hal.c                    0x00000000   Number         0  scs_port_hal.o ABSOLUTE
    ..\\MODBUS_SLAVE\\MODBUS_SLAVE.c         0x00000000   Number         0  modbus_slave.o ABSOLUTE
    ..\\MODBUS_SLAVE\\my_system.c            0x00000000   Number         0  my_system.o ABSOLUTE
    ..\\SCS\\SCSerail.c                      0x00000000   Number         0  scserail.o ABSOLUTE
    ..\\SCS\\scs_modbus_bridge.c             0x00000000   Number         0  scs_modbus_bridge.o ABSOLUTE
    ..\\SCS\\scs_port_hal.c                  0x00000000   Number         0  scs_port_hal.o ABSOLUTE
    dc.s                                     0x00000000   Number         0  dc.o ABSOLUTE
    handlers.s                               0x00000000   Number         0  handlers.o ABSOLUTE
    init.s                                   0x00000000   Number         0  init.o ABSOLUTE
    startup_stm32f103xb.s                    0x00000000   Number         0  startup_stm32f103xb.o ABSOLUTE
    RESET                                    0x08000000   Section      236  startup_stm32f103xb.o(RESET)
    .ARM.Collect$$$$00000000                 0x080000ec   Section        0  entry.o(.ARM.Collect$$$$00000000)
    .ARM.Collect$$$$00000001                 0x080000ec   Section        4  entry2.o(.ARM.Collect$$$$00000001)
    .ARM.Collect$$$$00000004                 0x080000f0   Section        4  entry5.o(.ARM.Collect$$$$00000004)
    .ARM.Collect$$$$00000008                 0x080000f4   Section        0  entry7b.o(.ARM.Collect$$$$00000008)
    .ARM.Collect$$$$0000000A                 0x080000f4   Section        0  entry8b.o(.ARM.Collect$$$$0000000A)
    .ARM.Collect$$$$0000000B                 0x080000f4   Section        8  entry9a.o(.ARM.Collect$$$$0000000B)
    .ARM.Collect$$$$0000000D                 0x080000fc   Section        0  entry10a.o(.ARM.Collect$$$$0000000D)
    .ARM.Collect$$$$0000000F                 0x080000fc   Section        0  entry11a.o(.ARM.Collect$$$$0000000F)
    .ARM.Collect$$$$00002712                 0x080000fc   Section        4  entry2.o(.ARM.Collect$$$$00002712)
    __lit__00000000                          0x080000fc   Data           4  entry2.o(.ARM.Collect$$$$00002712)
    .text                                    0x08000100   Section       36  startup_stm32f103xb.o(.text)
    .text                                    0x08000124   Section        0  memseta.o(.text)
    .text                                    0x08000148   Section       36  init.o(.text)
    i.Ack                                    0x0800016c   Section        0  scs.o(i.Ack)
    i.BusFault_Handler                       0x080001d8   Section        0  stm32f1xx_it.o(i.BusFault_Handler)
    i.DebugMon_Handler                       0x080001da   Section        0  stm32f1xx_it.o(i.DebugMon_Handler)
    i.EnableTorque                           0x080001dc   Section        0  scscl.o(i.EnableTorque)
    i.Error_Handler                          0x080001e4   Section        0  main.o(i.Error_Handler)
    i.HAL_DMA_Abort                          0x080001e8   Section        0  stm32f1xx_hal_dma.o(i.HAL_DMA_Abort)
    i.HAL_DMA_Abort_IT                       0x08000230   Section        0  stm32f1xx_hal_dma.o(i.HAL_DMA_Abort_IT)
    i.HAL_Delay                              0x080002c8   Section        0  stm32f1xx_hal.o(i.HAL_Delay)
    i.HAL_GPIO_Init                          0x080002ec   Section        0  stm32f1xx_hal_gpio.o(i.HAL_GPIO_Init)
    i.HAL_GPIO_WritePin                      0x080004cc   Section        0  stm32f1xx_hal_gpio.o(i.HAL_GPIO_WritePin)
    i.HAL_GetTick                            0x080004d8   Section        0  stm32f1xx_hal.o(i.HAL_GetTick)
    i.HAL_IncTick                            0x080004e4   Section        0  stm32f1xx_hal.o(i.HAL_IncTick)
    i.HAL_Init                               0x080004f4   Section        0  stm32f1xx_hal.o(i.HAL_Init)
    i.HAL_InitTick                           0x08000518   Section        0  stm32f1xx_hal.o(i.HAL_InitTick)
    i.HAL_MspInit                            0x08000558   Section        0  stm32f1xx_hal_msp.o(i.HAL_MspInit)
    i.HAL_NVIC_EnableIRQ                     0x08000594   Section        0  stm32f1xx_hal_cortex.o(i.HAL_NVIC_EnableIRQ)
    i.HAL_NVIC_SetPriority                   0x080005b0   Section        0  stm32f1xx_hal_cortex.o(i.HAL_NVIC_SetPriority)
    i.HAL_NVIC_SetPriorityGrouping           0x080005f0   Section        0  stm32f1xx_hal_cortex.o(i.HAL_NVIC_SetPriorityGrouping)
    i.HAL_RCC_ClockConfig                    0x08000614   Section        0  stm32f1xx_hal_rcc.o(i.HAL_RCC_ClockConfig)
    i.HAL_RCC_GetPCLK1Freq                   0x08000740   Section        0  stm32f1xx_hal_rcc.o(i.HAL_RCC_GetPCLK1Freq)
    i.HAL_RCC_GetPCLK2Freq                   0x08000760   Section        0  stm32f1xx_hal_rcc.o(i.HAL_RCC_GetPCLK2Freq)
    i.HAL_RCC_GetSysClockFreq                0x08000780   Section        0  stm32f1xx_hal_rcc.o(i.HAL_RCC_GetSysClockFreq)
    i.HAL_RCC_OscConfig                      0x080007cc   Section        0  stm32f1xx_hal_rcc.o(i.HAL_RCC_OscConfig)
    i.HAL_SYSTICK_Config                     0x08000aec   Section        0  stm32f1xx_hal_cortex.o(i.HAL_SYSTICK_Config)
    i.HAL_TIMEx_BreakCallback                0x08000b14   Section        0  stm32f1xx_hal_tim_ex.o(i.HAL_TIMEx_BreakCallback)
    i.HAL_TIMEx_CommutCallback               0x08000b16   Section        0  stm32f1xx_hal_tim_ex.o(i.HAL_TIMEx_CommutCallback)
    i.HAL_TIMEx_MasterConfigSynchronization  0x08000b18   Section        0  stm32f1xx_hal_tim_ex.o(i.HAL_TIMEx_MasterConfigSynchronization)
    i.HAL_TIM_Base_Init                      0x08000b80   Section        0  stm32f1xx_hal_tim.o(i.HAL_TIM_Base_Init)
    i.HAL_TIM_Base_MspInit                   0x08000bdc   Section        0  tim.o(i.HAL_TIM_Base_MspInit)
    i.HAL_TIM_Base_Start_IT                  0x08000c3c   Section        0  stm32f1xx_hal_tim.o(i.HAL_TIM_Base_Start_IT)
    i.HAL_TIM_ConfigClockSource              0x08000c94   Section        0  stm32f1xx_hal_tim.o(i.HAL_TIM_ConfigClockSource)
    i.HAL_TIM_IC_CaptureCallback             0x08000d70   Section        0  stm32f1xx_hal_tim.o(i.HAL_TIM_IC_CaptureCallback)
    i.HAL_TIM_IRQHandler                     0x08000d72   Section        0  stm32f1xx_hal_tim.o(i.HAL_TIM_IRQHandler)
    i.HAL_TIM_OC_DelayElapsedCallback        0x08000ed8   Section        0  stm32f1xx_hal_tim.o(i.HAL_TIM_OC_DelayElapsedCallback)
    i.HAL_TIM_PWM_PulseFinishedCallback      0x08000eda   Section        0  stm32f1xx_hal_tim.o(i.HAL_TIM_PWM_PulseFinishedCallback)
    i.HAL_TIM_PeriodElapsedCallback          0x08000edc   Section        0  modbus_slave.o(i.HAL_TIM_PeriodElapsedCallback)
    i.HAL_TIM_TriggerCallback                0x08000f14   Section        0  stm32f1xx_hal_tim.o(i.HAL_TIM_TriggerCallback)
    i.HAL_UARTEx_RxEventCallback             0x08000f16   Section        0  stm32f1xx_hal_uart.o(i.HAL_UARTEx_RxEventCallback)
    i.HAL_UART_ErrorCallback                 0x08000f18   Section        0  stm32f1xx_hal_uart.o(i.HAL_UART_ErrorCallback)
    i.HAL_UART_IRQHandler                    0x08000f1c   Section        0  stm32f1xx_hal_uart.o(i.HAL_UART_IRQHandler)
    i.HAL_UART_Init                          0x08001188   Section        0  stm32f1xx_hal_uart.o(i.HAL_UART_Init)
    i.HAL_UART_MspInit                       0x080011ec   Section        0  usart.o(i.HAL_UART_MspInit)
    i.HAL_UART_Receive                       0x080012c8   Section        0  stm32f1xx_hal_uart.o(i.HAL_UART_Receive)
    i.HAL_UART_Receive_IT                    0x08001374   Section        0  stm32f1xx_hal_uart.o(i.HAL_UART_Receive_IT)
    i.HAL_UART_RxCpltCallback                0x08001390   Section        0  modbus_slave.o(i.HAL_UART_RxCpltCallback)
    i.HAL_UART_Transmit                      0x080013e4   Section        0  stm32f1xx_hal_uart.o(i.HAL_UART_Transmit)
    i.HAL_UART_TxCpltCallback                0x0800147e   Section        0  stm32f1xx_hal_uart.o(i.HAL_UART_TxCpltCallback)
    i.HardFault_Handler                      0x08001480   Section        0  stm32f1xx_it.o(i.HardFault_Handler)
    i.Host2SCS                               0x08001484   Section        0  scs.o(i.Host2SCS)
    i.LED_TEST                               0x080014a4   Section        0  modbus_slave.o(i.LED_TEST)
    i.MODBUS_ERROR                           0x080014d0   Section        0  modbus_slave.o(i.MODBUS_ERROR)
    i.MODBUS_EVENT_PRO                       0x08001518   Section        0  modbus_slave.o(i.MODBUS_EVENT_PRO)
    i.MODBUS_FUNCTION_03                     0x08001594   Section        0  modbus_slave.o(i.MODBUS_FUNCTION_03)
    i.MODBUS_FUNCTION_06                     0x08001648   Section        0  modbus_slave.o(i.MODBUS_FUNCTION_06)
    i.MODBUS_FUNCTION_10                     0x080016dc   Section        0  modbus_slave.o(i.MODBUS_FUNCTION_10)
    i.MODBUS_Init                            0x080017b4   Section        0  modbus_slave.o(i.MODBUS_Init)
    i.MX_GPIO_Init                           0x080017e4   Section        0  gpio.o(i.MX_GPIO_Init)
    i.MX_TIM1_Init                           0x0800188c   Section        0  tim.o(i.MX_TIM1_Init)
    i.MX_TIM2_Init                           0x080018f8   Section        0  tim.o(i.MX_TIM2_Init)
    i.MX_USART2_UART_Init                    0x08001964   Section        0  usart.o(i.MX_USART2_UART_Init)
    i.MX_USART3_UART_Init                    0x080019a4   Section        0  usart.o(i.MX_USART3_UART_Init)
    i.MY_UART_SendByte                       0x080019e4   Section        0  modbus_slave.o(i.MY_UART_SendByte)
    i.MemManage_Handler                      0x080019fc   Section        0  stm32f1xx_it.o(i.MemManage_Handler)
    i.NMI_Handler                            0x080019fe   Section        0  stm32f1xx_it.o(i.NMI_Handler)
    i.PendSV_Handler                         0x08001a00   Section        0  stm32f1xx_it.o(i.PendSV_Handler)
    i.Per_Init                               0x08001a02   Section        0  my_system.o(i.Per_Init)
    Per_Init                                 0x08001a03   Thumb Code    14  my_system.o(i.Per_Init)
    i.RS485_Send_Byte                        0x08001a10   Section        0  modbus_slave.o(i.RS485_Send_Byte)
    i.Read                                   0x08001a3c   Section        0  scs.o(i.Read)
    i.ReadCurrent                            0x08001b08   Section        0  scscl.o(i.ReadCurrent)
    i.ReadLoad                               0x08001b34   Section        0  scscl.o(i.ReadLoad)
    i.ReadPos                                0x08001b60   Section        0  scscl.o(i.ReadPos)
    i.ReadSpeed                              0x08001b8c   Section        0  scscl.o(i.ReadSpeed)
    i.ReadTemper                             0x08001bb8   Section        0  scscl.o(i.ReadTemper)
    i.ReadVoltage                            0x08001bd0   Section        0  scscl.o(i.ReadVoltage)
    i.SCS2Host                               0x08001be8   Section        0  scs.o(i.SCS2Host)
    i.SCS_Bridge_Init                        0x08001c00   Section        0  scs_modbus_bridge.o(i.SCS_Bridge_Init)
    i.SCS_Bridge_OnWrite                     0x08001c2c   Section        0  scs_modbus_bridge.o(i.SCS_Bridge_OnWrite)
    i.SCS_Bridge_Poll_20ms                   0x08001cdc   Section        0  scs_modbus_bridge.o(i.SCS_Bridge_Poll_20ms)
    i.SCS_ExecWritePos                       0x08001e20   Section        0  scs_modbus_bridge.o(i.SCS_ExecWritePos)
    SCS_ExecWritePos                         0x08001e21   Thumb Code   100  scs_modbus_bridge.o(i.SCS_ExecWritePos)
    i.SCS_GoAngleDeg                         0x08001e88   Section        0  scs_modbus_bridge.o(i.SCS_GoAngleDeg)
    SCS_GoAngleDeg                           0x08001e89   Thumb Code    94  scs_modbus_bridge.o(i.SCS_GoAngleDeg)
    i.SCS_LoopStartNow                       0x08001ef0   Section        0  scs_modbus_bridge.o(i.SCS_LoopStartNow)
    SCS_LoopStartNow                         0x08001ef1   Thumb Code    42  scs_modbus_bridge.o(i.SCS_LoopStartNow)
    i.SVC_Handler                            0x08001f24   Section        0  stm32f1xx_it.o(i.SVC_Handler)
    i.SysTick_Handler                        0x08001f26   Section        0  stm32f1xx_it.o(i.SysTick_Handler)
    i.SystemClock_Config                     0x08001f2a   Section        0  main.o(i.SystemClock_Config)
    i.SystemInit                             0x08001f88   Section        0  system_stm32f1xx.o(i.SystemInit)
    i.System_Run                             0x08001f8c   Section        0  my_system.o(i.System_Run)
    System_Run                               0x08001f8d   Thumb Code    38  my_system.o(i.System_Run)
    i.TIM1_UP_IRQHandler                     0x08001fc0   Section        0  stm32f1xx_it.o(i.TIM1_UP_IRQHandler)
    i.TIM2_IRQHandler                        0x08001fcc   Section        0  stm32f1xx_it.o(i.TIM2_IRQHandler)
    i.TIM_Base_SetConfig                     0x08001fd8   Section        0  stm32f1xx_hal_tim.o(i.TIM_Base_SetConfig)
    i.TIM_ETR_SetConfig                      0x08002044   Section        0  stm32f1xx_hal_tim.o(i.TIM_ETR_SetConfig)
    i.TIM_ITRx_SetConfig                     0x08002058   Section        0  stm32f1xx_hal_tim.o(i.TIM_ITRx_SetConfig)
    TIM_ITRx_SetConfig                       0x08002059   Thumb Code    16  stm32f1xx_hal_tim.o(i.TIM_ITRx_SetConfig)
    i.TIM_TI1_ConfigInputStage               0x08002068   Section        0  stm32f1xx_hal_tim.o(i.TIM_TI1_ConfigInputStage)
    TIM_TI1_ConfigInputStage                 0x08002069   Thumb Code    34  stm32f1xx_hal_tim.o(i.TIM_TI1_ConfigInputStage)
    i.TIM_TI2_ConfigInputStage               0x0800208a   Section        0  stm32f1xx_hal_tim.o(i.TIM_TI2_ConfigInputStage)
    TIM_TI2_ConfigInputStage                 0x0800208b   Thumb Code    36  stm32f1xx_hal_tim.o(i.TIM_TI2_ConfigInputStage)
    i.UART_DMAAbortOnError                   0x080020ae   Section        0  stm32f1xx_hal_uart.o(i.UART_DMAAbortOnError)
    UART_DMAAbortOnError                     0x080020af   Thumb Code    16  stm32f1xx_hal_uart.o(i.UART_DMAAbortOnError)
    i.UART_EndRxTransfer                     0x080020be   Section        0  stm32f1xx_hal_uart.o(i.UART_EndRxTransfer)
    UART_EndRxTransfer                       0x080020bf   Thumb Code    78  stm32f1xx_hal_uart.o(i.UART_EndRxTransfer)
    i.UART_Receive_IT                        0x0800210c   Section        0  stm32f1xx_hal_uart.o(i.UART_Receive_IT)
    UART_Receive_IT                          0x0800210d   Thumb Code   194  stm32f1xx_hal_uart.o(i.UART_Receive_IT)
    i.UART_SetConfig                         0x080021d0   Section        0  stm32f1xx_hal_uart.o(i.UART_SetConfig)
    UART_SetConfig                           0x080021d1   Thumb Code   178  stm32f1xx_hal_uart.o(i.UART_SetConfig)
    i.UART_Start_Receive_IT                  0x08002288   Section        0  stm32f1xx_hal_uart.o(i.UART_Start_Receive_IT)
    i.UART_WaitOnFlagUntilTimeout            0x080022be   Section        0  stm32f1xx_hal_uart.o(i.UART_WaitOnFlagUntilTimeout)
    UART_WaitOnFlagUntilTimeout              0x080022bf   Thumb Code   120  stm32f1xx_hal_uart.o(i.UART_WaitOnFlagUntilTimeout)
    i.USART2_IRQHandler                      0x08002338   Section        0  stm32f1xx_it.o(i.USART2_IRQHandler)
    i.USART3_IRQHandler                      0x08002344   Section        0  stm32f1xx_it.o(i.USART3_IRQHandler)
    i.UsageFault_Handler                     0x08002350   Section        0  stm32f1xx_it.o(i.UsageFault_Handler)
    i.WritePos                               0x08002352   Section        0  scscl.o(i.WritePos)
    i.__NVIC_SetPriority                     0x0800238c   Section        0  stm32f1xx_hal_cortex.o(i.__NVIC_SetPriority)
    __NVIC_SetPriority                       0x0800238d   Thumb Code    32  stm32f1xx_hal_cortex.o(i.__NVIC_SetPriority)
    i.__scatterload_copy                     0x080023ac   Section       14  handlers.o(i.__scatterload_copy)
    i.__scatterload_null                     0x080023ba   Section        2  handlers.o(i.__scatterload_null)
    i.__scatterload_zeroinit                 0x080023bc   Section       14  handlers.o(i.__scatterload_zeroinit)
    i.checkHead                              0x080023ca   Section        0  scs.o(i.checkHead)
    i.crc16                                  0x08002404   Section        0  modbus_slave.o(i.crc16)
    i.ftBus_Delay                            0x08002430   Section        0  scs_port_hal.o(i.ftBus_Delay)
    i.ftUart_Read                            0x08002438   Section        0  scs_port_hal.o(i.ftUart_Read)
    i.ftUart_Send                            0x08002458   Section        0  scs_port_hal.o(i.ftUart_Send)
    i.genWrite                               0x0800246c   Section        0  scs.o(i.genWrite)
    i.main                                   0x08002498   Section        0  main.o(i.main)
    i.rFlushSCS                              0x080024c4   Section        0  scserail.o(i.rFlushSCS)
    i.readByte                               0x080024c8   Section        0  scs.o(i.readByte)
    i.readSCS                                0x080024e2   Section        0  scserail.o(i.readSCS)
    i.readWord                               0x080024e6   Section        0  scs.o(i.readWord)
    i.setEnd                                 0x0800250c   Section        0  scs.o(i.setEnd)
    i.sid                                    0x08002518   Section        0  scs_modbus_bridge.o(i.sid)
    sid                                      0x08002519   Thumb Code    14  scs_modbus_bridge.o(i.sid)
    i.wFlushSCS                              0x0800252c   Section        0  scserail.o(i.wFlushSCS)
    i.wait_tx_tc                             0x0800254c   Section        0  modbus_slave.o(i.wait_tx_tc)
    wait_tx_tc                               0x0800254d   Thumb Code    14  modbus_slave.o(i.wait_tx_tc)
    i.writeBuf                               0x08002560   Section        0  scs.o(i.writeBuf)
    i.writeByte                              0x080025f4   Section        0  scs.o(i.writeByte)
    i.writeSCS                               0x08002620   Section        0  scserail.o(i.writeSCS)
    .constdata                               0x08002648   Section       18  stm32f1xx_hal_rcc.o(.constdata)
    aPredivFactorTable                       0x08002648   Data           2  stm32f1xx_hal_rcc.o(.constdata)
    aPLLMULFactorTable                       0x0800264a   Data          16  stm32f1xx_hal_rcc.o(.constdata)
    .constdata                               0x0800265a   Section       16  system_stm32f1xx.o(.constdata)
    .constdata                               0x0800266a   Section        8  system_stm32f1xx.o(.constdata)
    .constdata                               0x08002672   Section      512  modbus_slave.o(.constdata)
    .data                                    0x20000000   Section       12  stm32f1xx_hal.o(.data)
    .data                                    0x2000000c   Section        4  system_stm32f1xx.o(.data)
    .data                                    0x20000010   Section        8  my_system.o(.data)
    .data                                    0x20000018   Section        1  my_system.o(.data)
    .data                                    0x2000001c   Section       20  scs.o(.data)
    Level                                    0x2000001c   Data           1  scs.o(.data)
    End                                      0x2000001d   Data           1  scs.o(.data)
    u8Status                                 0x2000001e   Data           1  scs.o(.data)
    u8Error                                  0x2000001f   Data           1  scs.o(.data)
    .data                                    0x20000030   Section       12  scs_modbus_bridge.o(.data)
    tick                                     0x20000030   Data           4  scs_modbus_bridge.o(.data)
    s_loop                                   0x20000034   Data           8  scs_modbus_bridge.o(.data)
    .data                                    0x2000003c   Section        1  scserail.o(.data)
    .bss                                     0x20000040   Section      144  tim.o(.bss)
    .bss                                     0x200000d0   Section      144  usart.o(.bss)
    .bss                                     0x20000160   Section     1232  modbus_slave.o(.bss)
    .bss                                     0x20000630   Section       15  scscl.o(.bss)
    Mem                                      0x20000630   Data          15  scscl.o(.bss)
    .bss                                     0x2000063f   Section      128  scserail.o(.bss)
    STACK                                    0x200006c0   Section     1024  startup_stm32f103xb.o(STACK)

    Global Symbols

    Symbol Name                              Value     Ov Type        Size  Object(Section)

    BuildAttributes$$THM_ISAv4$P$D$K$B$S$PE$A:L22UL41UL21$X:L11$S22US41US21$IEEE1$IW$USESV6$~STKCKD$USESV7$~SHL$OSPACE$EBA8$MICROLIB$REQ8$PRES8$EABIv2 0x00000000   Number         0  anon$$obj.o ABSOLUTE
    __ARM_use_no_argv                        0x00000000   Number         0  main.o ABSOLUTE
    __cpp_initialize__aeabi_                  - Undefined Weak Reference
    __cxa_finalize                            - Undefined Weak Reference
    __decompress                              - Undefined Weak Reference
    _clock_init                               - Undefined Weak Reference
    _microlib_exit                            - Undefined Weak Reference
    __Vectors_Size                           0x000000ec   Number         0  startup_stm32f103xb.o ABSOLUTE
    __Vectors                                0x08000000   Data           4  startup_stm32f103xb.o(RESET)
    __Vectors_End                            0x080000ec   Data           0  startup_stm32f103xb.o(RESET)
    __main                                   0x080000ed   Thumb Code     0  entry.o(.ARM.Collect$$$$00000000)
    _main_stk                                0x080000ed   Thumb Code     0  entry2.o(.ARM.Collect$$$$00000001)
    _main_scatterload                        0x080000f1   Thumb Code     0  entry5.o(.ARM.Collect$$$$00000004)
    __main_after_scatterload                 0x080000f5   Thumb Code     0  entry5.o(.ARM.Collect$$$$00000004)
    _main_clock                              0x080000f5   Thumb Code     0  entry7b.o(.ARM.Collect$$$$00000008)
    _main_cpp_init                           0x080000f5   Thumb Code     0  entry8b.o(.ARM.Collect$$$$0000000A)
    _main_init                               0x080000f5   Thumb Code     0  entry9a.o(.ARM.Collect$$$$0000000B)
    __rt_final_cpp                           0x080000fd   Thumb Code     0  entry10a.o(.ARM.Collect$$$$0000000D)
    __rt_final_exit                          0x080000fd   Thumb Code     0  entry11a.o(.ARM.Collect$$$$0000000F)
    Reset_Handler                            0x08000101   Thumb Code     8  startup_stm32f103xb.o(.text)
    ADC1_2_IRQHandler                        0x0800011b   Thumb Code     0  startup_stm32f103xb.o(.text)
    CAN1_RX1_IRQHandler                      0x0800011b   Thumb Code     0  startup_stm32f103xb.o(.text)
    CAN1_SCE_IRQHandler                      0x0800011b   Thumb Code     0  startup_stm32f103xb.o(.text)
    DMA1_Channel1_IRQHandler                 0x0800011b   Thumb Code     0  startup_stm32f103xb.o(.text)
    DMA1_Channel2_IRQHandler                 0x0800011b   Thumb Code     0  startup_stm32f103xb.o(.text)
    DMA1_Channel3_IRQHandler                 0x0800011b   Thumb Code     0  startup_stm32f103xb.o(.text)
    DMA1_Channel4_IRQHandler                 0x0800011b   Thumb Code     0  startup_stm32f103xb.o(.text)
    DMA1_Channel5_IRQHandler                 0x0800011b   Thumb Code     0  startup_stm32f103xb.o(.text)
    DMA1_Channel6_IRQHandler                 0x0800011b   Thumb Code     0  startup_stm32f103xb.o(.text)
    DMA1_Channel7_IRQHandler                 0x0800011b   Thumb Code     0  startup_stm32f103xb.o(.text)
    EXTI0_IRQHandler                         0x0800011b   Thumb Code     0  startup_stm32f103xb.o(.text)
    EXTI15_10_IRQHandler                     0x0800011b   Thumb Code     0  startup_stm32f103xb.o(.text)
    EXTI1_IRQHandler                         0x0800011b   Thumb Code     0  startup_stm32f103xb.o(.text)
    EXTI2_IRQHandler                         0x0800011b   Thumb Code     0  startup_stm32f103xb.o(.text)
    EXTI3_IRQHandler                         0x0800011b   Thumb Code     0  startup_stm32f103xb.o(.text)
    EXTI4_IRQHandler                         0x0800011b   Thumb Code     0  startup_stm32f103xb.o(.text)
    EXTI9_5_IRQHandler                       0x0800011b   Thumb Code     0  startup_stm32f103xb.o(.text)
    FLASH_IRQHandler                         0x0800011b   Thumb Code     0  startup_stm32f103xb.o(.text)
    I2C1_ER_IRQHandler                       0x0800011b   Thumb Code     0  startup_stm32f103xb.o(.text)
    I2C1_EV_IRQHandler                       0x0800011b   Thumb Code     0  startup_stm32f103xb.o(.text)
    I2C2_ER_IRQHandler                       0x0800011b   Thumb Code     0  startup_stm32f103xb.o(.text)
    I2C2_EV_IRQHandler                       0x0800011b   Thumb Code     0  startup_stm32f103xb.o(.text)
    PVD_IRQHandler                           0x0800011b   Thumb Code     0  startup_stm32f103xb.o(.text)
    RCC_IRQHandler                           0x0800011b   Thumb Code     0  startup_stm32f103xb.o(.text)
    RTC_Alarm_IRQHandler                     0x0800011b   Thumb Code     0  startup_stm32f103xb.o(.text)
    RTC_IRQHandler                           0x0800011b   Thumb Code     0  startup_stm32f103xb.o(.text)
    SPI1_IRQHandler                          0x0800011b   Thumb Code     0  startup_stm32f103xb.o(.text)
    SPI2_IRQHandler                          0x0800011b   Thumb Code     0  startup_stm32f103xb.o(.text)
    TAMPER_IRQHandler                        0x0800011b   Thumb Code     0  startup_stm32f103xb.o(.text)
    TIM1_BRK_IRQHandler                      0x0800011b   Thumb Code     0  startup_stm32f103xb.o(.text)
    TIM1_CC_IRQHandler                       0x0800011b   Thumb Code     0  startup_stm32f103xb.o(.text)
    TIM1_TRG_COM_IRQHandler                  0x0800011b   Thumb Code     0  startup_stm32f103xb.o(.text)
    TIM3_IRQHandler                          0x0800011b   Thumb Code     0  startup_stm32f103xb.o(.text)
    TIM4_IRQHandler                          0x0800011b   Thumb Code     0  startup_stm32f103xb.o(.text)
    USART1_IRQHandler                        0x0800011b   Thumb Code     0  startup_stm32f103xb.o(.text)
    USBWakeUp_IRQHandler                     0x0800011b   Thumb Code     0  startup_stm32f103xb.o(.text)
    USB_HP_CAN1_TX_IRQHandler                0x0800011b   Thumb Code     0  startup_stm32f103xb.o(.text)
    USB_LP_CAN1_RX0_IRQHandler               0x0800011b   Thumb Code     0  startup_stm32f103xb.o(.text)
    WWDG_IRQHandler                          0x0800011b   Thumb Code     0  startup_stm32f103xb.o(.text)
    __aeabi_memset                           0x08000125   Thumb Code    14  memseta.o(.text)
    __aeabi_memset4                          0x08000125   Thumb Code     0  memseta.o(.text)
    __aeabi_memset8                          0x08000125   Thumb Code     0  memseta.o(.text)
    __aeabi_memclr                           0x08000133   Thumb Code     4  memseta.o(.text)
    __aeabi_memclr4                          0x08000133   Thumb Code     0  memseta.o(.text)
    __aeabi_memclr8                          0x08000133   Thumb Code     0  memseta.o(.text)
    _memset$wrapper                          0x08000137   Thumb Code    18  memseta.o(.text)
    __scatterload                            0x08000149   Thumb Code    28  init.o(.text)
    __scatterload_rt2                        0x08000149   Thumb Code     0  init.o(.text)
    Ack                                      0x0800016d   Thumb Code   102  scs.o(i.Ack)
    BusFault_Handler                         0x080001d9   Thumb Code     2  stm32f1xx_it.o(i.BusFault_Handler)
    DebugMon_Handler                         0x080001db   Thumb Code     2  stm32f1xx_it.o(i.DebugMon_Handler)
    EnableTorque                             0x080001dd   Thumb Code     8  scscl.o(i.EnableTorque)
    Error_Handler                            0x080001e5   Thumb Code     4  main.o(i.Error_Handler)
    HAL_DMA_Abort                            0x080001e9   Thumb Code    70  stm32f1xx_hal_dma.o(i.HAL_DMA_Abort)
    HAL_DMA_Abort_IT                         0x08000231   Thumb Code   148  stm32f1xx_hal_dma.o(i.HAL_DMA_Abort_IT)
    HAL_Delay                                0x080002c9   Thumb Code    32  stm32f1xx_hal.o(i.HAL_Delay)
    HAL_GPIO_Init                            0x080002ed   Thumb Code   446  stm32f1xx_hal_gpio.o(i.HAL_GPIO_Init)
    HAL_GPIO_WritePin                        0x080004cd   Thumb Code    10  stm32f1xx_hal_gpio.o(i.HAL_GPIO_WritePin)
    HAL_GetTick                              0x080004d9   Thumb Code     6  stm32f1xx_hal.o(i.HAL_GetTick)
    HAL_IncTick                              0x080004e5   Thumb Code    12  stm32f1xx_hal.o(i.HAL_IncTick)
    HAL_Init                                 0x080004f5   Thumb Code    32  stm32f1xx_hal.o(i.HAL_Init)
    HAL_InitTick                             0x08000519   Thumb Code    54  stm32f1xx_hal.o(i.HAL_InitTick)
    HAL_MspInit                              0x08000559   Thumb Code    52  stm32f1xx_hal_msp.o(i.HAL_MspInit)
    HAL_NVIC_EnableIRQ                       0x08000595   Thumb Code    26  stm32f1xx_hal_cortex.o(i.HAL_NVIC_EnableIRQ)
    HAL_NVIC_SetPriority                     0x080005b1   Thumb Code    60  stm32f1xx_hal_cortex.o(i.HAL_NVIC_SetPriority)
    HAL_NVIC_SetPriorityGrouping             0x080005f1   Thumb Code    26  stm32f1xx_hal_cortex.o(i.HAL_NVIC_SetPriorityGrouping)
    HAL_RCC_ClockConfig                      0x08000615   Thumb Code   280  stm32f1xx_hal_rcc.o(i.HAL_RCC_ClockConfig)
    HAL_RCC_GetPCLK1Freq                     0x08000741   Thumb Code    20  stm32f1xx_hal_rcc.o(i.HAL_RCC_GetPCLK1Freq)
    HAL_RCC_GetPCLK2Freq                     0x08000761   Thumb Code    20  stm32f1xx_hal_rcc.o(i.HAL_RCC_GetPCLK2Freq)
    HAL_RCC_GetSysClockFreq                  0x08000781   Thumb Code    58  stm32f1xx_hal_rcc.o(i.HAL_RCC_GetSysClockFreq)
    HAL_RCC_OscConfig                        0x080007cd   Thumb Code   778  stm32f1xx_hal_rcc.o(i.HAL_RCC_OscConfig)
    HAL_SYSTICK_Config                       0x08000aed   Thumb Code    40  stm32f1xx_hal_cortex.o(i.HAL_SYSTICK_Config)
    HAL_TIMEx_BreakCallback                  0x08000b15   Thumb Code     2  stm32f1xx_hal_tim_ex.o(i.HAL_TIMEx_BreakCallback)
    HAL_TIMEx_CommutCallback                 0x08000b17   Thumb Code     2  stm32f1xx_hal_tim_ex.o(i.HAL_TIMEx_CommutCallback)
    HAL_TIMEx_MasterConfigSynchronization    0x08000b19   Thumb Code    92  stm32f1xx_hal_tim_ex.o(i.HAL_TIMEx_MasterConfigSynchronization)
    HAL_TIM_Base_Init                        0x08000b81   Thumb Code    90  stm32f1xx_hal_tim.o(i.HAL_TIM_Base_Init)
    HAL_TIM_Base_MspInit                     0x08000bdd   Thumb Code    86  tim.o(i.HAL_TIM_Base_MspInit)
    HAL_TIM_Base_Start_IT                    0x08000c3d   Thumb Code    76  stm32f1xx_hal_tim.o(i.HAL_TIM_Base_Start_IT)
    HAL_TIM_ConfigClockSource                0x08000c95   Thumb Code   220  stm32f1xx_hal_tim.o(i.HAL_TIM_ConfigClockSource)
    HAL_TIM_IC_CaptureCallback               0x08000d71   Thumb Code     2  stm32f1xx_hal_tim.o(i.HAL_TIM_IC_CaptureCallback)
    HAL_TIM_IRQHandler                       0x08000d73   Thumb Code   358  stm32f1xx_hal_tim.o(i.HAL_TIM_IRQHandler)
    HAL_TIM_OC_DelayElapsedCallback          0x08000ed9   Thumb Code     2  stm32f1xx_hal_tim.o(i.HAL_TIM_OC_DelayElapsedCallback)
    HAL_TIM_PWM_PulseFinishedCallback        0x08000edb   Thumb Code     2  stm32f1xx_hal_tim.o(i.HAL_TIM_PWM_PulseFinishedCallback)
    HAL_TIM_PeriodElapsedCallback            0x08000edd   Thumb Code    46  modbus_slave.o(i.HAL_TIM_PeriodElapsedCallback)
    HAL_TIM_TriggerCallback                  0x08000f15   Thumb Code     2  stm32f1xx_hal_tim.o(i.HAL_TIM_TriggerCallback)
    HAL_UARTEx_RxEventCallback               0x08000f17   Thumb Code     2  stm32f1xx_hal_uart.o(i.HAL_UARTEx_RxEventCallback)
    HAL_UART_ErrorCallback                   0x08000f19   Thumb Code     2  stm32f1xx_hal_uart.o(i.HAL_UART_ErrorCallback)
    HAL_UART_IRQHandler                      0x08000f1d   Thumb Code   616  stm32f1xx_hal_uart.o(i.HAL_UART_IRQHandler)
    HAL_UART_Init                            0x08001189   Thumb Code   100  stm32f1xx_hal_uart.o(i.HAL_UART_Init)
    HAL_UART_MspInit                         0x080011ed   Thumb Code   200  usart.o(i.HAL_UART_MspInit)
    HAL_UART_Receive                         0x080012c9   Thumb Code   172  stm32f1xx_hal_uart.o(i.HAL_UART_Receive)
    HAL_UART_Receive_IT                      0x08001375   Thumb Code    28  stm32f1xx_hal_uart.o(i.HAL_UART_Receive_IT)
    HAL_UART_RxCpltCallback                  0x08001391   Thumb Code    68  modbus_slave.o(i.HAL_UART_RxCpltCallback)
    HAL_UART_Transmit                        0x080013e5   Thumb Code   154  stm32f1xx_hal_uart.o(i.HAL_UART_Transmit)
    HAL_UART_TxCpltCallback                  0x0800147f   Thumb Code     2  stm32f1xx_hal_uart.o(i.HAL_UART_TxCpltCallback)
    HardFault_Handler                        0x08001481   Thumb Code     2  stm32f1xx_it.o(i.HardFault_Handler)
    Host2SCS                                 0x08001485   Thumb Code    26  scs.o(i.Host2SCS)
    LED_TEST                                 0x080014a5   Thumb Code    34  modbus_slave.o(i.LED_TEST)
    MODBUS_ERROR                             0x080014d1   Thumb Code    68  modbus_slave.o(i.MODBUS_ERROR)
    MODBUS_EVENT_PRO                         0x08001519   Thumb Code   120  modbus_slave.o(i.MODBUS_EVENT_PRO)
    MODBUS_FUNCTION_03                       0x08001595   Thumb Code   172  modbus_slave.o(i.MODBUS_FUNCTION_03)
    MODBUS_FUNCTION_06                       0x08001649   Thumb Code   142  modbus_slave.o(i.MODBUS_FUNCTION_06)
    MODBUS_FUNCTION_10                       0x080016dd   Thumb Code   208  modbus_slave.o(i.MODBUS_FUNCTION_10)
    MODBUS_Init                              0x080017b5   Thumb Code    38  modbus_slave.o(i.MODBUS_Init)
    MX_GPIO_Init                             0x080017e5   Thumb Code   154  gpio.o(i.MX_GPIO_Init)
    MX_TIM1_Init                             0x0800188d   Thumb Code   100  tim.o(i.MX_TIM1_Init)
    MX_TIM2_Init                             0x080018f9   Thumb Code   102  tim.o(i.MX_TIM2_Init)
    MX_USART2_UART_Init                      0x08001965   Thumb Code    52  usart.o(i.MX_USART2_UART_Init)
    MX_USART3_UART_Init                      0x080019a5   Thumb Code    54  usart.o(i.MX_USART3_UART_Init)
    MY_UART_SendByte                         0x080019e5   Thumb Code    18  modbus_slave.o(i.MY_UART_SendByte)
    MemManage_Handler                        0x080019fd   Thumb Code     2  stm32f1xx_it.o(i.MemManage_Handler)
    NMI_Handler                              0x080019ff   Thumb Code     2  stm32f1xx_it.o(i.NMI_Handler)
    PendSV_Handler                           0x08001a01   Thumb Code     2  stm32f1xx_it.o(i.PendSV_Handler)
    RS485_Send_Byte                          0x08001a11   Thumb Code    40  modbus_slave.o(i.RS485_Send_Byte)
    Read                                     0x08001a3d   Thumb Code   200  scs.o(i.Read)
    ReadCurrent                              0x08001b09   Thumb Code    38  scscl.o(i.ReadCurrent)
    ReadLoad                                 0x08001b35   Thumb Code    38  scscl.o(i.ReadLoad)
    ReadPos                                  0x08001b61   Thumb Code    38  scscl.o(i.ReadPos)
    ReadSpeed                                0x08001b8d   Thumb Code    38  scscl.o(i.ReadSpeed)
    ReadTemper                               0x08001bb9   Thumb Code    18  scscl.o(i.ReadTemper)
    ReadVoltage                              0x08001bd1   Thumb Code    18  scscl.o(i.ReadVoltage)
    SCS2Host                                 0x08001be9   Thumb Code    20  scs.o(i.SCS2Host)
    SCS_Bridge_Init                          0x08001c01   Thumb Code    40  scs_modbus_bridge.o(i.SCS_Bridge_Init)
    SCS_Bridge_OnWrite                       0x08001c2d   Thumb Code   166  scs_modbus_bridge.o(i.SCS_Bridge_OnWrite)
    SCS_Bridge_Poll_20ms                     0x08001cdd   Thumb Code   314  scs_modbus_bridge.o(i.SCS_Bridge_Poll_20ms)
    SVC_Handler                              0x08001f25   Thumb Code     2  stm32f1xx_it.o(i.SVC_Handler)
    SysTick_Handler                          0x08001f27   Thumb Code     4  stm32f1xx_it.o(i.SysTick_Handler)
    SystemClock_Config                       0x08001f2b   Thumb Code    94  main.o(i.SystemClock_Config)
    SystemInit                               0x08001f89   Thumb Code     2  system_stm32f1xx.o(i.SystemInit)
    TIM1_UP_IRQHandler                       0x08001fc1   Thumb Code     6  stm32f1xx_it.o(i.TIM1_UP_IRQHandler)
    TIM2_IRQHandler                          0x08001fcd   Thumb Code     6  stm32f1xx_it.o(i.TIM2_IRQHandler)
    TIM_Base_SetConfig                       0x08001fd9   Thumb Code    94  stm32f1xx_hal_tim.o(i.TIM_Base_SetConfig)
    TIM_ETR_SetConfig                        0x08002045   Thumb Code    20  stm32f1xx_hal_tim.o(i.TIM_ETR_SetConfig)
    UART_Start_Receive_IT                    0x08002289   Thumb Code    54  stm32f1xx_hal_uart.o(i.UART_Start_Receive_IT)
    USART2_IRQHandler                        0x08002339   Thumb Code     6  stm32f1xx_it.o(i.USART2_IRQHandler)
    USART3_IRQHandler                        0x08002345   Thumb Code     6  stm32f1xx_it.o(i.USART3_IRQHandler)
    UsageFault_Handler                       0x08002351   Thumb Code     2  stm32f1xx_it.o(i.UsageFault_Handler)
    WritePos                                 0x08002353   Thumb Code    58  scscl.o(i.WritePos)
    __scatterload_copy                       0x080023ad   Thumb Code    14  handlers.o(i.__scatterload_copy)
    __scatterload_null                       0x080023bb   Thumb Code     2  handlers.o(i.__scatterload_null)
    __scatterload_zeroinit                   0x080023bd   Thumb Code    14  handlers.o(i.__scatterload_zeroinit)
    checkHead                                0x080023cb   Thumb Code    56  scs.o(i.checkHead)
    crc16                                    0x08002405   Thumb Code    40  modbus_slave.o(i.crc16)
    ftBus_Delay                              0x08002431   Thumb Code     6  scs_port_hal.o(i.ftBus_Delay)
    ftUart_Read                              0x08002439   Thumb Code    26  scs_port_hal.o(i.ftUart_Read)
    ftUart_Send                              0x08002459   Thumb Code    14  scs_port_hal.o(i.ftUart_Send)
    genWrite                                 0x0800246d   Thumb Code    44  scs.o(i.genWrite)
    main                                     0x08002499   Thumb Code    38  main.o(i.main)
    rFlushSCS                                0x080024c5   Thumb Code     4  scserail.o(i.rFlushSCS)
    readByte                                 0x080024c9   Thumb Code    26  scs.o(i.readByte)
    readSCS                                  0x080024e3   Thumb Code     4  scserail.o(i.readSCS)
    readWord                                 0x080024e7   Thumb Code    36  scs.o(i.readWord)
    setEnd                                   0x0800250d   Thumb Code     6  scs.o(i.setEnd)
    wFlushSCS                                0x0800252d   Thumb Code    22  scserail.o(i.wFlushSCS)
    writeBuf                                 0x08002561   Thumb Code   148  scs.o(i.writeBuf)
    writeByte                                0x080025f5   Thumb Code    42  scs.o(i.writeByte)
    writeSCS                                 0x08002621   Thumb Code    32  scserail.o(i.writeSCS)
    AHBPrescTable                            0x0800265a   Data          16  system_stm32f1xx.o(.constdata)
    APBPrescTable                            0x0800266a   Data           8  system_stm32f1xx.o(.constdata)
    auchCRCHi                                0x08002672   Data         256  modbus_slave.o(.constdata)
    auchCRCLo                                0x08002772   Data         256  modbus_slave.o(.constdata)
    Region$$Table$$Base                      0x08002874   Number         0  anon$$obj.o(Region$$Table)
    Region$$Table$$Limit                     0x08002894   Number         0  anon$$obj.o(Region$$Table)
    uwTickFreq                               0x20000000   Data           1  stm32f1xx_hal.o(.data)
    uwTickPrio                               0x20000004   Data           4  stm32f1xx_hal.o(.data)
    uwTick                                   0x20000008   Data           4  stm32f1xx_hal.o(.data)
    SystemCoreClock                          0x2000000c   Data           4  system_stm32f1xx.o(.data)
    system                                   0x20000010   Data           8  my_system.o(.data)
    ch                                       0x20000018   Data           1  my_system.o(.data)
    syncReadRxPacketIndex                    0x20000020   Data           1  scs.o(.data)
    syncReadRxPacketLen                      0x20000021   Data           1  scs.o(.data)
    syncReadRxBuffLen                        0x20000022   Data           2  scs.o(.data)
    syncReadRxBuffMax                        0x20000024   Data           2  scs.o(.data)
    syncReadRxPacket                         0x20000028   Data           4  scs.o(.data)
    syncReadRxBuff                           0x2000002c   Data           4  scs.o(.data)
    wLen                                     0x2000003c   Data           1  scserail.o(.data)
    htim1                                    0x20000040   Data          72  tim.o(.bss)
    htim2                                    0x20000088   Data          72  tim.o(.bss)
    huart2                                   0x200000d0   Data          72  usart.o(.bss)
    huart3                                   0x20000118   Data          72  usart.o(.bss)
    MODBUS_Reg                               0x20000160   Data        1024  modbus_slave.o(.bss)
    modbus                                   0x20000560   Data         208  modbus_slave.o(.bss)
    wBuf                                     0x2000063f   Data         128  scserail.o(.bss)
    __initial_sp                             0x20000ac0   Data           0  startup_stm32f103xb.o(STACK)



==============================================================================

Memory Map of the image

  Image Entry point : 0x080000ed

  Load Region LR_IROM1 (Base: 0x08000000, Size: 0x000028d4, Max: 0x00010000, ABSOLUTE)

    Execution Region ER_IROM1 (Exec base: 0x08000000, Load base: 0x08000000, Size: 0x00002894, Max: 0x00010000, ABSOLUTE)

    Exec Addr    Load Addr    Size         Type   Attr      Idx    E Section Name        Object

    0x08000000   0x08000000   0x000000ec   Data   RO            3    RESET               startup_stm32f103xb.o
    0x080000ec   0x080000ec   0x00000000   Code   RO         3405  * .ARM.Collect$$$$00000000  mc_w.l(entry.o)
    0x080000ec   0x080000ec   0x00000004   Code   RO         3440    .ARM.Collect$$$$00000001  mc_w.l(entry2.o)
    0x080000f0   0x080000f0   0x00000004   Code   RO         3443    .ARM.Collect$$$$00000004  mc_w.l(entry5.o)
    0x080000f4   0x080000f4   0x00000000   Code   RO         3445    .ARM.Collect$$$$00000008  mc_w.l(entry7b.o)
    0x080000f4   0x080000f4   0x00000000   Code   RO         3447    .ARM.Collect$$$$0000000A  mc_w.l(entry8b.o)
    0x080000f4   0x080000f4   0x00000008   Code   RO         3448    .ARM.Collect$$$$0000000B  mc_w.l(entry9a.o)
    0x080000fc   0x080000fc   0x00000000   Code   RO         3450    .ARM.Collect$$$$0000000D  mc_w.l(entry10a.o)
    0x080000fc   0x080000fc   0x00000000   Code   RO         3452    .ARM.Collect$$$$0000000F  mc_w.l(entry11a.o)
    0x080000fc   0x080000fc   0x00000004   Code   RO         3441    .ARM.Collect$$$$00002712  mc_w.l(entry2.o)
    0x08000100   0x08000100   0x00000024   Code   RO            4    .text               startup_stm32f103xb.o
    0x08000124   0x08000124   0x00000024   Code   RO         3410    .text               mc_w.l(memseta.o)
    0x08000148   0x08000148   0x00000024   Code   RO         3460    .text               mc_w.l(init.o)
    0x0800016c   0x0800016c   0x0000006c   Code   RO         2960    i.Ack               scs.o
    0x080001d8   0x080001d8   0x00000002   Code   RO          276    i.BusFault_Handler  stm32f1xx_it.o
    0x080001da   0x080001da   0x00000002   Code   RO          277    i.DebugMon_Handler  stm32f1xx_it.o
    0x080001dc   0x080001dc   0x00000008   Code   RO         3240    i.EnableTorque      scscl.o
    0x080001e4   0x080001e4   0x00000004   Code   RO           13    i.Error_Handler     main.o
    0x080001e8   0x080001e8   0x00000046   Code   RO         1790    i.HAL_DMA_Abort     stm32f1xx_hal_dma.o
    0x0800022e   0x0800022e   0x00000002   PAD
    0x08000230   0x08000230   0x00000098   Code   RO         1791    i.HAL_DMA_Abort_IT  stm32f1xx_hal_dma.o
    0x080002c8   0x080002c8   0x00000024   Code   RO         1416    i.HAL_Delay         stm32f1xx_hal.o
    0x080002ec   0x080002ec   0x000001e0   Code   RO         1726    i.HAL_GPIO_Init     stm32f1xx_hal_gpio.o
    0x080004cc   0x080004cc   0x0000000a   Code   RO         1730    i.HAL_GPIO_WritePin  stm32f1xx_hal_gpio.o
    0x080004d6   0x080004d6   0x00000002   PAD
    0x080004d8   0x080004d8   0x0000000c   Code   RO         1420    i.HAL_GetTick       stm32f1xx_hal.o
    0x080004e4   0x080004e4   0x00000010   Code   RO         1426    i.HAL_IncTick       stm32f1xx_hal.o
    0x080004f4   0x080004f4   0x00000024   Code   RO         1427    i.HAL_Init          stm32f1xx_hal.o
    0x08000518   0x08000518   0x00000040   Code   RO         1428    i.HAL_InitTick      stm32f1xx_hal.o
    0x08000558   0x08000558   0x0000003c   Code   RO          376    i.HAL_MspInit       stm32f1xx_hal_msp.o
    0x08000594   0x08000594   0x0000001a   Code   RO         1886    i.HAL_NVIC_EnableIRQ  stm32f1xx_hal_cortex.o
    0x080005ae   0x080005ae   0x00000002   PAD
    0x080005b0   0x080005b0   0x00000040   Code   RO         1892    i.HAL_NVIC_SetPriority  stm32f1xx_hal_cortex.o
    0x080005f0   0x080005f0   0x00000024   Code   RO         1893    i.HAL_NVIC_SetPriorityGrouping  stm32f1xx_hal_cortex.o
    0x08000614   0x08000614   0x0000012c   Code   RO         1584    i.HAL_RCC_ClockConfig  stm32f1xx_hal_rcc.o
    0x08000740   0x08000740   0x00000020   Code   RO         1591    i.HAL_RCC_GetPCLK1Freq  stm32f1xx_hal_rcc.o
    0x08000760   0x08000760   0x00000020   Code   RO         1592    i.HAL_RCC_GetPCLK2Freq  stm32f1xx_hal_rcc.o
    0x08000780   0x08000780   0x0000004c   Code   RO         1593    i.HAL_RCC_GetSysClockFreq  stm32f1xx_hal_rcc.o
    0x080007cc   0x080007cc   0x00000320   Code   RO         1596    i.HAL_RCC_OscConfig  stm32f1xx_hal_rcc.o
    0x08000aec   0x08000aec   0x00000028   Code   RO         1897    i.HAL_SYSTICK_Config  stm32f1xx_hal_cortex.o
    0x08000b14   0x08000b14   0x00000002   Code   RO         1142    i.HAL_TIMEx_BreakCallback  stm32f1xx_hal_tim_ex.o
    0x08000b16   0x08000b16   0x00000002   Code   RO         1143    i.HAL_TIMEx_CommutCallback  stm32f1xx_hal_tim_ex.o
    0x08000b18   0x08000b18   0x00000068   Code   RO         1161    i.HAL_TIMEx_MasterConfigSynchronization  stm32f1xx_hal_tim_ex.o
    0x08000b80   0x08000b80   0x0000005a   Code   RO          438    i.HAL_TIM_Base_Init  stm32f1xx_hal_tim.o
    0x08000bda   0x08000bda   0x00000002   PAD
    0x08000bdc   0x08000bdc   0x00000060   Code   RO          181    i.HAL_TIM_Base_MspInit  tim.o
    0x08000c3c   0x08000c3c   0x00000058   Code   RO          443    i.HAL_TIM_Base_Start_IT  stm32f1xx_hal_tim.o
    0x08000c94   0x08000c94   0x000000dc   Code   RO          447    i.HAL_TIM_ConfigClockSource  stm32f1xx_hal_tim.o
    0x08000d70   0x08000d70   0x00000002   Code   RO          472    i.HAL_TIM_IC_CaptureCallback  stm32f1xx_hal_tim.o
    0x08000d72   0x08000d72   0x00000166   Code   RO          486    i.HAL_TIM_IRQHandler  stm32f1xx_hal_tim.o
    0x08000ed8   0x08000ed8   0x00000002   Code   RO          489    i.HAL_TIM_OC_DelayElapsedCallback  stm32f1xx_hal_tim.o
    0x08000eda   0x08000eda   0x00000002   Code   RO          516    i.HAL_TIM_PWM_PulseFinishedCallback  stm32f1xx_hal_tim.o
    0x08000edc   0x08000edc   0x00000038   Code   RO         2787    i.HAL_TIM_PeriodElapsedCallback  modbus_slave.o
    0x08000f14   0x08000f14   0x00000002   Code   RO          529    i.HAL_TIM_TriggerCallback  stm32f1xx_hal_tim.o
    0x08000f16   0x08000f16   0x00000002   Code   RO         2398    i.HAL_UARTEx_RxEventCallback  stm32f1xx_hal_uart.o
    0x08000f18   0x08000f18   0x00000002   Code   RO         2412    i.HAL_UART_ErrorCallback  stm32f1xx_hal_uart.o
    0x08000f1a   0x08000f1a   0x00000002   PAD
    0x08000f1c   0x08000f1c   0x0000026c   Code   RO         2415    i.HAL_UART_IRQHandler  stm32f1xx_hal_uart.o
    0x08001188   0x08001188   0x00000064   Code   RO         2416    i.HAL_UART_Init     stm32f1xx_hal_uart.o
    0x080011ec   0x080011ec   0x000000dc   Code   RO          229    i.HAL_UART_MspInit  usart.o
    0x080012c8   0x080012c8   0x000000ac   Code   RO         2419    i.HAL_UART_Receive  stm32f1xx_hal_uart.o
    0x08001374   0x08001374   0x0000001c   Code   RO         2421    i.HAL_UART_Receive_IT  stm32f1xx_hal_uart.o
    0x08001390   0x08001390   0x00000054   Code   RO         2788    i.HAL_UART_RxCpltCallback  modbus_slave.o
    0x080013e4   0x080013e4   0x0000009a   Code   RO         2424    i.HAL_UART_Transmit  stm32f1xx_hal_uart.o
    0x0800147e   0x0800147e   0x00000002   Code   RO         2427    i.HAL_UART_TxCpltCallback  stm32f1xx_hal_uart.o
    0x08001480   0x08001480   0x00000002   Code   RO          278    i.HardFault_Handler  stm32f1xx_it.o
    0x08001482   0x08001482   0x00000002   PAD
    0x08001484   0x08001484   0x00000020   Code   RO         2961    i.Host2SCS          scs.o
    0x080014a4   0x080014a4   0x0000002c   Code   RO         2791    i.LED_TEST          modbus_slave.o
    0x080014d0   0x080014d0   0x00000048   Code   RO         2793    i.MODBUS_ERROR      modbus_slave.o
    0x08001518   0x08001518   0x0000007c   Code   RO         2794    i.MODBUS_EVENT_PRO  modbus_slave.o
    0x08001594   0x08001594   0x000000b4   Code   RO         2795    i.MODBUS_FUNCTION_03  modbus_slave.o
    0x08001648   0x08001648   0x00000094   Code   RO         2796    i.MODBUS_FUNCTION_06  modbus_slave.o
    0x080016dc   0x080016dc   0x000000d8   Code   RO         2797    i.MODBUS_FUNCTION_10  modbus_slave.o
    0x080017b4   0x080017b4   0x00000030   Code   RO         2798    i.MODBUS_Init       modbus_slave.o
    0x080017e4   0x080017e4   0x000000a8   Code   RO          156    i.MX_GPIO_Init      gpio.o
    0x0800188c   0x0800188c   0x0000006c   Code   RO          182    i.MX_TIM1_Init      tim.o
    0x080018f8   0x080018f8   0x0000006c   Code   RO          183    i.MX_TIM2_Init      tim.o
    0x08001964   0x08001964   0x00000040   Code   RO          230    i.MX_USART2_UART_Init  usart.o
    0x080019a4   0x080019a4   0x00000040   Code   RO          231    i.MX_USART3_UART_Init  usart.o
    0x080019e4   0x080019e4   0x00000018   Code   RO         2800    i.MY_UART_SendByte  modbus_slave.o
    0x080019fc   0x080019fc   0x00000002   Code   RO          279    i.MemManage_Handler  stm32f1xx_it.o
    0x080019fe   0x080019fe   0x00000002   Code   RO          280    i.NMI_Handler       stm32f1xx_it.o
    0x08001a00   0x08001a00   0x00000002   Code   RO          281    i.PendSV_Handler    stm32f1xx_it.o
    0x08001a02   0x08001a02   0x0000000e   Code   RO         2924    i.Per_Init          my_system.o
    0x08001a10   0x08001a10   0x0000002c   Code   RO         2803    i.RS485_Send_Byte   modbus_slave.o
    0x08001a3c   0x08001a3c   0x000000cc   Code   RO         2963    i.Read              scs.o
    0x08001b08   0x08001b08   0x0000002c   Code   RO         3244    i.ReadCurrent       scscl.o
    0x08001b34   0x08001b34   0x0000002c   Code   RO         3245    i.ReadLoad          scscl.o
    0x08001b60   0x08001b60   0x0000002c   Code   RO         3247    i.ReadPos           scscl.o
    0x08001b8c   0x08001b8c   0x0000002c   Code   RO         3248    i.ReadSpeed         scscl.o
    0x08001bb8   0x08001bb8   0x00000018   Code   RO         3249    i.ReadTemper        scscl.o
    0x08001bd0   0x08001bd0   0x00000018   Code   RO         3250    i.ReadVoltage       scscl.o
    0x08001be8   0x08001be8   0x00000018   Code   RO         2965    i.SCS2Host          scs.o
    0x08001c00   0x08001c00   0x0000002c   Code   RO         3142    i.SCS_Bridge_Init   scs_modbus_bridge.o
    0x08001c2c   0x08001c2c   0x000000b0   Code   RO         3143    i.SCS_Bridge_OnWrite  scs_modbus_bridge.o
    0x08001cdc   0x08001cdc   0x00000144   Code   RO         3144    i.SCS_Bridge_Poll_20ms  scs_modbus_bridge.o
    0x08001e20   0x08001e20   0x00000068   Code   RO         3145    i.SCS_ExecWritePos  scs_modbus_bridge.o
    0x08001e88   0x08001e88   0x00000068   Code   RO         3146    i.SCS_GoAngleDeg    scs_modbus_bridge.o
    0x08001ef0   0x08001ef0   0x00000034   Code   RO         3147    i.SCS_LoopStartNow  scs_modbus_bridge.o
    0x08001f24   0x08001f24   0x00000002   Code   RO          282    i.SVC_Handler       stm32f1xx_it.o
    0x08001f26   0x08001f26   0x00000004   Code   RO          283    i.SysTick_Handler   stm32f1xx_it.o
    0x08001f2a   0x08001f2a   0x0000005e   Code   RO           14    i.SystemClock_Config  main.o
    0x08001f88   0x08001f88   0x00000002   Code   RO         2750    i.SystemInit        system_stm32f1xx.o
    0x08001f8a   0x08001f8a   0x00000002   PAD
    0x08001f8c   0x08001f8c   0x00000034   Code   RO         2925    i.System_Run        my_system.o
    0x08001fc0   0x08001fc0   0x0000000c   Code   RO          284    i.TIM1_UP_IRQHandler  stm32f1xx_it.o
    0x08001fcc   0x08001fcc   0x0000000c   Code   RO          285    i.TIM2_IRQHandler   stm32f1xx_it.o
    0x08001fd8   0x08001fd8   0x0000006c   Code   RO          531    i.TIM_Base_SetConfig  stm32f1xx_hal_tim.o
    0x08002044   0x08002044   0x00000014   Code   RO          542    i.TIM_ETR_SetConfig  stm32f1xx_hal_tim.o
    0x08002058   0x08002058   0x00000010   Code   RO          543    i.TIM_ITRx_SetConfig  stm32f1xx_hal_tim.o
    0x08002068   0x08002068   0x00000022   Code   RO          549    i.TIM_TI1_ConfigInputStage  stm32f1xx_hal_tim.o
    0x0800208a   0x0800208a   0x00000024   Code   RO          551    i.TIM_TI2_ConfigInputStage  stm32f1xx_hal_tim.o
    0x080020ae   0x080020ae   0x00000010   Code   RO         2429    i.UART_DMAAbortOnError  stm32f1xx_hal_uart.o
    0x080020be   0x080020be   0x0000004e   Code   RO         2439    i.UART_EndRxTransfer  stm32f1xx_hal_uart.o
    0x0800210c   0x0800210c   0x000000c2   Code   RO         2441    i.UART_Receive_IT   stm32f1xx_hal_uart.o
    0x080021ce   0x080021ce   0x00000002   PAD
    0x080021d0   0x080021d0   0x000000b8   Code   RO         2442    i.UART_SetConfig    stm32f1xx_hal_uart.o
    0x08002288   0x08002288   0x00000036   Code   RO         2444    i.UART_Start_Receive_IT  stm32f1xx_hal_uart.o
    0x080022be   0x080022be   0x00000078   Code   RO         2445    i.UART_WaitOnFlagUntilTimeout  stm32f1xx_hal_uart.o
    0x08002336   0x08002336   0x00000002   PAD
    0x08002338   0x08002338   0x0000000c   Code   RO          286    i.USART2_IRQHandler  stm32f1xx_it.o
    0x08002344   0x08002344   0x0000000c   Code   RO          287    i.USART3_IRQHandler  stm32f1xx_it.o
    0x08002350   0x08002350   0x00000002   Code   RO          288    i.UsageFault_Handler  stm32f1xx_it.o
    0x08002352   0x08002352   0x0000003a   Code   RO         3255    i.WritePos          scscl.o
    0x0800238c   0x0800238c   0x00000020   Code   RO         1899    i.__NVIC_SetPriority  stm32f1xx_hal_cortex.o
    0x080023ac   0x080023ac   0x0000000e   Code   RO         3464    i.__scatterload_copy  mc_w.l(handlers.o)
    0x080023ba   0x080023ba   0x00000002   Code   RO         3465    i.__scatterload_null  mc_w.l(handlers.o)
    0x080023bc   0x080023bc   0x0000000e   Code   RO         3466    i.__scatterload_zeroinit  mc_w.l(handlers.o)
    0x080023ca   0x080023ca   0x00000038   Code   RO         2966    i.checkHead         scs.o
    0x08002402   0x08002402   0x00000002   PAD
    0x08002404   0x08002404   0x0000002c   Code   RO         2804    i.crc16             modbus_slave.o
    0x08002430   0x08002430   0x00000006   Code   RO         3207    i.ftBus_Delay       scs_port_hal.o
    0x08002436   0x08002436   0x00000002   PAD
    0x08002438   0x08002438   0x00000020   Code   RO         3208    i.ftUart_Read       scs_port_hal.o
    0x08002458   0x08002458   0x00000014   Code   RO         3209    i.ftUart_Send       scs_port_hal.o
    0x0800246c   0x0800246c   0x0000002c   Code   RO         2967    i.genWrite          scs.o
    0x08002498   0x08002498   0x0000002c   Code   RO           15    i.main              main.o
    0x080024c4   0x080024c4   0x00000004   Code   RO         3356    i.rFlushSCS         scserail.o
    0x080024c8   0x080024c8   0x0000001a   Code   RO         2971    i.readByte          scs.o
    0x080024e2   0x080024e2   0x00000004   Code   RO         3357    i.readSCS           scserail.o
    0x080024e6   0x080024e6   0x00000024   Code   RO         2972    i.readWord          scs.o
    0x0800250a   0x0800250a   0x00000002   PAD
    0x0800250c   0x0800250c   0x0000000c   Code   RO         2975    i.setEnd            scs.o
    0x08002518   0x08002518   0x00000014   Code   RO         3148    i.sid               scs_modbus_bridge.o
    0x0800252c   0x0800252c   0x00000020   Code   RO         3358    i.wFlushSCS         scserail.o
    0x0800254c   0x0800254c   0x00000014   Code   RO         2805    i.wait_tx_tc        modbus_slave.o
    0x08002560   0x08002560   0x00000094   Code   RO         2984    i.writeBuf          scs.o
    0x080025f4   0x080025f4   0x0000002a   Code   RO         2985    i.writeByte         scs.o
    0x0800261e   0x0800261e   0x00000002   PAD
    0x08002620   0x08002620   0x00000028   Code   RO         3360    i.writeSCS          scserail.o
    0x08002648   0x08002648   0x00000012   Data   RO         1597    .constdata          stm32f1xx_hal_rcc.o
    0x0800265a   0x0800265a   0x00000010   Data   RO         2751    .constdata          system_stm32f1xx.o
    0x0800266a   0x0800266a   0x00000008   Data   RO         2752    .constdata          system_stm32f1xx.o
    0x08002672   0x08002672   0x00000200   Data   RO         2807    .constdata          modbus_slave.o
    0x08002872   0x08002872   0x00000002   PAD
    0x08002874   0x08002874   0x00000020   Data   RO         3462    Region$$Table       anon$$obj.o


    Execution Region RW_IRAM1 (Exec base: 0x20000000, Load base: 0x08002894, Size: 0x00000ac0, Max: 0x00005000, ABSOLUTE)

    Exec Addr    Load Addr    Size         Type   Attr      Idx    E Section Name        Object

    0x20000000   0x08002894   0x0000000c   Data   RW         1434    .data               stm32f1xx_hal.o
    0x2000000c   0x080028a0   0x00000004   Data   RW         2753    .data               system_stm32f1xx.o
    0x20000010   0x080028a4   0x00000008   Data   RW         2926    .data               my_system.o
    0x20000018   0x080028ac   0x00000001   Data   RW         2927    .data               my_system.o
    0x20000019   0x080028ad   0x00000003   PAD
    0x2000001c   0x080028b0   0x00000014   Data   RW         2987    .data               scs.o
    0x20000030   0x080028c4   0x0000000c   Data   RW         3149    .data               scs_modbus_bridge.o
    0x2000003c   0x080028d0   0x00000001   Data   RW         3362    .data               scserail.o
    0x2000003d   0x080028d1   0x00000003   PAD
    0x20000040        -       0x00000090   Zero   RW          184    .bss                tim.o
    0x200000d0        -       0x00000090   Zero   RW          232    .bss                usart.o
    0x20000160        -       0x000004d0   Zero   RW         2806    .bss                modbus_slave.o
    0x20000630        -       0x0000000f   Zero   RW         3257    .bss                scscl.o
    0x2000063f        -       0x00000080   Zero   RW         3361    .bss                scserail.o
    0x200006bf   0x080028d1   0x00000001   PAD
    0x200006c0        -       0x00000400   Zero   RW            1    STACK               startup_stm32f103xb.o


==============================================================================

Image component sizes


      Code (inc. data)   RO Data    RW Data    ZI Data      Debug   Object Name

       168         14          0          0          0       1023   gpio.o
       142          6          0          0          0     427900   main.o
      1104         96        512          0       1232      11188   modbus_slave.o
        66         14          0          9          0       1588   my_system.o
       732         26          0         20          0       8402   scs.o
       824         54          0         12          0       6195   scs_modbus_bridge.o
        58         12          0          0          0       2006   scs_port_hal.o
       290         36          0          0         15       5176   scscl.o
        80         18          0          1        128       2693   scserail.o
        36          8        236          0       1024        832   startup_stm32f103xb.o
       164         28          0         12          0       6133   stm32f1xx_hal.o
       198         14          0          0          0      29115   stm32f1xx_hal_cortex.o
       222          4          0          0          0       1855   stm32f1xx_hal_dma.o
       490         34          0          0          0       2976   stm32f1xx_hal_gpio.o
        60          8          0          0          0        930   stm32f1xx_hal_msp.o
      1240         84         18          0          0       5284   stm32f1xx_hal_rcc.o
       978         26          0          0          0      10149   stm32f1xx_hal_tim.o
       108         12          0          0          0       2517   stm32f1xx_hal_tim_ex.o
      1726         10          0          0          0      12415   stm32f1xx_hal_uart.o
        68         24          0          0          0       5981   stm32f1xx_it.o
         2          0         24          4          0       1203   system_stm32f1xx.o
       312         24          0          0        144       2503   tim.o
       348         42          0          0        144       2439   usart.o

    ----------------------------------------------------------------------
      9442        594        824         64       2688     550503   Object Totals
         0          0         32          0          0          0   (incl. Generated)
        26          0          2          6          1          0   (incl. Padding)

    ----------------------------------------------------------------------

      Code (inc. data)   RO Data    RW Data    ZI Data      Debug   Library Member Name

         0          0          0          0          0          0   entry.o
         0          0          0          0          0          0   entry10a.o
         0          0          0          0          0          0   entry11a.o
         8          4          0          0          0          0   entry2.o
         4          0          0          0          0          0   entry5.o
         0          0          0          0          0          0   entry7b.o
         0          0          0          0          0          0   entry8b.o
         8          4          0          0          0          0   entry9a.o
        30          0          0          0          0          0   handlers.o
        36          8          0          0          0         68   init.o
        36          0          0          0          0        108   memseta.o

    ----------------------------------------------------------------------
       122         16          0          0          0        176   Library Totals
         0          0          0          0          0          0   (incl. Padding)

    ----------------------------------------------------------------------

      Code (inc. data)   RO Data    RW Data    ZI Data      Debug   Library Name

       122         16          0          0          0        176   mc_w.l

    ----------------------------------------------------------------------
       122         16          0          0          0        176   Library Totals

    ----------------------------------------------------------------------

==============================================================================


      Code (inc. data)   RO Data    RW Data    ZI Data      Debug   

      9564        610        824         64       2688     544747   Grand Totals
      9564        610        824         64       2688     544747   ELF Image Totals
      9564        610        824         64          0          0   ROM Totals

==============================================================================

    Total RO  Size (Code + RO Data)                10388 (  10.14kB)
    Total RW  Size (RW Data + ZI Data)              2752 (   2.69kB)
    Total ROM Size (Code + RO Data + RW Data)      10452 (  10.21kB)

==============================================================================

